{"phase": "untar", "start_time": 1791314065.882171, "states": {"rocks": {"ready": true, "finished": null}, "fdb": {"ready": true, "finished": null}, "tikv": {"ready": true, "finished": null}}}
{"waiting": "filesystem", "states": {"rocks": {"ready": false, "finished": null}, "fdb": {"ready": false, "finished": null}, "tikv": {"ready": false, "finished": null}}, "time": 1791314053.1314392}
{"waiting": "filesystem", "states": {"rocks": {"ready": false, "finished": null}, "fdb": {"ready": false, "finished": null}, "tikv": {"ready": false, "finished": null}}, "time": 1791314064.268159}
{"waiting": "filesystem", "states": {"rocks": {"ready": false, "finished": null}, "fdb": {"ready": false, "finished": null}, "tikv": {"ready": false, "finished": null}}, "time": 1791314075.427362}
{"waiting": "filesystem", "states": {"rocks": {"ready": true, "finished": null}, "fdb": {"ready": false, "finished": null}, "tikv": {"ready": false, "finished": null}}, "time": 1791314086.581822}
{"waiting": "filesystem", "states": {"rocks": {"ready": true, "finished": null}, "fdb": {"ready": false, "finished": null}, "tikv": {"ready": true, "finished": null}}, "time": 1791314098.087788}
{"waiting": "filesystem", "states": {"rocks": {"ready": true, "finished": null}, "fdb": {"ready": false, "finished": null}, "tikv": {"ready": true, "finished": null}}, "time": 1791314109.332777}
{"phase": "filesystem", "start_time": 1791314135.563445, "states": {"rocks": {"ready": true, "finished": null}, "fdb": {"ready": true, "finished": null}, "tikv": {"ready": true, "finished": null}}}
{"waiting": "search", "states": {"rocks": {"ready": false, "finished": null}, "fdb": {"ready": false, "finished": null}, "tikv": {"ready": false, "finished": null}}, "time": 1791314122.940496}
{"waiting": "search", "states": {"rocks": {"ready": false, "finished": null}, "fdb": {"ready": false, "finished": null}, "tikv": {"ready": false, "finished": null}}, "time": 1791314134.161709}
{"waiting": "search", "states": {"rocks": {"ready": false, "finished": null}, "fdb": {"ready": false, "finished": null}, "tikv": {"ready": false, "finished": null}}, "time": 1791314145.32344}
{"phase": "search", "start_time": 1791314171.482982, "states": {"rocks": {"ready": true, "finished": null}, "fdb": {"ready": true, "finished": null}, "tikv": {"ready": true, "finished": null}}}
{"waiting": "finished", "states": {"rocks": {"ready": false, "finished": null}, "fdb": {"ready": false, "finished": null}, "tikv": {"ready": false, "finished": null}}, "time": 1791314159.001824}
{"waiting": "finished", "states": {"rocks": {"ready": false, "finished": null}, "fdb": {"ready": false, "finished": null}, "tikv": {"ready": false, "finished": null}}, "time": 1791314170.147864}
rocks {
  "backend": "rocks",
  "passed": true,
  "phases": {
    "untar": {
      "target_start_time": 1791314065.882171,
      "actual_start_time": 1791314065.8822641,
      "end_time": 1791314076.5613377
    },
    "filesystem": {
      "target_start_time": 1791314135.563445,
      "actual_start_time": 1791314135.5635355,
      "end_time": 1791314148.2952683
    },
    "search": {
      "target_start_time": 1791314171.482982,
      "actual_start_time": 1791314171.4830723,
      "end_time": 1791314171.577631
    }
  },
  "settings": {
    "backend": "rocks",
    "endpoint": "https://10.150.0.3:7443",
    "search_host": "10.150.0.3",
    "search_port": 7447,
    "tenant": "bench",
    "content_cache_bytes": 268435456,
    "metadata_cache_bytes": 134217728,
    "warm_runs": 3,
    "search_repeats": 10
  },
  "manifest_sha256": "67fdf87da1a1b94bc1f6482f00b912c1010d512a907846e5747ba9c893d8a3c1",
  "files": 10000,
  "document_bytes": 177499149,
  "untar_mount_command": [
    "/srv/dfs/bin/mount-rocks",
    "--endpoint",
    "https://10.150.0.3:7443",
    "--token-file",
    "/srv/dfs/config/admin.token",
    "--ca",
    "/srv/dfs/config/ca.crt",
    "--mountpoint",
    "/srv/dfs/mount",
    "--content-cache-bytes",
    "268435456",
    "--metrics-file",
    "/srv/dfs/evidence/iterations/buffer-06/client/untar-mount-metrics.json",
    "--read-concurrency",
    "8"
  ],
  "untar_mount_startup_ms": 52.49693299992941,
  "untar": {
    "extraction_ms": 4621.542988,
    "extraction_plus_sync_ms": 4894.610732,
    "open_fsync_close_all_files_ms": 273.067744,
    "file_count_including_manifest": 10001,
    "all_hashes_verified": true
  },
  "untar_unmount": {
    "exit_code": 0,
    "unmounted": true
  },
  "index_after_untar": {
    "wait_ms": 6.62093099890626,
    "response": {
      "engine": "tantivy",
      "incomplete": false,
      "indexed_through": {
        "head": 10414,
        "incarnation": "300f9a6283954cdfafbb0b7a240f6983",
        "tenant": "bench"
      }
    }
  },
  "filesystem_mount_command": [
    "/srv/dfs/bin/mount-rocks",
    "--endpoint",
    "https://10.150.0.3:7443",
    "--token-file",
    "/srv/dfs/config/admin.token",
    "--ca",
    "/srv/dfs/config/ca.crt",
    "--mountpoint",
    "/srv/dfs/mount",
    "--content-cache-bytes",
    "268435456",
    "--metrics-file",
    "/srv/dfs/evidence/iterations/buffer-06/client/filesystem-mount-metrics.json",
    "--read-concurrency",
    "8"
  ],
  "filesystem_mount_startup_ms": 86.02297399920644,
  "filesystem_unmount": {
    "exit_code": 0,
    "unmounted": true
  },
  "index_after_filesystem": {
    "wait_ms": 8.377284000744112,
    "response": {
      "engine": "tantivy",
      "incomplete": false,
      "indexed_through": {
        "head": 10480,
        "incarnation": "300f9a6283954cdfafbb0b7a240f6983",
        "tenant": "bench"
      }
    }
  },
  "resources_scope": "all phases",
  "resources": {
    "memory.current": "222363648\n",
    "memory.peak": "477405184\n",
    "memory.max": "6442450944\n",
    "memory.swap.max": "0\n",
    "cpu.stat": "usage_usec 24039274\nuser_usec 12376600\nsystem_usec 11662673\nnice_usec 0\ncore_sched.force_idle_usec 0\nnr_periods 0\nnr_throttled 0\nthrottled_usec 0\nnr_bursts 0\nburst_usec 0\n",
    "cpuset.cpus.effective": "0-7\n"
  },
  "scope": "untar, filesystem, search",
  "iteration": "buffer-06"
}

fdb {
  "backend": "fdb",
  "passed": true,
  "phases": {
    "untar": {
      "target_start_time": 1791314065.882171,
      "actual_start_time": 1791314065.8822653,
      "end_time": 1791314111.4693406
    },
    "filesystem": {
      "target_start_time": 1791314135.563445,
      "actual_start_time": 1791314135.563596,
      "end_time": 1791314150.274143
    },
    "search": {
      "target_start_time": 1791314171.482982,
      "actual_start_time": 1791314171.4830961,
      "end_time": 1791314173.1599903
    }
  },
  "settings": {
    "backend": "fdb",
    "endpoint": "https://10.150.0.17:7443",
    "search_host": "10.150.0.17",
    "search_port": 7447,
    "tenant": "bench",
    "content_cache_bytes": 268435456,
    "metadata_cache_bytes": 134217728,
    "warm_runs": 3,
    "search_repeats": 10
  },
  "manifest_sha256": "67fdf87da1a1b94bc1f6482f00b912c1010d512a907846e5747ba9c893d8a3c1",
  "files": 10000,
  "document_bytes": 177499149,
  "untar_mount_command": [
    "/srv/dfs/bin/mount-fdb",
    "--endpoint",
    "https://10.150.0.17:7443",
    "--token-file",
    "/srv/dfs/config/admin.token",
    "--ca",
    "/srv/dfs/config/ca.crt",
    "--mountpoint",
    "/srv/dfs/mount",
    "--content-cache-bytes",
    "268435456",
    "--metrics-file",
    "/srv/dfs/evidence/iterations/buffer-06/client/untar-mount-metrics.json"
  ],
  "untar_mount_startup_ms": 73.26318600098602,
  "untar": {
    "extraction_ms": 11134.278194,
    "extraction_plus_sync_ms": 11487.342713,
    "open_fsync_close_all_files_ms": 353.064519,
    "file_count_including_manifest": 10001,
    "all_hashes_verified": true
  },
  "untar_unmount": {
    "exit_code": 0,
    "unmounted": true
  },
  "index_after_untar": {
    "wait_ms": 52.752179002709454,
    "response": {
      "engine": "elasticsearch",
      "incomplete": false,
      "indexed_through": 10422,
      "source_head": 10422
    }
  },
  "filesystem_mount_command": [
    "/srv/dfs/bin/mount-fdb",
    "--endpoint",
    "https://10.150.0.17:7443",
    "--token-file",
    "/srv/dfs/config/admin.token",
    "--ca",
    "/srv/dfs/config/ca.crt",
    "--mountpoint",
    "/srv/dfs/mount",
    "--content-cache-bytes",
    "268435456",
    "--metrics-file",
    "/srv/dfs/evidence/iterations/buffer-06/client/filesystem-mount-metrics.json"
  ],
  "filesystem_mount_startup_ms": 558.3116939997126,
  "filesystem_unmount": {
    "exit_code": 0,
    "unmounted": true
  },
  "index_after_filesystem": {
    "wait_ms": 40.840143999957945,
    "response": {
      "engine": "elasticsearch",
      "incomplete": false,
      "indexed_through": 10488,
      "source_head": 10488
    }
  },
  "resources_scope": "all phases",
  "resources": {
    "memory.current": "222273536\n",
    "memory.peak": "478060544\n",
    "memory.max": "6442450944\n",
    "memory.swap.max": "0\n",
    "cpu.stat": "usage_usec 22236999\nuser_usec 12207232\nsystem_usec 10029767\nnice_usec 0\ncore_sched.force_idle_usec 0\nnr_periods 0\nnr_throttled 0\nthrottled_usec 0\nnr_bursts 0\nburst_usec 0\n",
    "cpuset.cpus.effective": "0-7\n"
  },
  "scope": "untar, filesystem, search",
  "iteration": "buffer-06"
}

tikv {
  "backend": "tikv",
  "passed": true,
  "phases": {
    "untar": {
      "target_start_time": 1791314065.882171,
      "actual_start_time": 1791314065.8823004,
      "end_time": 1791314093.6379697
    },
    "filesystem": {
      "target_start_time": 1791314135.563445,
      "actual_start_time": 1791314135.563548,
      "end_time": 1791314149.724773
    },
    "search": {
      "target_start_time": 1791314171.482982,
      "actual_start_time": 1791314171.4830065,
      "end_time": 1791314172.9126663
    }
  },
  "settings": {
    "backend": "tikv",
    "endpoint": "https://10.150.0.15:7443",
    "search_host": "10.150.0.15",
    "search_port": 7447,
    "tenant": "bench",
    "content_cache_bytes": 268435456,
    "metadata_cache_bytes": 134217728,
    "warm_runs": 3,
    "search_repeats": 10
  },
  "manifest_sha256": "67fdf87da1a1b94bc1f6482f00b912c1010d512a907846e5747ba9c893d8a3c1",
  "files": 10000,
  "document_bytes": 177499149,
  "untar_mount_command": [
    "/srv/dfs/bin/mount-tikv",
    "--endpoint",
    "https://10.150.0.15:7443",
    "--token-file",
    "/srv/dfs/config/admin.token",
    "--ca",
    "/srv/dfs/config/ca.crt",
    "--mountpoint",
    "/srv/dfs/mount",
    "--content-cache-bytes",
    "268435456",
    "--metrics-file",
    "/srv/dfs/evidence/iterations/buffer-06/client/untar-mount-metrics.json"
  ],
  "untar_mount_startup_ms": 57.481505999021465,
  "untar": {
    "extraction_ms": 10682.600211,
    "extraction_plus_sync_ms": 10991.352265000001,
    "open_fsync_close_all_files_ms": 308.752054,
    "file_count_including_manifest": 10001,
    "all_hashes_verified": true
  },
  "untar_unmount": {
    "exit_code": 0,
    "unmounted": true
  },
  "index_after_untar": {
    "wait_ms": 46.92461100057699,
    "response": {
      "engine": "elasticsearch",
      "incomplete": false,
      "indexed_through": 10414,
      "source_head": 10414
    }
  },
  "filesystem_mount_command": [
    "/srv/dfs/bin/mount-tikv",
    "--endpoint",
    "https://10.150.0.15:7443",
    "--token-file",
    "/srv/dfs/config/admin.token",
    "--ca",
    "/srv/dfs/config/ca.crt",
    "--mountpoint",
    "/srv/dfs/mount",
    "--content-cache-bytes",
    "268435456",
    "--metrics-file",
    "/srv/dfs/evidence/iterations/buffer-06/client/filesystem-mount-metrics.json"
  ],
  "filesystem_mount_startup_ms": 322.50364900028217,
  "filesystem_unmount": {
    "exit_code": 0,
    "unmounted": true
  },
  "index_after_filesystem": {
    "wait_ms": 43.984848001855426,
    "response": {
      "engine": "elasticsearch",
      "incomplete": false,
      "indexed_through": 10480,
      "source_head": 10480
    }
  },
  "resources_scope": "all phases",
  "resources": {
    "memory.current": "222326784\n",
    "memory.peak": "475422720\n",
    "memory.max": "6442450944\n",
    "memory.swap.max": "0\n",
    "cpu.stat": "usage_usec 22903503\nuser_usec 11951696\nsystem_usec 10951806\nnice_usec 0\ncore_sched.force_idle_usec 0\nnr_periods 0\nnr_throttled 0\nthrottled_usec 0\nnr_bursts 0\nburst_usec 0\n",
    "cpuset.cpus.effective": "0-7\n"
  },
  "scope": "untar, filesystem, search",
  "iteration": "buffer-06"
}

