{"phase": "untar", "start_time": 1791311050.240078, "states": {"rocks": {"ready": true, "finished": null}, "fdb": {"ready": true, "finished": null}, "tikv": {"ready": true, "finished": null}}}
{"waiting": "finished", "states": {"rocks": {"ready": false, "finished": null}, "fdb": {"ready": false, "finished": null}, "tikv": {"ready": false, "finished": null}}, "time": 1791311037.471414}
{"waiting": "finished", "states": {"rocks": {"ready": false, "finished": null}, "fdb": {"ready": false, "finished": null}, "tikv": {"ready": false, "finished": null}}, "time": 1791311048.631825}
{"waiting": "finished", "states": {"rocks": {"ready": false, "finished": null}, "fdb": {"ready": false, "finished": null}, "tikv": {"ready": false, "finished": null}}, "time": 1791311059.707905}
{"waiting": "finished", "states": {"rocks": {"ready": false, "finished": {"passed": true, "time": 1791311060.773015}}, "fdb": {"ready": false, "finished": null}, "tikv": {"ready": false, "finished": null}}, "time": 1791311070.854541}
{"waiting": "finished", "states": {"rocks": {"ready": false, "finished": {"passed": true, "time": 1791311060.773015}}, "fdb": {"ready": false, "finished": null}, "tikv": {"ready": false, "finished": null}}, "time": 1791311082.001846}
{"waiting": "finished", "states": {"rocks": {"ready": false, "finished": {"passed": true, "time": 1791311060.773015}}, "fdb": {"ready": false, "finished": null}, "tikv": {"ready": false, "finished": {"passed": true, "time": 1791311089.4715064}}}, "time": 1791311093.0988412}
{"waiting": "finished", "states": {"rocks": {"ready": false, "finished": {"passed": true, "time": 1791311060.773015}}, "fdb": {"ready": false, "finished": null}, "tikv": {"ready": false, "finished": {"passed": true, "time": 1791311089.4715064}}}, "time": 1791311104.236636}
rocks {
  "backend": "rocks",
  "passed": true,
  "phases": {
    "untar": {
      "target_start_time": 1791311050.240078,
      "actual_start_time": 1791311050.2401698,
      "end_time": 1791311059.8402998
    }
  },
  "settings": {
    "backend": "rocks",
    "endpoint": "https://10.150.0.3:7443",
    "search_host": "10.150.0.3",
    "search_port": 7447,
    "tenant": "bench",
    "content_cache_bytes": 268435456,
    "metadata_cache_bytes": 134217728,
    "warm_runs": 3,
    "search_repeats": 10
  },
  "manifest_sha256": "67fdf87da1a1b94bc1f6482f00b912c1010d512a907846e5747ba9c893d8a3c1",
  "files": 10000,
  "document_bytes": 177499149,
  "untar_mount_command": [
    "/srv/dfs/bin/mount-rocks",
    "--endpoint",
    "https://10.150.0.3:7443",
    "--token-file",
    "/srv/dfs/config/admin.token",
    "--ca",
    "/srv/dfs/config/ca.crt",
    "--mountpoint",
    "/srv/dfs/mount",
    "--content-cache-bytes",
    "268435456",
    "--metrics-file",
    "/srv/dfs/evidence/iterations/buffer-03/client/untar-mount-metrics.json",
    "--read-concurrency",
    "8"
  ],
  "untar_mount_startup_ms": 52.349023999340716,
  "untar": {
    "extraction_ms": 4120.465982,
    "extraction_plus_sync_ms": 4445.084177,
    "open_fsync_close_all_files_ms": 324.618195,
    "file_count_including_manifest": 10001,
    "all_hashes_verified": true
  },
  "untar_unmount": {
    "exit_code": 0,
    "unmounted": true
  },
  "read-admission-check_mount_command": [
    "/srv/dfs/bin/mount-rocks",
    "--endpoint",
    "https://10.150.0.3:7443",
    "--token-file",
    "/srv/dfs/config/admin.token",
    "--ca",
    "/srv/dfs/config/ca.crt",
    "--mountpoint",
    "/srv/dfs/mount",
    "--content-cache-bytes",
    "268435456",
    "--metrics-file",
    "/srv/dfs/evidence/iterations/buffer-03/client/read-admission-check-mount-metrics.json",
    "--read-concurrency",
    "8"
  ],
  "read-admission-check_mount_startup_ms": 83.39228499971796,
  "read-admission-check_unmount": {
    "exit_code": 0,
    "unmounted": true
  },
  "read_admission_check": {
    "passed": true,
    "threads": 32,
    "outside_timed_extraction": true
  },
  "index_after_untar": {
    "wait_ms": 5.6227620007121,
    "response": {
      "engine": "tantivy",
      "incomplete": false,
      "indexed_through": {
        "head": 10699,
        "incarnation": "faed00fa98b54a039d0ec51a225682bf",
        "tenant": "bench"
      }
    }
  },
  "resources_scope": "all phases",
  "resources": {
    "memory.current": "222134272\n",
    "memory.peak": "453181440\n",
    "memory.max": "6442450944\n",
    "memory.swap.max": "0\n",
    "cpu.stat": "usage_usec 8817871\nuser_usec 4992254\nsystem_usec 3825617\nnice_usec 0\ncore_sched.force_idle_usec 0\nnr_periods 0\nnr_throttled 0\nthrottled_usec 0\nnr_bursts 0\nburst_usec 0\n",
    "cpuset.cpus.effective": "0-7\n"
  },
  "scope": "untar, durability, hashes, index catch-up",
  "iteration": "buffer-03"
}

fdb {
  "backend": "fdb",
  "passed": true,
  "phases": {
    "untar": {
      "target_start_time": 1791311050.240078,
      "actual_start_time": 1791311050.2401717,
      "end_time": 1791311102.9687152
    }
  },
  "settings": {
    "backend": "fdb",
    "endpoint": "https://10.150.0.17:7443",
    "search_host": "10.150.0.17",
    "search_port": 7447,
    "tenant": "bench",
    "content_cache_bytes": 268435456,
    "metadata_cache_bytes": 134217728,
    "warm_runs": 3,
    "search_repeats": 10
  },
  "manifest_sha256": "67fdf87da1a1b94bc1f6482f00b912c1010d512a907846e5747ba9c893d8a3c1",
  "files": 10000,
  "document_bytes": 177499149,
  "untar_mount_command": [
    "/srv/dfs/bin/mount-fdb",
    "--endpoint",
    "https://10.150.0.17:7443",
    "--token-file",
    "/srv/dfs/config/admin.token",
    "--ca",
    "/srv/dfs/config/ca.crt",
    "--mountpoint",
    "/srv/dfs/mount",
    "--content-cache-bytes",
    "268435456",
    "--metrics-file",
    "/srv/dfs/evidence/iterations/buffer-03/client/untar-mount-metrics.json"
  ],
  "untar_mount_startup_ms": 75.18293300017831,
  "untar": {
    "extraction_ms": 14790.800684,
    "extraction_plus_sync_ms": 15102.205837,
    "open_fsync_close_all_files_ms": 311.405153,
    "file_count_including_manifest": 10001,
    "all_hashes_verified": true
  },
  "untar_unmount": {
    "exit_code": 0,
    "unmounted": true
  },
  "read-admission-check_mount_command": [
    "/srv/dfs/bin/mount-fdb",
    "--endpoint",
    "https://10.150.0.17:7443",
    "--token-file",
    "/srv/dfs/config/admin.token",
    "--ca",
    "/srv/dfs/config/ca.crt",
    "--mountpoint",
    "/srv/dfs/mount",
    "--content-cache-bytes",
    "268435456",
    "--metrics-file",
    "/srv/dfs/evidence/iterations/buffer-03/client/read-admission-check-mount-metrics.json"
  ],
  "read-admission-check_mount_startup_ms": 566.260985999179,
  "read-admission-check_unmount": {
    "exit_code": 0,
    "unmounted": true
  },
  "read_admission_check": {
    "passed": true,
    "threads": 32,
    "outside_timed_extraction": true
  },
  "index_after_untar": {
    "wait_ms": 51.0635539994837,
    "response": {
      "engine": "elasticsearch",
      "incomplete": false,
      "indexed_through": 10678,
      "source_head": 10678
    }
  },
  "resources_scope": "all phases",
  "resources": {
    "memory.current": "222187520\n",
    "memory.peak": "451174400\n",
    "memory.max": "6442450944\n",
    "memory.swap.max": "0\n",
    "cpu.stat": "usage_usec 9142624\nuser_usec 5352890\nsystem_usec 3789733\nnice_usec 0\ncore_sched.force_idle_usec 0\nnr_periods 0\nnr_throttled 0\nthrottled_usec 0\nnr_bursts 0\nburst_usec 0\n",
    "cpuset.cpus.effective": "0-7\n"
  },
  "scope": "untar, durability, hashes, index catch-up",
  "iteration": "buffer-03"
}

tikv {
  "backend": "tikv",
  "passed": true,
  "phases": {
    "untar": {
      "target_start_time": 1791311050.240078,
      "actual_start_time": 1791311050.2401955,
      "end_time": 1791311085.5486238
    }
  },
  "settings": {
    "backend": "tikv",
    "endpoint": "https://10.150.0.15:7443",
    "search_host": "10.150.0.15",
    "search_port": 7447,
    "tenant": "bench",
    "content_cache_bytes": 268435456,
    "metadata_cache_bytes": 134217728,
    "warm_runs": 3,
    "search_repeats": 10
  },
  "manifest_sha256": "67fdf87da1a1b94bc1f6482f00b912c1010d512a907846e5747ba9c893d8a3c1",
  "files": 10000,
  "document_bytes": 177499149,
  "untar_mount_command": [
    "/srv/dfs/bin/mount-tikv",
    "--endpoint",
    "https://10.150.0.15:7443",
    "--token-file",
    "/srv/dfs/config/admin.token",
    "--ca",
    "/srv/dfs/config/ca.crt",
    "--mountpoint",
    "/srv/dfs/mount",
    "--content-cache-bytes",
    "268435456",
    "--metrics-file",
    "/srv/dfs/evidence/iterations/buffer-03/client/untar-mount-metrics.json"
  ],
  "untar_mount_startup_ms": 59.133766999366344,
  "untar": {
    "extraction_ms": 15840.303335,
    "extraction_plus_sync_ms": 16170.504406,
    "open_fsync_close_all_files_ms": 330.201071,
    "file_count_including_manifest": 10001,
    "all_hashes_verified": true
  },
  "untar_unmount": {
    "exit_code": 0,
    "unmounted": true
  },
  "read-admission-check_mount_command": [
    "/srv/dfs/bin/mount-tikv",
    "--endpoint",
    "https://10.150.0.15:7443",
    "--token-file",
    "/srv/dfs/config/admin.token",
    "--ca",
    "/srv/dfs/config/ca.crt",
    "--mountpoint",
    "/srv/dfs/mount",
    "--content-cache-bytes",
    "268435456",
    "--metrics-file",
    "/srv/dfs/evidence/iterations/buffer-03/client/read-admission-check-mount-metrics.json"
  ],
  "read-admission-check_mount_startup_ms": 311.952570998983,
  "read-admission-check_unmount": {
    "exit_code": 0,
    "unmounted": true
  },
  "read_admission_check": {
    "passed": true,
    "threads": 32,
    "outside_timed_extraction": true
  },
  "index_after_untar": {
    "wait_ms": 61.88733599992702,
    "response": {
      "engine": "elasticsearch",
      "incomplete": false,
      "indexed_through": 10692,
      "source_head": 10692
    }
  },
  "resources_scope": "all phases",
  "resources": {
    "memory.current": "221409280\n",
    "memory.peak": "451747840\n",
    "memory.max": "6442450944\n",
    "memory.swap.max": "0\n",
    "cpu.stat": "usage_usec 9707696\nuser_usec 5455010\nsystem_usec 4252686\nnice_usec 0\ncore_sched.force_idle_usec 0\nnr_periods 0\nnr_throttled 0\nthrottled_usec 0\nnr_bursts 0\nburst_usec 0\n",
    "cpuset.cpus.effective": "0-7\n"
  },
  "scope": "untar, durability, hashes, index catch-up",
  "iteration": "buffer-03"
}

