{"phase": "untar", "start_time": 1791318222.903462, "states": {"rocks": {"ready": true, "finished": null}, "fdb": {"ready": true, "finished": null}, "tikv": {"ready": true, "finished": null}}}
{"waiting": "filesystem", "states": {"rocks": {"ready": false, "finished": null}, "fdb": {"ready": false, "finished": null}, "tikv": {"ready": false, "finished": null}}, "time": 1791318210.152087}
{"waiting": "filesystem", "states": {"rocks": {"ready": false, "finished": null}, "fdb": {"ready": false, "finished": null}, "tikv": {"ready": false, "finished": null}}, "time": 1791318221.2992692}
{"waiting": "filesystem", "states": {"rocks": {"ready": true, "finished": null}, "fdb": {"ready": false, "finished": null}, "tikv": {"ready": false, "finished": null}}, "time": 1791318232.725099}
{"waiting": "filesystem", "states": {"rocks": {"ready": true, "finished": null}, "fdb": {"ready": false, "finished": null}, "tikv": {"ready": false, "finished": null}}, "time": 1791318243.911903}
{"waiting": "filesystem", "states": {"rocks": {"ready": true, "finished": null}, "fdb": {"ready": false, "finished": null}, "tikv": {"ready": true, "finished": null}}, "time": 1791318255.063926}
{"waiting": "filesystem", "states": {"rocks": {"ready": true, "finished": null}, "fdb": {"ready": false, "finished": null}, "tikv": {"ready": true, "finished": null}}, "time": 1791318266.211141}
{"phase": "filesystem", "start_time": 1791318292.360223, "states": {"rocks": {"ready": true, "finished": null}, "fdb": {"ready": true, "finished": null}, "tikv": {"ready": true, "finished": null}}}
{"waiting": "search", "states": {"rocks": {"ready": false, "finished": null}, "fdb": {"ready": false, "finished": null}, "tikv": {"ready": false, "finished": null}}, "time": 1791318279.760233}
{"waiting": "search", "states": {"rocks": {"ready": false, "finished": null}, "fdb": {"ready": false, "finished": null}, "tikv": {"ready": false, "finished": null}}, "time": 1791318290.90316}
{"waiting": "search", "states": {"rocks": {"ready": false, "finished": null}, "fdb": {"ready": false, "finished": null}, "tikv": {"ready": false, "finished": null}}, "time": 1791318302.026827}
{"phase": "search", "start_time": 1791318328.202833, "states": {"rocks": {"ready": true, "finished": null}, "fdb": {"ready": true, "finished": null}, "tikv": {"ready": true, "finished": null}}}
{"waiting": "finished", "states": {"rocks": {"ready": false, "finished": null}, "fdb": {"ready": false, "finished": null}, "tikv": {"ready": false, "finished": null}}, "time": 1791318315.525849}
{"waiting": "finished", "states": {"rocks": {"ready": false, "finished": null}, "fdb": {"ready": false, "finished": null}, "tikv": {"ready": false, "finished": null}}, "time": 1791318326.716962}
rocks {
  "backend": "rocks",
  "passed": true,
  "phases": {
    "untar": {
      "target_start_time": 1791318222.903462,
      "actual_start_time": 1791318222.9035563,
      "end_time": 1791318231.0185845
    },
    "filesystem": {
      "target_start_time": 1791318292.360223,
      "actual_start_time": 1791318292.3603144,
      "end_time": 1791318303.624086
    },
    "search": {
      "target_start_time": 1791318328.202833,
      "actual_start_time": 1791318328.2029445,
      "end_time": 1791318328.2874644
    }
  },
  "settings": {
    "backend": "rocks",
    "endpoint": "https://10.150.0.3:7443",
    "search_host": "10.150.0.3",
    "search_port": 7447,
    "tenant": "bench",
    "content_cache_bytes": 268435456,
    "metadata_cache_bytes": 134217728,
    "warm_runs": 3,
    "search_repeats": 10
  },
  "manifest_sha256": "67fdf87da1a1b94bc1f6482f00b912c1010d512a907846e5747ba9c893d8a3c1",
  "files": 10000,
  "document_bytes": 177499149,
  "untar_mount_command": [
    "/srv/dfs/bin/mount-rocks",
    "--endpoint",
    "https://10.150.0.3:7443",
    "--token-file",
    "/srv/dfs/config/admin.token",
    "--ca",
    "/srv/dfs/config/ca.crt",
    "--mountpoint",
    "/srv/dfs/mount",
    "--content-cache-bytes",
    "268435456",
    "--metrics-file",
    "/srv/dfs/evidence/iterations/buffer-11/client/untar-mount-metrics.json",
    "--read-concurrency",
    "8"
  ],
  "untar_mount_startup_ms": 52.75139800141915,
  "untar": {
    "extraction_ms": 3669.337927,
    "extraction_plus_sync_ms": 3967.11967,
    "open_fsync_close_all_files_ms": 297.781743,
    "file_count_including_manifest": 10001,
    "all_hashes_verified": true
  },
  "untar_unmount": {
    "exit_code": 0,
    "unmounted": true
  },
  "index_after_untar": {
    "wait_ms": 5.515520999324508,
    "response": {
      "engine": "tantivy",
      "incomplete": false,
      "indexed_through": {
        "head": 10311,
        "incarnation": "1fc72dff76b74760a1f23ffb476c5f12",
        "tenant": "bench"
      }
    }
  },
  "filesystem_mount_command": [
    "/srv/dfs/bin/mount-rocks",
    "--endpoint",
    "https://10.150.0.3:7443",
    "--token-file",
    "/srv/dfs/config/admin.token",
    "--ca",
    "/srv/dfs/config/ca.crt",
    "--mountpoint",
    "/srv/dfs/mount",
    "--content-cache-bytes",
    "268435456",
    "--metrics-file",
    "/srv/dfs/evidence/iterations/buffer-11/client/filesystem-mount-metrics.json",
    "--read-concurrency",
    "8"
  ],
  "filesystem_mount_startup_ms": 86.76996700160089,
  "filesystem_unmount": {
    "exit_code": 0,
    "unmounted": true
  },
  "index_after_filesystem": {
    "wait_ms": 5.533644998649834,
    "response": {
      "engine": "tantivy",
      "incomplete": false,
      "indexed_through": {
        "head": 10377,
        "incarnation": "1fc72dff76b74760a1f23ffb476c5f12",
        "tenant": "bench"
      }
    }
  },
  "resources_scope": "all phases",
  "resources": {
    "memory.current": "222064640\n",
    "memory.peak": "476680192\n",
    "memory.max": "6442450944\n",
    "memory.swap.max": "0\n",
    "cpu.stat": "usage_usec 21424972\nuser_usec 10900015\nsystem_usec 10524956\nnice_usec 0\ncore_sched.force_idle_usec 0\nnr_periods 0\nnr_throttled 0\nthrottled_usec 0\nnr_bursts 0\nburst_usec 0\n",
    "cpuset.cpus.effective": "0-7\n"
  },
  "scope": "untar, filesystem, search",
  "iteration": "buffer-11"
}

fdb {
  "backend": "fdb",
  "passed": true,
  "phases": {
    "untar": {
      "target_start_time": 1791318222.903462,
      "actual_start_time": 1791318222.9036114,
      "end_time": 1791318266.182607
    },
    "filesystem": {
      "target_start_time": 1791318292.360223,
      "actual_start_time": 1791318292.360306,
      "end_time": 1791318307.6797154
    },
    "search": {
      "target_start_time": 1791318328.202833,
      "actual_start_time": 1791318328.202973,
      "end_time": 1791318329.9118454
    }
  },
  "settings": {
    "backend": "fdb",
    "endpoint": "https://10.150.0.17:7443",
    "search_host": "10.150.0.17",
    "search_port": 7447,
    "tenant": "bench",
    "content_cache_bytes": 268435456,
    "metadata_cache_bytes": 134217728,
    "warm_runs": 3,
    "search_repeats": 10
  },
  "manifest_sha256": "67fdf87da1a1b94bc1f6482f00b912c1010d512a907846e5747ba9c893d8a3c1",
  "files": 10000,
  "document_bytes": 177499149,
  "untar_mount_command": [
    "/srv/dfs/bin/mount-fdb",
    "--endpoint",
    "https://10.150.0.17:7443",
    "--token-file",
    "/srv/dfs/config/admin.token",
    "--ca",
    "/srv/dfs/config/ca.crt",
    "--mountpoint",
    "/srv/dfs/mount",
    "--content-cache-bytes",
    "268435456",
    "--metrics-file",
    "/srv/dfs/evidence/iterations/buffer-11/client/untar-mount-metrics.json"
  ],
  "untar_mount_startup_ms": 74.02009699944756,
  "untar": {
    "extraction_ms": 7882.152105,
    "extraction_plus_sync_ms": 8232.423609,
    "open_fsync_close_all_files_ms": 350.271504,
    "file_count_including_manifest": 10001,
    "all_hashes_verified": true
  },
  "untar_unmount": {
    "exit_code": 0,
    "unmounted": true
  },
  "index_after_untar": {
    "wait_ms": 49.01486699964153,
    "response": {
      "engine": "elasticsearch",
      "incomplete": false,
      "indexed_through": 10324,
      "source_head": 10324
    }
  },
  "filesystem_mount_command": [
    "/srv/dfs/bin/mount-fdb",
    "--endpoint",
    "https://10.150.0.17:7443",
    "--token-file",
    "/srv/dfs/config/admin.token",
    "--ca",
    "/srv/dfs/config/ca.crt",
    "--mountpoint",
    "/srv/dfs/mount",
    "--content-cache-bytes",
    "268435456",
    "--metrics-file",
    "/srv/dfs/evidence/iterations/buffer-11/client/filesystem-mount-metrics.json"
  ],
  "filesystem_mount_startup_ms": 561.357547998341,
  "filesystem_unmount": {
    "exit_code": 0,
    "unmounted": true
  },
  "index_after_filesystem": {
    "wait_ms": 39.230209000379546,
    "response": {
      "engine": "elasticsearch",
      "incomplete": false,
      "indexed_through": 10390,
      "source_head": 10390
    }
  },
  "resources_scope": "all phases",
  "resources": {
    "memory.current": "222404608\n",
    "memory.peak": "477171712\n",
    "memory.max": "6442450944\n",
    "memory.swap.max": "0\n",
    "cpu.stat": "usage_usec 23734104\nuser_usec 12713365\nsystem_usec 11020738\nnice_usec 0\ncore_sched.force_idle_usec 0\nnr_periods 0\nnr_throttled 0\nthrottled_usec 0\nnr_bursts 0\nburst_usec 0\n",
    "cpuset.cpus.effective": "0-7\n"
  },
  "scope": "untar, filesystem, search",
  "iteration": "buffer-11"
}

tikv {
  "backend": "tikv",
  "passed": true,
  "phases": {
    "untar": {
      "target_start_time": 1791318222.903462,
      "actual_start_time": 1791318222.9035566,
      "end_time": 1791318250.430403
    },
    "filesystem": {
      "target_start_time": 1791318292.360223,
      "actual_start_time": 1791318292.3603358,
      "end_time": 1791318307.454684
    },
    "search": {
      "target_start_time": 1791318328.202833,
      "actual_start_time": 1791318328.2029243,
      "end_time": 1791318329.6432402
    }
  },
  "settings": {
    "backend": "tikv",
    "endpoint": "https://10.150.0.15:7443",
    "search_host": "10.150.0.15",
    "search_port": 7447,
    "tenant": "bench",
    "content_cache_bytes": 268435456,
    "metadata_cache_bytes": 134217728,
    "warm_runs": 3,
    "search_repeats": 10
  },
  "manifest_sha256": "67fdf87da1a1b94bc1f6482f00b912c1010d512a907846e5747ba9c893d8a3c1",
  "files": 10000,
  "document_bytes": 177499149,
  "untar_mount_command": [
    "/srv/dfs/bin/mount-tikv",
    "--endpoint",
    "https://10.150.0.15:7443",
    "--token-file",
    "/srv/dfs/config/admin.token",
    "--ca",
    "/srv/dfs/config/ca.crt",
    "--mountpoint",
    "/srv/dfs/mount",
    "--content-cache-bytes",
    "268435456",
    "--metrics-file",
    "/srv/dfs/evidence/iterations/buffer-11/client/untar-mount-metrics.json"
  ],
  "untar_mount_startup_ms": 58.13486699844361,
  "untar": {
    "extraction_ms": 10482.273301,
    "extraction_plus_sync_ms": 10859.021917999999,
    "open_fsync_close_all_files_ms": 376.748617,
    "file_count_including_manifest": 10001,
    "all_hashes_verified": true
  },
  "untar_unmount": {
    "exit_code": 0,
    "unmounted": true
  },
  "index_after_untar": {
    "wait_ms": 53.96938099875115,
    "response": {
      "engine": "elasticsearch",
      "incomplete": false,
      "indexed_through": 10355,
      "source_head": 10355
    }
  },
  "filesystem_mount_command": [
    "/srv/dfs/bin/mount-tikv",
    "--endpoint",
    "https://10.150.0.15:7443",
    "--token-file",
    "/srv/dfs/config/admin.token",
    "--ca",
    "/srv/dfs/config/ca.crt",
    "--mountpoint",
    "/srv/dfs/mount",
    "--content-cache-bytes",
    "268435456",
    "--metrics-file",
    "/srv/dfs/evidence/iterations/buffer-11/client/filesystem-mount-metrics.json"
  ],
  "filesystem_mount_startup_ms": 329.29021599920816,
  "filesystem_unmount": {
    "exit_code": 0,
    "unmounted": true
  },
  "index_after_filesystem": {
    "wait_ms": 38.516450997121865,
    "response": {
      "engine": "elasticsearch",
      "incomplete": false,
      "indexed_through": 10421,
      "source_head": 10421
    }
  },
  "resources_scope": "all phases",
  "resources": {
    "memory.current": "222212096\n",
    "memory.peak": "476540928\n",
    "memory.max": "6442450944\n",
    "memory.swap.max": "0\n",
    "cpu.stat": "usage_usec 23652895\nuser_usec 11861790\nsystem_usec 11791104\nnice_usec 0\ncore_sched.force_idle_usec 0\nnr_periods 0\nnr_throttled 0\nthrottled_usec 0\nnr_bursts 0\nburst_usec 0\n",
    "cpuset.cpus.effective": "0-7\n"
  },
  "scope": "untar, filesystem, search",
  "iteration": "buffer-11"
}

