{"waiting": "untar", "states": {"rocks": {"ready": false, "finished": null}, "fdb": {"ready": true, "finished": null}, "tikv": {"ready": true, "finished": null}}, "time": 1791314789.763981}
{"phase": "untar", "start_time": 1791314815.893481, "states": {"rocks": {"ready": true, "finished": null}, "fdb": {"ready": true, "finished": null}, "tikv": {"ready": true, "finished": null}}}
{"waiting": "filesystem", "states": {"rocks": {"ready": false, "finished": null}, "fdb": {"ready": false, "finished": null}, "tikv": {"ready": false, "finished": null}}, "time": 1791314803.181417}
{"waiting": "filesystem", "states": {"rocks": {"ready": false, "finished": null}, "fdb": {"ready": false, "finished": null}, "tikv": {"ready": false, "finished": null}}, "time": 1791314814.971429}
{"waiting": "filesystem", "states": {"rocks": {"ready": true, "finished": null}, "fdb": {"ready": false, "finished": null}, "tikv": {"ready": false, "finished": null}}, "time": 1791314826.1254551}
{"waiting": "filesystem", "states": {"rocks": {"ready": true, "finished": null}, "fdb": {"ready": false, "finished": null}, "tikv": {"ready": false, "finished": null}}, "time": 1791314837.286777}
{"waiting": "filesystem", "states": {"rocks": {"ready": true, "finished": null}, "fdb": {"ready": false, "finished": null}, "tikv": {"ready": true, "finished": null}}, "time": 1791314848.413555}
{"waiting": "filesystem", "states": {"rocks": {"ready": true, "finished": null}, "fdb": {"ready": false, "finished": null}, "tikv": {"ready": true, "finished": null}}, "time": 1791314859.538015}
{"phase": "filesystem", "start_time": 1791314885.6868072, "states": {"rocks": {"ready": true, "finished": null}, "fdb": {"ready": true, "finished": null}, "tikv": {"ready": true, "finished": null}}}
{"waiting": "search", "states": {"rocks": {"ready": false, "finished": null}, "fdb": {"ready": false, "finished": null}, "tikv": {"ready": false, "finished": null}}, "time": 1791314872.935889}
{"waiting": "search", "states": {"rocks": {"ready": false, "finished": null}, "fdb": {"ready": false, "finished": null}, "tikv": {"ready": false, "finished": null}}, "time": 1791314884.369024}
{"waiting": "search", "states": {"rocks": {"ready": false, "finished": null}, "fdb": {"ready": false, "finished": null}, "tikv": {"ready": false, "finished": null}}, "time": 1791314895.519795}
{"phase": "search", "start_time": 1791314922.121681, "states": {"rocks": {"ready": true, "finished": null}, "fdb": {"ready": true, "finished": null}, "tikv": {"ready": true, "finished": null}}}
{"waiting": "finished", "states": {"rocks": {"ready": false, "finished": null}, "fdb": {"ready": false, "finished": null}, "tikv": {"ready": false, "finished": null}}, "time": 1791314909.382882}
{"waiting": "finished", "states": {"rocks": {"ready": false, "finished": null}, "fdb": {"ready": false, "finished": null}, "tikv": {"ready": false, "finished": null}}, "time": 1791314920.5341032}
rocks {
  "backend": "rocks",
  "passed": true,
  "phases": {
    "untar": {
      "target_start_time": 1791314815.893481,
      "actual_start_time": 1791314815.893572,
      "end_time": 1791314824.2686827
    },
    "filesystem": {
      "target_start_time": 1791314885.6868072,
      "actual_start_time": 1791314885.686897,
      "end_time": 1791314897.303439
    },
    "search": {
      "target_start_time": 1791314922.121681,
      "actual_start_time": 1791314922.1217701,
      "end_time": 1791314922.2191257
    }
  },
  "settings": {
    "backend": "rocks",
    "endpoint": "https://10.150.0.3:7443",
    "search_host": "10.150.0.3",
    "search_port": 7447,
    "tenant": "bench",
    "content_cache_bytes": 268435456,
    "metadata_cache_bytes": 134217728,
    "warm_runs": 3,
    "search_repeats": 10
  },
  "manifest_sha256": "67fdf87da1a1b94bc1f6482f00b912c1010d512a907846e5747ba9c893d8a3c1",
  "files": 10000,
  "document_bytes": 177499149,
  "untar_mount_command": [
    "/srv/dfs/bin/mount-rocks",
    "--endpoint",
    "https://10.150.0.3:7443",
    "--token-file",
    "/srv/dfs/config/admin.token",
    "--ca",
    "/srv/dfs/config/ca.crt",
    "--mountpoint",
    "/srv/dfs/mount",
    "--content-cache-bytes",
    "268435456",
    "--metrics-file",
    "/srv/dfs/evidence/iterations/buffer-07/client/untar-mount-metrics.json",
    "--read-concurrency",
    "8"
  ],
  "untar_mount_startup_ms": 52.04761400091229,
  "untar": {
    "extraction_ms": 3369.527216,
    "extraction_plus_sync_ms": 3705.221118,
    "open_fsync_close_all_files_ms": 335.693902,
    "file_count_including_manifest": 10001,
    "all_hashes_verified": true
  },
  "untar_unmount": {
    "exit_code": 0,
    "unmounted": true
  },
  "index_after_untar": {
    "wait_ms": 5.333385000994895,
    "response": {
      "engine": "tantivy",
      "incomplete": false,
      "indexed_through": {
        "head": 10410,
        "incarnation": "8799ee67030944ce926f6364131361bc",
        "tenant": "bench"
      }
    }
  },
  "filesystem_mount_command": [
    "/srv/dfs/bin/mount-rocks",
    "--endpoint",
    "https://10.150.0.3:7443",
    "--token-file",
    "/srv/dfs/config/admin.token",
    "--ca",
    "/srv/dfs/config/ca.crt",
    "--mountpoint",
    "/srv/dfs/mount",
    "--content-cache-bytes",
    "268435456",
    "--metrics-file",
    "/srv/dfs/evidence/iterations/buffer-07/client/filesystem-mount-metrics.json",
    "--read-concurrency",
    "8"
  ],
  "filesystem_mount_startup_ms": 91.03999299986754,
  "filesystem_unmount": {
    "exit_code": 0,
    "unmounted": true
  },
  "index_after_filesystem": {
    "wait_ms": 5.8146660012425855,
    "response": {
      "engine": "tantivy",
      "incomplete": false,
      "indexed_through": {
        "head": 10476,
        "incarnation": "8799ee67030944ce926f6364131361bc",
        "tenant": "bench"
      }
    }
  },
  "resources_scope": "all phases",
  "resources": {
    "memory.current": "222392320\n",
    "memory.peak": "476614656\n",
    "memory.max": "6442450944\n",
    "memory.swap.max": "0\n",
    "cpu.stat": "usage_usec 22139884\nuser_usec 11152553\nsystem_usec 10987330\nnice_usec 0\ncore_sched.force_idle_usec 0\nnr_periods 0\nnr_throttled 0\nthrottled_usec 0\nnr_bursts 0\nburst_usec 0\n",
    "cpuset.cpus.effective": "0-7\n"
  },
  "scope": "untar, filesystem, search",
  "iteration": "buffer-07"
}

fdb {
  "backend": "fdb",
  "passed": true,
  "phases": {
    "untar": {
      "target_start_time": 1791314815.893481,
      "actual_start_time": 1791314815.893576,
      "end_time": 1791314860.3324623
    },
    "filesystem": {
      "target_start_time": 1791314885.6868072,
      "actual_start_time": 1791314885.686943,
      "end_time": 1791314903.7032564
    },
    "search": {
      "target_start_time": 1791314922.121681,
      "actual_start_time": 1791314922.1217747,
      "end_time": 1791314923.8639448
    }
  },
  "settings": {
    "backend": "fdb",
    "endpoint": "https://10.150.0.17:7443",
    "search_host": "10.150.0.17",
    "search_port": 7447,
    "tenant": "bench",
    "content_cache_bytes": 268435456,
    "metadata_cache_bytes": 134217728,
    "warm_runs": 3,
    "search_repeats": 10
  },
  "manifest_sha256": "67fdf87da1a1b94bc1f6482f00b912c1010d512a907846e5747ba9c893d8a3c1",
  "files": 10000,
  "document_bytes": 177499149,
  "untar_mount_command": [
    "/srv/dfs/bin/mount-fdb",
    "--endpoint",
    "https://10.150.0.17:7443",
    "--token-file",
    "/srv/dfs/config/admin.token",
    "--ca",
    "/srv/dfs/config/ca.crt",
    "--mountpoint",
    "/srv/dfs/mount",
    "--content-cache-bytes",
    "268435456",
    "--metrics-file",
    "/srv/dfs/evidence/iterations/buffer-07/client/untar-mount-metrics.json"
  ],
  "untar_mount_startup_ms": 74.86737799990806,
  "untar": {
    "extraction_ms": 10533.317266,
    "extraction_plus_sync_ms": 10870.715609,
    "open_fsync_close_all_files_ms": 337.398343,
    "file_count_including_manifest": 10001,
    "all_hashes_verified": true
  },
  "untar_unmount": {
    "exit_code": 0,
    "unmounted": true
  },
  "index_after_untar": {
    "wait_ms": 48.02873699736665,
    "response": {
      "engine": "elasticsearch",
      "incomplete": false,
      "indexed_through": 10419,
      "source_head": 10419
    }
  },
  "filesystem_mount_command": [
    "/srv/dfs/bin/mount-fdb",
    "--endpoint",
    "https://10.150.0.17:7443",
    "--token-file",
    "/srv/dfs/config/admin.token",
    "--ca",
    "/srv/dfs/config/ca.crt",
    "--mountpoint",
    "/srv/dfs/mount",
    "--content-cache-bytes",
    "268435456",
    "--metrics-file",
    "/srv/dfs/evidence/iterations/buffer-07/client/filesystem-mount-metrics.json"
  ],
  "filesystem_mount_startup_ms": 562.2878940012015,
  "filesystem_unmount": {
    "exit_code": 0,
    "unmounted": true
  },
  "index_after_filesystem": {
    "wait_ms": 41.358206999575486,
    "response": {
      "engine": "elasticsearch",
      "incomplete": false,
      "indexed_through": 10485,
      "source_head": 10485
    }
  },
  "resources_scope": "all phases",
  "resources": {
    "memory.current": "222367744\n",
    "memory.peak": "476188672\n",
    "memory.max": "6442450944\n",
    "memory.swap.max": "0\n",
    "cpu.stat": "usage_usec 24607983\nuser_usec 12524829\nsystem_usec 12083153\nnice_usec 0\ncore_sched.force_idle_usec 0\nnr_periods 0\nnr_throttled 0\nthrottled_usec 0\nnr_bursts 0\nburst_usec 0\n",
    "cpuset.cpus.effective": "0-7\n"
  },
  "scope": "untar, filesystem, search",
  "iteration": "buffer-07"
}

tikv {
  "backend": "tikv",
  "passed": true,
  "phases": {
    "untar": {
      "target_start_time": 1791314815.893481,
      "actual_start_time": 1791314815.8935747,
      "end_time": 1791314842.1217446
    },
    "filesystem": {
      "target_start_time": 1791314885.6868072,
      "actual_start_time": 1791314885.6869063,
      "end_time": 1791314898.822357
    },
    "search": {
      "target_start_time": 1791314922.121681,
      "actual_start_time": 1791314922.1217787,
      "end_time": 1791314923.5786436
    }
  },
  "settings": {
    "backend": "tikv",
    "endpoint": "https://10.150.0.15:7443",
    "search_host": "10.150.0.15",
    "search_port": 7447,
    "tenant": "bench",
    "content_cache_bytes": 268435456,
    "metadata_cache_bytes": 134217728,
    "warm_runs": 3,
    "search_repeats": 10
  },
  "manifest_sha256": "67fdf87da1a1b94bc1f6482f00b912c1010d512a907846e5747ba9c893d8a3c1",
  "files": 10000,
  "document_bytes": 177499149,
  "untar_mount_command": [
    "/srv/dfs/bin/mount-tikv",
    "--endpoint",
    "https://10.150.0.15:7443",
    "--token-file",
    "/srv/dfs/config/admin.token",
    "--ca",
    "/srv/dfs/config/ca.crt",
    "--mountpoint",
    "/srv/dfs/mount",
    "--content-cache-bytes",
    "268435456",
    "--metrics-file",
    "/srv/dfs/evidence/iterations/buffer-07/client/untar-mount-metrics.json"
  ],
  "untar_mount_startup_ms": 57.50216500018723,
  "untar": {
    "extraction_ms": 9679.503419,
    "extraction_plus_sync_ms": 10025.787428000001,
    "open_fsync_close_all_files_ms": 346.284009,
    "file_count_including_manifest": 10001,
    "all_hashes_verified": true
  },
  "untar_unmount": {
    "exit_code": 0,
    "unmounted": true
  },
  "index_after_untar": {
    "wait_ms": 48.32449199966504,
    "response": {
      "engine": "elasticsearch",
      "incomplete": false,
      "indexed_through": 10426,
      "source_head": 10426
    }
  },
  "filesystem_mount_command": [
    "/srv/dfs/bin/mount-tikv",
    "--endpoint",
    "https://10.150.0.15:7443",
    "--token-file",
    "/srv/dfs/config/admin.token",
    "--ca",
    "/srv/dfs/config/ca.crt",
    "--mountpoint",
    "/srv/dfs/mount",
    "--content-cache-bytes",
    "268435456",
    "--metrics-file",
    "/srv/dfs/evidence/iterations/buffer-07/client/filesystem-mount-metrics.json"
  ],
  "filesystem_mount_startup_ms": 314.5429210017028,
  "filesystem_unmount": {
    "exit_code": 0,
    "unmounted": true
  },
  "index_after_filesystem": {
    "wait_ms": 40.60133399980259,
    "response": {
      "engine": "elasticsearch",
      "incomplete": false,
      "indexed_through": 10492,
      "source_head": 10492
    }
  },
  "resources_scope": "all phases",
  "resources": {
    "memory.current": "222326784\n",
    "memory.peak": "475488256\n",
    "memory.max": "6442450944\n",
    "memory.swap.max": "0\n",
    "cpu.stat": "usage_usec 22332840\nuser_usec 11409459\nsystem_usec 10923381\nnice_usec 0\ncore_sched.force_idle_usec 0\nnr_periods 0\nnr_throttled 0\nthrottled_usec 0\nnr_bursts 0\nburst_usec 0\n",
    "cpuset.cpus.effective": "0-7\n"
  },
  "scope": "untar, filesystem, search",
  "iteration": "buffer-07"
}

