{"phase": "clone", "start_time": 1791319059.757664, "states": {"rocks": {"ready": true, "finished": null}, "fdb": {"ready": true, "finished": null}, "tikv": {"ready": true, "finished": null}}}
{"waiting": "search", "states": {"rocks": {"ready": false, "finished": null}, "fdb": {"ready": false, "finished": null}, "tikv": {"ready": false, "finished": null}}, "time": 1791319047.015296}
{"waiting": "search", "states": {"rocks": {"ready": false, "finished": null}, "fdb": {"ready": false, "finished": null}, "tikv": {"ready": false, "finished": null}}, "time": 1791319058.1692731}
{"waiting": "search", "states": {"rocks": {"ready": false, "finished": null}, "fdb": {"ready": false, "finished": null}, "tikv": {"ready": false, "finished": null}}, "time": 1791319069.322289}
{"waiting": "search", "states": {"rocks": {"ready": false, "finished": null}, "fdb": {"ready": false, "finished": null}, "tikv": {"ready": false, "finished": null}}, "time": 1791319080.4565618}
{"waiting": "search", "states": {"rocks": {"ready": false, "finished": null}, "fdb": {"ready": false, "finished": null}, "tikv": {"ready": false, "finished": null}}, "time": 1791319091.604793}
{"waiting": "search", "states": {"rocks": {"ready": false, "finished": null}, "fdb": {"ready": false, "finished": null}, "tikv": {"ready": false, "finished": null}}, "time": 1791319103.042644}
{"waiting": "search", "states": {"rocks": {"ready": false, "finished": null}, "fdb": {"ready": false, "finished": null}, "tikv": {"ready": false, "finished": null}}, "time": 1791319114.201077}
{"waiting": "search", "states": {"rocks": {"ready": false, "finished": null}, "fdb": {"ready": false, "finished": null}, "tikv": {"ready": false, "finished": null}}, "time": 1791319125.352449}
{"waiting": "search", "states": {"rocks": {"ready": false, "finished": null}, "fdb": {"ready": false, "finished": null}, "tikv": {"ready": false, "finished": null}}, "time": 1791319136.492807}
{"waiting": "search", "states": {"rocks": {"ready": false, "finished": null}, "fdb": {"ready": false, "finished": null}, "tikv": {"ready": false, "finished": null}}, "time": 1791319147.6214888}
{"waiting": "search", "states": {"rocks": {"ready": false, "finished": null}, "fdb": {"ready": false, "finished": null}, "tikv": {"ready": false, "finished": null}}, "time": 1791319158.770732}
{"waiting": "search", "states": {"rocks": {"ready": false, "finished": null}, "fdb": {"ready": false, "finished": null}, "tikv": {"ready": false, "finished": null}}, "time": 1791319170.2087522}
{"waiting": "search", "states": {"rocks": {"ready": false, "finished": null}, "fdb": {"ready": false, "finished": null}, "tikv": {"ready": false, "finished": null}}, "time": 1791319181.307744}
{"waiting": "search", "states": {"rocks": {"ready": false, "finished": null}, "fdb": {"ready": false, "finished": null}, "tikv": {"ready": false, "finished": null}}, "time": 1791319192.402883}
{"waiting": "search", "states": {"rocks": {"ready": false, "finished": null}, "fdb": {"ready": false, "finished": null}, "tikv": {"ready": false, "finished": null}}, "time": 1791319203.5405178}
{"waiting": "search", "states": {"rocks": {"ready": false, "finished": null}, "fdb": {"ready": false, "finished": null}, "tikv": {"ready": false, "finished": null}}, "time": 1791319214.690659}
{"waiting": "search", "states": {"rocks": {"ready": false, "finished": null}, "fdb": {"ready": false, "finished": null}, "tikv": {"ready": false, "finished": null}}, "time": 1791319225.8190222}
{"waiting": "search", "states": {"rocks": {"ready": false, "finished": null}, "fdb": {"ready": false, "finished": null}, "tikv": {"ready": false, "finished": null}}, "time": 1791319237.330646}
{"waiting": "search", "states": {"rocks": {"ready": false, "finished": null}, "fdb": {"ready": false, "finished": null}, "tikv": {"ready": false, "finished": null}}, "time": 1791319248.4801002}
{"waiting": "search", "states": {"rocks": {"ready": false, "finished": null}, "fdb": {"ready": false, "finished": null}, "tikv": {"ready": false, "finished": null}}, "time": 1791319259.639311}
{"waiting": "search", "states": {"rocks": {"ready": false, "finished": null}, "fdb": {"ready": false, "finished": null}, "tikv": {"ready": false, "finished": null}}, "time": 1791319270.8050208}
{"waiting": "search", "states": {"rocks": {"ready": false, "finished": null}, "fdb": {"ready": false, "finished": null}, "tikv": {"ready": false, "finished": null}}, "time": 1791319281.946571}
{"waiting": "search", "states": {"rocks": {"ready": false, "finished": null}, "fdb": {"ready": false, "finished": null}, "tikv": {"ready": false, "finished": null}}, "time": 1791319293.091687}
{"waiting": "search", "states": {"rocks": {"ready": false, "finished": null}, "fdb": {"ready": false, "finished": null}, "tikv": {"ready": false, "finished": null}}, "time": 1791319304.53685}
{"waiting": "search", "states": {"rocks": {"ready": false, "finished": null}, "fdb": {"ready": false, "finished": null}, "tikv": {"ready": false, "finished": null}}, "time": 1791319315.6329658}
{"waiting": "search", "states": {"rocks": {"ready": false, "finished": null}, "fdb": {"ready": false, "finished": null}, "tikv": {"ready": false, "finished": null}}, "time": 1791319326.804047}
{"waiting": "search", "states": {"rocks": {"ready": false, "finished": null}, "fdb": {"ready": false, "finished": null}, "tikv": {"ready": false, "finished": null}}, "time": 1791319337.9316921}
{"waiting": "search", "states": {"rocks": {"ready": false, "finished": null}, "fdb": {"ready": false, "finished": null}, "tikv": {"ready": false, "finished": null}}, "time": 1791319349.1358569}
{"waiting": "search", "states": {"rocks": {"ready": false, "finished": null}, "fdb": {"ready": false, "finished": null}, "tikv": {"ready": false, "finished": null}}, "time": 1791319360.324972}
{"waiting": "search", "states": {"rocks": {"ready": false, "finished": null}, "fdb": {"ready": false, "finished": null}, "tikv": {"ready": false, "finished": null}}, "time": 1791319371.741249}
{"waiting": "search", "states": {"rocks": {"ready": false, "finished": null}, "fdb": {"ready": false, "finished": null}, "tikv": {"ready": false, "finished": null}}, "time": 1791319382.92583}
{"waiting": "search", "states": {"rocks": {"ready": false, "finished": null}, "fdb": {"ready": false, "finished": null}, "tikv": {"ready": false, "finished": null}}, "time": 1791319394.2392151}
{"waiting": "search", "states": {"rocks": {"ready": false, "finished": null}, "fdb": {"ready": false, "finished": null}, "tikv": {"ready": false, "finished": null}}, "time": 1791319405.4665458}
{"waiting": "search", "states": {"rocks": {"ready": false, "finished": null}, "fdb": {"ready": false, "finished": null}, "tikv": {"ready": false, "finished": null}}, "time": 1791319416.652413}
{"waiting": "search", "states": {"rocks": {"ready": false, "finished": null}, "fdb": {"ready": false, "finished": null}, "tikv": {"ready": false, "finished": null}}, "time": 1791319427.863851}
{"waiting": "search", "states": {"rocks": {"ready": false, "finished": null}, "fdb": {"ready": false, "finished": null}, "tikv": {"ready": false, "finished": null}}, "time": 1791319439.3069491}
{"waiting": "search", "states": {"rocks": {"ready": false, "finished": null}, "fdb": {"ready": false, "finished": null}, "tikv": {"ready": false, "finished": null}}, "time": 1791319450.4783208}
{"waiting": "search", "states": {"rocks": {"ready": false, "finished": null}, "fdb": {"ready": false, "finished": null}, "tikv": {"ready": false, "finished": null}}, "time": 1791319461.56691}
{"waiting": "search", "states": {"rocks": {"ready": false, "finished": null}, "fdb": {"ready": false, "finished": null}, "tikv": {"ready": false, "finished": null}}, "time": 1791319472.760643}
{"waiting": "search", "states": {"rocks": {"ready": false, "finished": null}, "fdb": {"ready": false, "finished": null}, "tikv": {"ready": false, "finished": null}}, "time": 1791319483.9120011}
{"waiting": "search", "states": {"rocks": {"ready": false, "finished": null}, "fdb": {"ready": false, "finished": null}, "tikv": {"ready": false, "finished": null}}, "time": 1791319495.0590239}
{"waiting": "search", "states": {"rocks": {"ready": false, "finished": null}, "fdb": {"ready": false, "finished": null}, "tikv": {"ready": false, "finished": null}}, "time": 1791319506.481504}
{"waiting": "search", "states": {"rocks": {"ready": false, "finished": null}, "fdb": {"ready": false, "finished": null}, "tikv": {"ready": false, "finished": null}}, "time": 1791319517.6455832}
{"waiting": "search", "states": {"rocks": {"ready": false, "finished": null}, "fdb": {"ready": false, "finished": null}, "tikv": {"ready": false, "finished": null}}, "time": 1791319528.795538}
{"waiting": "search", "states": {"rocks": {"ready": false, "finished": null}, "fdb": {"ready": false, "finished": null}, "tikv": {"ready": false, "finished": null}}, "time": 1791319539.9415429}
{"waiting": "search", "states": {"rocks": {"ready": false, "finished": null}, "fdb": {"ready": false, "finished": null}, "tikv": {"ready": false, "finished": null}}, "time": 1791319551.079721}
{"waiting": "search", "states": {"rocks": {"ready": false, "finished": null}, "fdb": {"ready": true, "finished": null}, "tikv": {"ready": false, "finished": null}}, "time": 1791319562.265973}
{"waiting": "search", "states": {"rocks": {"ready": false, "finished": null}, "fdb": {"ready": true, "finished": null}, "tikv": {"ready": false, "finished": null}}, "time": 1791319573.67585}
{"waiting": "search", "states": {"rocks": {"ready": false, "finished": null}, "fdb": {"ready": true, "finished": null}, "tikv": {"ready": false, "finished": null}}, "time": 1791319584.7712011}
{"waiting": "search", "states": {"rocks": {"ready": false, "finished": null}, "fdb": {"ready": true, "finished": null}, "tikv": {"ready": false, "finished": null}}, "time": 1791319595.943421}
{"waiting": "search", "states": {"rocks": {"ready": false, "finished": null}, "fdb": {"ready": true, "finished": null}, "tikv": {"ready": false, "finished": null}}, "time": 1791319607.357801}
{"waiting": "search", "states": {"rocks": {"ready": false, "finished": null}, "fdb": {"ready": true, "finished": null}, "tikv": {"ready": false, "finished": null}}, "time": 1791319618.677863}
{"waiting": "search", "states": {"rocks": {"ready": false, "finished": null}, "fdb": {"ready": true, "finished": null}, "tikv": {"ready": false, "finished": null}}, "time": 1791319629.985335}
{"waiting": "search", "states": {"rocks": {"ready": false, "finished": null}, "fdb": {"ready": true, "finished": null}, "tikv": {"ready": false, "finished": null}}, "time": 1791319641.4393458}
{"waiting": "search", "states": {"rocks": {"ready": false, "finished": null}, "fdb": {"ready": true, "finished": null}, "tikv": {"ready": false, "finished": null}}, "time": 1791319652.5928771}
{"waiting": "search", "states": {"rocks": {"ready": false, "finished": null}, "fdb": {"ready": true, "finished": null}, "tikv": {"ready": false, "finished": null}}, "time": 1791319663.740515}
{"waiting": "search", "states": {"rocks": {"ready": false, "finished": null}, "fdb": {"ready": true, "finished": null}, "tikv": {"ready": false, "finished": null}}, "time": 1791319674.895749}
{"waiting": "search", "states": {"rocks": {"ready": false, "finished": null}, "fdb": {"ready": true, "finished": null}, "tikv": {"ready": false, "finished": null}}, "time": 1791319686.0580108}
{"waiting": "search", "states": {"rocks": {"ready": false, "finished": null}, "fdb": {"ready": true, "finished": null}, "tikv": {"ready": false, "finished": null}}, "time": 1791319697.210028}
{"waiting": "search", "states": {"rocks": {"ready": false, "finished": null}, "fdb": {"ready": true, "finished": null}, "tikv": {"ready": false, "finished": null}}, "time": 1791319708.58704}
{"waiting": "search", "states": {"rocks": {"ready": false, "finished": null}, "fdb": {"ready": true, "finished": null}, "tikv": {"ready": false, "finished": null}}, "time": 1791319719.75393}
{"waiting": "search", "states": {"rocks": {"ready": false, "finished": null}, "fdb": {"ready": true, "finished": null}, "tikv": {"ready": false, "finished": null}}, "time": 1791319730.843353}
{"waiting": "search", "states": {"rocks": {"ready": false, "finished": null}, "fdb": {"ready": true, "finished": null}, "tikv": {"ready": false, "finished": null}}, "time": 1791319742.0035882}
{"waiting": "search", "states": {"rocks": {"ready": false, "finished": null}, "fdb": {"ready": true, "finished": null}, "tikv": {"ready": true, "finished": null}}, "time": 1791319753.1625228}
{"waiting": "search", "states": {"rocks": {"ready": false, "finished": null}, "fdb": {"ready": true, "finished": null}, "tikv": {"ready": true, "finished": null}}, "time": 1791319764.319243}
{"waiting": "search", "states": {"rocks": {"ready": false, "finished": null}, "fdb": {"ready": true, "finished": null}, "tikv": {"ready": true, "finished": null}}, "time": 1791319775.808827}
{"waiting": "search", "states": {"rocks": {"ready": false, "finished": null}, "fdb": {"ready": true, "finished": null}, "tikv": {"ready": true, "finished": null}}, "time": 1791319786.959392}
{"waiting": "search", "states": {"rocks": {"ready": false, "finished": null}, "fdb": {"ready": true, "finished": null}, "tikv": {"ready": true, "finished": null}}, "time": 1791319798.104457}
{"waiting": "search", "states": {"rocks": {"ready": false, "finished": null}, "fdb": {"ready": true, "finished": null}, "tikv": {"ready": true, "finished": null}}, "time": 1791319809.2631412}
{"waiting": "search", "states": {"rocks": {"ready": false, "finished": null}, "fdb": {"ready": true, "finished": null}, "tikv": {"ready": true, "finished": null}}, "time": 1791319820.3677282}
{"waiting": "search", "states": {"rocks": {"ready": false, "finished": null}, "fdb": {"ready": true, "finished": null}, "tikv": {"ready": true, "finished": null}}, "time": 1791319831.507989}
{"waiting": "search", "states": {"rocks": {"ready": false, "finished": null}, "fdb": {"ready": true, "finished": null}, "tikv": {"ready": true, "finished": null}}, "time": 1791319842.966397}
{"waiting": "search", "states": {"rocks": {"ready": false, "finished": null}, "fdb": {"ready": true, "finished": null}, "tikv": {"ready": true, "finished": null}}, "time": 1791319854.116138}
{"waiting": "search", "states": {"rocks": {"ready": false, "finished": null}, "fdb": {"ready": true, "finished": null}, "tikv": {"ready": true, "finished": null}}, "time": 1791319865.31312}
{"phase": "search", "start_time": 1791319891.4706712, "states": {"rocks": {"ready": true, "finished": null}, "fdb": {"ready": true, "finished": null}, "tikv": {"ready": true, "finished": null}}}
{"waiting": "finished", "states": {"rocks": {"ready": false, "finished": null}, "fdb": {"ready": false, "finished": null}, "tikv": {"ready": false, "finished": null}}, "time": 1791319878.706563}
{"waiting": "finished", "states": {"rocks": {"ready": false, "finished": null}, "fdb": {"ready": false, "finished": null}, "tikv": {"ready": false, "finished": null}}, "time": 1791319889.851776}
{"waiting": "finished", "states": {"rocks": {"ready": false, "finished": null}, "fdb": {"ready": false, "finished": null}, "tikv": {"ready": false, "finished": null}}, "time": 1791319901.3070269}
{"waiting": "finished", "states": {"rocks": {"ready": false, "finished": null}, "fdb": {"ready": false, "finished": null}, "tikv": {"ready": false, "finished": null}}, "time": 1791319912.779519}
{"waiting": "finished", "states": {"rocks": {"ready": false, "finished": {"passed": true, "time": 1791319915.5751913}}, "fdb": {"ready": false, "finished": null}, "tikv": {"ready": false, "finished": null}}, "time": 1791319923.9470909}
{"waiting": "finished", "states": {"rocks": {"ready": false, "finished": {"passed": true, "time": 1791319915.5751913}}, "fdb": {"ready": false, "finished": null}, "tikv": {"ready": false, "finished": null}}, "time": 1791319935.095916}
{"waiting": "finished", "states": {"rocks": {"ready": false, "finished": {"passed": true, "time": 1791319915.5751913}}, "fdb": {"ready": false, "finished": null}, "tikv": {"ready": false, "finished": null}}, "time": 1791319946.246258}
{"waiting": "finished", "states": {"rocks": {"ready": false, "finished": {"passed": true, "time": 1791319915.5751913}}, "fdb": {"ready": false, "finished": null}, "tikv": {"ready": false, "finished": null}}, "time": 1791319957.416163}
{"waiting": "finished", "states": {"rocks": {"ready": false, "finished": {"passed": true, "time": 1791319915.5751913}}, "fdb": {"ready": false, "finished": null}, "tikv": {"ready": false, "finished": null}}, "time": 1791319968.819495}
{"waiting": "finished", "states": {"rocks": {"ready": false, "finished": {"passed": true, "time": 1791319915.5751913}}, "fdb": {"ready": false, "finished": null}, "tikv": {"ready": false, "finished": {"passed": true, "time": 1791319979.577885}}}, "time": 1791319980.25581}
{"waiting": "finished", "states": {"rocks": {"ready": false, "finished": {"passed": true, "time": 1791319915.5751913}}, "fdb": {"ready": false, "finished": null}, "tikv": {"ready": false, "finished": {"passed": true, "time": 1791319979.577885}}}, "time": 1791319991.422233}
{"waiting": "finished", "states": {"rocks": {"ready": false, "finished": {"passed": true, "time": 1791319915.5751913}}, "fdb": {"ready": false, "finished": null}, "tikv": {"ready": false, "finished": {"passed": true, "time": 1791319979.577885}}}, "time": 1791320002.632298}
{"waiting": "finished", "states": {"rocks": {"ready": false, "finished": {"passed": true, "time": 1791319915.5751913}}, "fdb": {"ready": false, "finished": null}, "tikv": {"ready": false, "finished": {"passed": true, "time": 1791319979.577885}}}, "time": 1791320013.782581}
{"waiting": "finished", "states": {"rocks": {"ready": false, "finished": {"passed": true, "time": 1791319915.5751913}}, "fdb": {"ready": false, "finished": null}, "tikv": {"ready": false, "finished": {"passed": true, "time": 1791319979.577885}}}, "time": 1791320024.8946078}
rocks {
  "backend": "rocks",
  "passed": true,
  "phases": {
    "clone": {
      "target_start_time": 1791319059.757664,
      "actual_start_time": 1791319059.7577567,
      "end_time": 1791319733.5978172
    },
    "search": {
      "target_start_time": 1791319891.4706712,
      "actual_start_time": 1791319891.4707608,
      "end_time": 1791319915.5747995
    }
  },
  "settings": {
    "backend": "rocks",
    "endpoint": "https://10.150.0.3:7443",
    "search_host": "10.150.0.3",
    "search_port": 7447,
    "tenant": "bench",
    "content_cache_bytes": 268435456,
    "metadata_cache_bytes": 134217728,
    "warm_runs": 3,
    "search_repeats": 10
  },
  "git_mode": "external-gitdir",
  "scope": "full GitHub clone with native-SSD Git database, FUSE working tree and symlink placeholders",
  "source_url_requested": "git@github.com:dust-tt/dust",
  "source_url_used": "https://github.com/dust-tt/dust.git",
  "transport_reason": "Benchmark hosts have no GitHub SSH identity; public HTTPS reaches the same repository without copying credentials.",
  "git_version": "git version 2.43.0",
  "clone_mount_command": [
    "/srv/dfs/bin/mount-rocks",
    "--endpoint",
    "https://10.150.0.3:7443",
    "--token-file",
    "/srv/dfs/config/admin.token",
    "--ca",
    "/srv/dfs/config/ca.crt",
    "--mountpoint",
    "/srv/dfs/mount",
    "--content-cache-bytes",
    "268435456",
    "--metrics-file",
    "/srv/dfs/evidence/iterations/git-02/client/clone-mount-metrics.json",
    "--read-concurrency",
    "8"
  ],
  "clone_mount_startup_ms": 52.02916800044477,
  "clone": {
    "command": [
      "git",
      "clone",
      "--separate-git-dir",
      "/srv/dfs/git-metadata-git-02",
      "-c",
      "core.symlinks=false",
      "--no-checkout",
      "https://github.com/dust-tt/dust.git",
      "/srv/dfs/mount/files/dust"
    ],
    "exit_code": 0,
    "elapsed_ms": 673839.83043,
    "checkout_command": [
      "git",
      "-C",
      "/srv/dfs/mount/files/dust",
      "checkout",
      "--detach",
      "d12961dd26b05e97c0c6145d2e80ea8a0ce776b5"
    ],
    "successful": true
  },
  "transfer": {
    "command": [
      "git",
      "clone",
      "--separate-git-dir",
      "/srv/dfs/git-metadata-git-02",
      "-c",
      "core.symlinks=false",
      "--no-checkout",
      "https://github.com/dust-tt/dust.git",
      "/srv/dfs/mount/files/dust"
    ],
    "exit_code": 0,
    "elapsed_ms": 663760.835494
  },
  "checkout": {
    "command": [
      "git",
      "-C",
      "/srv/dfs/mount/files/dust",
      "checkout",
      "--detach",
      "d12961dd26b05e97c0c6145d2e80ea8a0ce776b5"
    ],
    "exit_code": 0,
    "elapsed_ms": 10078.963631
  },
  "commit": "d12961dd26b05e97c0c6145d2e80ea8a0ce776b5",
  "durability": {
    "open_fsync_close_ms": 683.656493,
    "files": 15462
  },
  "git_status": {
    "command": [
      "git",
      "status",
      "--porcelain"
    ],
    "exit_code": 0,
    "elapsed_ms": 814.995036
  },
  "clone_unmount": {
    "exit_code": 0,
    "unmounted": true
  },
  "index_readiness": {
    "wait_ms": 9.060696997039486,
    "checkpoint": {
      "engine": "tantivy",
      "incomplete": false,
      "indexed_through": {
        "head": 21089,
        "incarnation": "34347ac781c34ea59a2da21959894548",
        "tenant": "bench"
      }
    }
  },
  "search_mount_command": [
    "/srv/dfs/bin/mount-rocks",
    "--endpoint",
    "https://10.150.0.3:7443",
    "--token-file",
    "/srv/dfs/config/admin.token",
    "--ca",
    "/srv/dfs/config/ca.crt",
    "--mountpoint",
    "/srv/dfs/mount",
    "--content-cache-bytes",
    "268435456",
    "--metrics-file",
    "/srv/dfs/evidence/iterations/git-02/client/search-mount-metrics.json",
    "--read-concurrency",
    "8"
  ],
  "search_mount_startup_ms": 134.30719700045302,
  "search": {
    "passed": true,
    "rows": [
      {
        "workload": "rg --files",
        "first_ms": 114.916056,
        "warm_median_ms": 60.935958,
        "samples_ms": [
          114.916056,
          62.663038,
          60.721774,
          60.935958
        ],
        "validated": {
          "exit_code": 0,
          "lines": 15176,
          "sha256": "16e8392a0a8c60b2b4b98c693ad530261a3708ee543ac10f49110d07fbb0635e"
        }
      },
      {
        "workload": "rg absent literal",
        "first_ms": 1305.625983,
        "warm_median_ms": 1133.752128,
        "samples_ms": [
          1305.625983,
          1170.208475,
          1130.76448,
          1133.752128
        ],
        "validated": {
          "exit_code": 1,
          "lines": 0,
          "sha256": "e3b0c44298fc1c149afbf4c8996fb92427ae41e4649b934ca495991b7852b855"
        }
      },
      {
        "workload": "rg useEffect",
        "first_ms": 1277.277819,
        "warm_median_ms": 1249.923083,
        "samples_ms": [
          1277.277819,
          1231.016755,
          1276.276256,
          1249.923083
        ],
        "validated": {
          "exit_code": 0,
          "lines": 509,
          "sha256": "b25f9e2ae282c5708ebeae7e5e809233e531182aa6d7a9b0ad416733d4337f75"
        }
      },
      {
        "workload": "rg repository literal",
        "first_ms": 1144.180149,
        "warm_median_ms": 1245.872716,
        "samples_ms": [
          1144.180149,
          1251.625544,
          1245.872716,
          1205.774207
        ],
        "validated": {
          "exit_code": 0,
          "lines": 43,
          "sha256": "57664a6bb17de6de4e0af41d134d126d22970693dc15463dbbabc4c2176aeaf4"
        }
      },
      {
        "workload": "rg TSX useEffect",
        "first_ms": 180.996883,
        "warm_median_ms": 106.73734,
        "samples_ms": [
          180.996883,
          125.130186,
          106.73734,
          104.675939
        ],
        "validated": {
          "exit_code": 0,
          "lines": 399,
          "sha256": "b4fab16c45fab220b94fb0b736a8c3ae5062356e85e0cccebf9c5dbf7b13f083"
        }
      },
      {
        "workload": "rg front subtree",
        "first_ms": 316.534934,
        "warm_median_ms": 211.441242,
        "samples_ms": [
          316.534934,
          210.260345,
          229.823422,
          211.441242
        ],
        "validated": {
          "exit_code": 0,
          "lines": 348,
          "sha256": "d7563279f9de24ea8d47c9ce6207d5d617b3a2049d5e4bb0b4d770d748cf173b"
        }
      }
    ]
  },
  "indexed_search": {
    "passed": true,
    "rows": [
      {
        "literal": "useEffect",
        "expected_hits": 10,
        "first_ms": 5.491362,
        "warm_median_ms": 2.4371275,
        "samples_ms": [
          5.491362,
          2.265252,
          2.473657,
          2.366777,
          2.488496,
          2.32992,
          2.570843,
          1.986865,
          2.548688,
          2.436091,
          2.438164
        ]
      },
      {
        "literal": "dust-tt/dust",
        "expected_hits": 10,
        "first_ms": 2.740572,
        "warm_median_ms": 1.908823,
        "samples_ms": [
          2.740572,
          2.434645,
          1.895703,
          1.608721,
          1.709785,
          2.446414,
          2.251694,
          1.851117,
          1.751071,
          1.929011,
          1.921943
        ]
      },
      {
        "literal": "DFS_ABSENT_40b5c32e5ff649f18005",
        "expected_hits": 0,
        "first_ms": 1.848806,
        "warm_median_ms": 1.3077014999999999,
        "samples_ms": [
          1.848806,
          1.298482,
          1.374978,
          1.44711,
          1.51477,
          1.304528,
          1.559136,
          1.288048,
          1.310875,
          0.926011,
          0.949468
        ]
      }
    ]
  },
  "checkout_validation": {
    "regular_files": 15461,
    "bytes": 316183460,
    "manifest_sha256": "d6e8ad6787fcdcf98409cdb31f2146902a05a4d5b0863652dec1cdb10cf641e0",
    "passed": true
  },
  "search_unmount": {
    "exit_code": 0,
    "unmounted": true
  },
  "iteration": "git-02"
}

fdb {
  "backend": "fdb",
  "passed": true,
  "phases": {
    "clone": {
      "target_start_time": 1791319059.757664,
      "actual_start_time": 1791319059.7578008,
      "end_time": 1791319443.5947616
    },
    "search": {
      "target_start_time": 1791319891.4706712,
      "actual_start_time": 1791319891.4708276,
      "end_time": 1791320027.225208
    }
  },
  "settings": {
    "backend": "fdb",
    "endpoint": "https://10.150.0.17:7443",
    "search_host": "10.150.0.17",
    "search_port": 7447,
    "tenant": "bench",
    "content_cache_bytes": 268435456,
    "metadata_cache_bytes": 134217728,
    "warm_runs": 3,
    "search_repeats": 10
  },
  "git_mode": "external-gitdir",
  "scope": "full GitHub clone with native-SSD Git database, FUSE working tree and symlink placeholders",
  "source_url_requested": "git@github.com:dust-tt/dust",
  "source_url_used": "https://github.com/dust-tt/dust.git",
  "transport_reason": "Benchmark hosts have no GitHub SSH identity; public HTTPS reaches the same repository without copying credentials.",
  "git_version": "git version 2.43.0",
  "clone_mount_command": [
    "/srv/dfs/bin/mount-fdb",
    "--endpoint",
    "https://10.150.0.17:7443",
    "--token-file",
    "/srv/dfs/config/admin.token",
    "--ca",
    "/srv/dfs/config/ca.crt",
    "--mountpoint",
    "/srv/dfs/mount",
    "--content-cache-bytes",
    "268435456",
    "--metrics-file",
    "/srv/dfs/evidence/iterations/git-02/client/clone-mount-metrics.json"
  ],
  "clone_mount_startup_ms": 73.95191600153339,
  "clone": {
    "command": [
      "git",
      "clone",
      "--separate-git-dir",
      "/srv/dfs/git-metadata-git-02",
      "-c",
      "core.symlinks=false",
      "--no-checkout",
      "https://github.com/dust-tt/dust.git",
      "/srv/dfs/mount/files/dust"
    ],
    "exit_code": 0,
    "elapsed_ms": 383836.570542,
    "checkout_command": [
      "git",
      "-C",
      "/srv/dfs/mount/files/dust",
      "checkout",
      "--detach",
      "d12961dd26b05e97c0c6145d2e80ea8a0ce776b5"
    ],
    "successful": true
  },
  "transfer": {
    "command": [
      "git",
      "clone",
      "--separate-git-dir",
      "/srv/dfs/git-metadata-git-02",
      "-c",
      "core.symlinks=false",
      "--no-checkout",
      "https://github.com/dust-tt/dust.git",
      "/srv/dfs/mount/files/dust"
    ],
    "exit_code": 0,
    "elapsed_ms": 350208.35092
  },
  "checkout": {
    "command": [
      "git",
      "-C",
      "/srv/dfs/mount/files/dust",
      "checkout",
      "--detach",
      "d12961dd26b05e97c0c6145d2e80ea8a0ce776b5"
    ],
    "exit_code": 0,
    "elapsed_ms": 33628.172581
  },
  "commit": "d12961dd26b05e97c0c6145d2e80ea8a0ce776b5",
  "durability": {
    "open_fsync_close_ms": 1087.737326,
    "files": 15462
  },
  "git_status": {
    "command": [
      "git",
      "status",
      "--porcelain"
    ],
    "exit_code": 0,
    "elapsed_ms": 3170.60117
  },
  "clone_unmount": {
    "exit_code": 0,
    "unmounted": true
  },
  "index_readiness": {
    "wait_ms": 219.76303099654615,
    "checkpoint": {
      "engine": "elasticsearch",
      "incomplete": false,
      "indexed_through": 20890,
      "source_head": 20890
    }
  },
  "search_mount_command": [
    "/srv/dfs/bin/mount-fdb",
    "--endpoint",
    "https://10.150.0.17:7443",
    "--token-file",
    "/srv/dfs/config/admin.token",
    "--ca",
    "/srv/dfs/config/ca.crt",
    "--mountpoint",
    "/srv/dfs/mount",
    "--content-cache-bytes",
    "268435456",
    "--metrics-file",
    "/srv/dfs/evidence/iterations/git-02/client/search-mount-metrics.json"
  ],
  "search_mount_startup_ms": 970.4347219994816,
  "search": {
    "passed": true,
    "rows": [
      {
        "workload": "rg --files",
        "first_ms": 142.737438,
        "warm_median_ms": 78.077459,
        "samples_ms": [
          142.737438,
          78.077459,
          76.90072,
          78.603408
        ],
        "validated": {
          "exit_code": 0,
          "lines": 15176,
          "sha256": "16e8392a0a8c60b2b4b98c693ad530261a3708ee543ac10f49110d07fbb0635e"
        }
      },
      {
        "workload": "rg absent literal",
        "first_ms": 7802.176847,
        "warm_median_ms": 7821.980445,
        "samples_ms": [
          7802.176847,
          7647.380204,
          7841.632155,
          7821.980445
        ],
        "validated": {
          "exit_code": 1,
          "lines": 0,
          "sha256": "e3b0c44298fc1c149afbf4c8996fb92427ae41e4649b934ca495991b7852b855"
        }
      },
      {
        "workload": "rg useEffect",
        "first_ms": 7678.570748,
        "warm_median_ms": 7605.657222,
        "samples_ms": [
          7678.570748,
          7605.657222,
          6702.859694,
          7651.347845
        ],
        "validated": {
          "exit_code": 0,
          "lines": 509,
          "sha256": "b25f9e2ae282c5708ebeae7e5e809233e531182aa6d7a9b0ad416733d4337f75"
        }
      },
      {
        "workload": "rg repository literal",
        "first_ms": 6823.582499,
        "warm_median_ms": 7472.127416,
        "samples_ms": [
          6823.582499,
          7004.837116,
          7781.69839,
          7472.127416
        ],
        "validated": {
          "exit_code": 0,
          "lines": 43,
          "sha256": "57664a6bb17de6de4e0af41d134d126d22970693dc15463dbbabc4c2176aeaf4"
        }
      },
      {
        "workload": "rg TSX useEffect",
        "first_ms": 501.46926,
        "warm_median_ms": 145.039697,
        "samples_ms": [
          501.46926,
          174.171423,
          134.781951,
          145.039697
        ],
        "validated": {
          "exit_code": 0,
          "lines": 399,
          "sha256": "b4fab16c45fab220b94fb0b736a8c3ae5062356e85e0cccebf9c5dbf7b13f083"
        }
      },
      {
        "workload": "rg front subtree",
        "first_ms": 1065.140731,
        "warm_median_ms": 262.841437,
        "samples_ms": [
          1065.140731,
          264.215409,
          262.454857,
          262.841437
        ],
        "validated": {
          "exit_code": 0,
          "lines": 348,
          "sha256": "d7563279f9de24ea8d47c9ce6207d5d617b3a2049d5e4bb0b4d770d748cf173b"
        }
      }
    ]
  },
  "indexed_search": {
    "passed": true,
    "rows": [
      {
        "literal": "useEffect",
        "expected_hits": 10,
        "first_ms": 203.767367,
        "warm_median_ms": 175.78623349999998,
        "samples_ms": [
          203.767367,
          182.702447,
          176.456413,
          176.180672,
          175.391795,
          169.941099,
          175.17613,
          177.650553,
          173.950829,
          175.376118,
          176.964531
        ]
      },
      {
        "literal": "dust-tt/dust",
        "expected_hits": 10,
        "first_ms": 183.876333,
        "warm_median_ms": 186.48306050000002,
        "samples_ms": [
          183.876333,
          187.274432,
          182.275979,
          193.32422,
          186.573304,
          181.306069,
          184.40558,
          186.618015,
          181.059367,
          186.515251,
          186.45087
        ]
      },
      {
        "literal": "DFS_ABSENT_40b5c32e5ff649f18005",
        "expected_hits": 0,
        "first_ms": 112.868782,
        "warm_median_ms": 114.907132,
        "samples_ms": [
          112.868782,
          119.36105,
          117.109601,
          115.017778,
          114.673195,
          114.689504,
          113.420958,
          116.663674,
          117.525476,
          114.27401,
          114.796486
        ]
      }
    ]
  },
  "checkout_validation": {
    "regular_files": 15461,
    "bytes": 316183460,
    "manifest_sha256": "d6e8ad6787fcdcf98409cdb31f2146902a05a4d5b0863652dec1cdb10cf641e0",
    "passed": true
  },
  "search_unmount": {
    "exit_code": 0,
    "unmounted": true
  },
  "iteration": "git-02"
}

tikv {
  "backend": "tikv",
  "passed": true,
  "phases": {
    "clone": {
      "target_start_time": 1791319059.757664,
      "actual_start_time": 1791319059.7577548,
      "end_time": 1791319602.8914912
    },
    "search": {
      "target_start_time": 1791319891.4706712,
      "actual_start_time": 1791319891.470775,
      "end_time": 1791319979.5775304
    }
  },
  "settings": {
    "backend": "tikv",
    "endpoint": "https://10.150.0.15:7443",
    "search_host": "10.150.0.15",
    "search_port": 7447,
    "tenant": "bench",
    "content_cache_bytes": 268435456,
    "metadata_cache_bytes": 134217728,
    "warm_runs": 3,
    "search_repeats": 10
  },
  "git_mode": "external-gitdir",
  "scope": "full GitHub clone with native-SSD Git database, FUSE working tree and symlink placeholders",
  "source_url_requested": "git@github.com:dust-tt/dust",
  "source_url_used": "https://github.com/dust-tt/dust.git",
  "transport_reason": "Benchmark hosts have no GitHub SSH identity; public HTTPS reaches the same repository without copying credentials.",
  "git_version": "git version 2.43.0",
  "clone_mount_command": [
    "/srv/dfs/bin/mount-tikv",
    "--endpoint",
    "https://10.150.0.15:7443",
    "--token-file",
    "/srv/dfs/config/admin.token",
    "--ca",
    "/srv/dfs/config/ca.crt",
    "--mountpoint",
    "/srv/dfs/mount",
    "--content-cache-bytes",
    "268435456",
    "--metrics-file",
    "/srv/dfs/evidence/iterations/git-02/client/clone-mount-metrics.json"
  ],
  "clone_mount_startup_ms": 57.55597799725365,
  "clone": {
    "command": [
      "git",
      "clone",
      "--separate-git-dir",
      "/srv/dfs/git-metadata-git-02",
      "-c",
      "core.symlinks=false",
      "--no-checkout",
      "https://github.com/dust-tt/dust.git",
      "/srv/dfs/mount/files/dust"
    ],
    "exit_code": 0,
    "elapsed_ms": 543133.488387,
    "checkout_command": [
      "git",
      "-C",
      "/srv/dfs/mount/files/dust",
      "checkout",
      "--detach",
      "d12961dd26b05e97c0c6145d2e80ea8a0ce776b5"
    ],
    "successful": true
  },
  "transfer": {
    "command": [
      "git",
      "clone",
      "--separate-git-dir",
      "/srv/dfs/git-metadata-git-02",
      "-c",
      "core.symlinks=false",
      "--no-checkout",
      "https://github.com/dust-tt/dust.git",
      "/srv/dfs/mount/files/dust"
    ],
    "exit_code": 0,
    "elapsed_ms": 507614.140523
  },
  "checkout": {
    "command": [
      "git",
      "-C",
      "/srv/dfs/mount/files/dust",
      "checkout",
      "--detach",
      "d12961dd26b05e97c0c6145d2e80ea8a0ce776b5"
    ],
    "exit_code": 0,
    "elapsed_ms": 35519.305937
  },
  "commit": "d12961dd26b05e97c0c6145d2e80ea8a0ce776b5",
  "durability": {
    "open_fsync_close_ms": 873.428946,
    "files": 15462
  },
  "git_status": {
    "command": [
      "git",
      "status",
      "--porcelain"
    ],
    "exit_code": 0,
    "elapsed_ms": 1516.157455
  },
  "clone_unmount": {
    "exit_code": 0,
    "unmounted": true
  },
  "index_readiness": {
    "wait_ms": 196.2173680003616,
    "checkpoint": {
      "engine": "elasticsearch",
      "incomplete": false,
      "indexed_through": 20922,
      "source_head": 20922
    }
  },
  "search_mount_command": [
    "/srv/dfs/bin/mount-tikv",
    "--endpoint",
    "https://10.150.0.15:7443",
    "--token-file",
    "/srv/dfs/config/admin.token",
    "--ca",
    "/srv/dfs/config/ca.crt",
    "--mountpoint",
    "/srv/dfs/mount",
    "--content-cache-bytes",
    "268435456",
    "--metrics-file",
    "/srv/dfs/evidence/iterations/git-02/client/search-mount-metrics.json"
  ],
  "search_mount_startup_ms": 547.0981250000477,
  "search": {
    "passed": true,
    "rows": [
      {
        "workload": "rg --files",
        "first_ms": 115.390968,
        "warm_median_ms": 61.036597,
        "samples_ms": [
          115.390968,
          63.476761,
          61.036597,
          60.004269
        ],
        "validated": {
          "exit_code": 0,
          "lines": 15176,
          "sha256": "16e8392a0a8c60b2b4b98c693ad530261a3708ee543ac10f49110d07fbb0635e"
        }
      },
      {
        "workload": "rg absent literal",
        "first_ms": 5266.7097,
        "warm_median_ms": 4338.467753,
        "samples_ms": [
          5266.7097,
          5274.168154,
          3674.370727,
          4338.467753
        ],
        "validated": {
          "exit_code": 1,
          "lines": 0,
          "sha256": "e3b0c44298fc1c149afbf4c8996fb92427ae41e4649b934ca495991b7852b855"
        }
      },
      {
        "workload": "rg useEffect",
        "first_ms": 5652.871756,
        "warm_median_ms": 5598.386632,
        "samples_ms": [
          5652.871756,
          5098.686494,
          5752.881534,
          5598.386632
        ],
        "validated": {
          "exit_code": 0,
          "lines": 509,
          "sha256": "b25f9e2ae282c5708ebeae7e5e809233e531182aa6d7a9b0ad416733d4337f75"
        }
      },
      {
        "workload": "rg repository literal",
        "first_ms": 4866.008618,
        "warm_median_ms": 5670.308848,
        "samples_ms": [
          4866.008618,
          5670.308848,
          5701.754203,
          5369.428446
        ],
        "validated": {
          "exit_code": 0,
          "lines": 43,
          "sha256": "57664a6bb17de6de4e0af41d134d126d22970693dc15463dbbabc4c2176aeaf4"
        }
      },
      {
        "workload": "rg TSX useEffect",
        "first_ms": 175.593735,
        "warm_median_ms": 109.10093,
        "samples_ms": [
          175.593735,
          109.10093,
          107.084949,
          124.951878
        ],
        "validated": {
          "exit_code": 0,
          "lines": 399,
          "sha256": "b4fab16c45fab220b94fb0b736a8c3ae5062356e85e0cccebf9c5dbf7b13f083"
        }
      },
      {
        "workload": "rg front subtree",
        "first_ms": 845.210155,
        "warm_median_ms": 228.356891,
        "samples_ms": [
          845.210155,
          244.173741,
          215.953226,
          228.356891
        ],
        "validated": {
          "exit_code": 0,
          "lines": 348,
          "sha256": "d7563279f9de24ea8d47c9ce6207d5d617b3a2049d5e4bb0b4d770d748cf173b"
        }
      }
    ]
  },
  "indexed_search": {
    "passed": true,
    "rows": [
      {
        "literal": "useEffect",
        "expected_hits": 10,
        "first_ms": 202.692,
        "warm_median_ms": 168.817683,
        "samples_ms": [
          202.692,
          177.340218,
          167.746693,
          166.424044,
          170.769791,
          161.962062,
          169.888673,
          161.62704,
          171.331933,
          162.087735,
          170.219217
        ]
      },
      {
        "literal": "dust-tt/dust",
        "expected_hits": 10,
        "first_ms": 179.252127,
        "warm_median_ms": 177.70123949999999,
        "samples_ms": [
          179.252127,
          181.717285,
          180.69975,
          174.71615,
          177.229955,
          175.287455,
          178.01711,
          182.139945,
          177.385369,
          176.609198,
          178.555832
        ]
      },
      {
        "literal": "DFS_ABSENT_40b5c32e5ff649f18005",
        "expected_hits": 0,
        "first_ms": 99.07469,
        "warm_median_ms": 104.3336635,
        "samples_ms": [
          99.07469,
          102.793908,
          108.340039,
          104.10557,
          104.503159,
          103.392739,
          103.647176,
          115.114306,
          104.164168,
          106.157476,
          107.465547
        ]
      }
    ]
  },
  "checkout_validation": {
    "regular_files": 15461,
    "bytes": 316183460,
    "manifest_sha256": "d6e8ad6787fcdcf98409cdb31f2146902a05a4d5b0863652dec1cdb10cf641e0",
    "passed": true
  },
  "search_unmount": {
    "exit_code": 0,
    "unmounted": true
  },
  "iteration": "git-02"
}

