{"phase": "untar", "start_time": 1791303048.1256971, "states": {"rocks": {"ready": true, "finished": null}, "fdb": {"ready": true, "finished": null}, "tikv": {"ready": true, "finished": null}}}
{"waiting": "finished", "states": {"rocks": {"ready": false, "finished": null}, "fdb": {"ready": false, "finished": null}, "tikv": {"ready": false, "finished": null}}, "time": 1791303035.7468648}
{"waiting": "finished", "states": {"rocks": {"ready": false, "finished": null}, "fdb": {"ready": false, "finished": null}, "tikv": {"ready": false, "finished": null}}, "time": 1791303047.0960262}
{"waiting": "finished", "states": {"rocks": {"ready": false, "finished": null}, "fdb": {"ready": false, "finished": null}, "tikv": {"ready": false, "finished": null}}, "time": 1791303058.3764129}
{"waiting": "finished", "states": {"rocks": {"ready": false, "finished": null}, "fdb": {"ready": false, "finished": null}, "tikv": {"ready": false, "finished": null}}, "time": 1791303069.847074}
{"waiting": "finished", "states": {"rocks": {"ready": false, "finished": {"passed": true, "time": 1791303075.1527202}}, "fdb": {"ready": false, "finished": null}, "tikv": {"ready": false, "finished": null}}, "time": 1791303081.152063}
{"waiting": "finished", "states": {"rocks": {"ready": false, "finished": {"passed": true, "time": 1791303075.1527202}}, "fdb": {"ready": false, "finished": null}, "tikv": {"ready": false, "finished": null}}, "time": 1791303092.6811452}
{"waiting": "finished", "states": {"rocks": {"ready": false, "finished": {"passed": true, "time": 1791303075.1527202}}, "fdb": {"ready": false, "finished": null}, "tikv": {"ready": false, "finished": null}}, "time": 1791303104.2476668}
{"waiting": "finished", "states": {"rocks": {"ready": false, "finished": {"passed": true, "time": 1791303075.1527202}}, "fdb": {"ready": false, "finished": null}, "tikv": {"ready": false, "finished": null}}, "time": 1791303115.517198}
{"waiting": "finished", "states": {"rocks": {"ready": false, "finished": {"passed": true, "time": 1791303075.1527202}}, "fdb": {"ready": false, "finished": null}, "tikv": {"ready": false, "finished": null}}, "time": 1791303127.096002}
{"waiting": "finished", "states": {"rocks": {"ready": false, "finished": {"passed": true, "time": 1791303075.1527202}}, "fdb": {"ready": false, "finished": null}, "tikv": {"ready": false, "finished": null}}, "time": 1791303138.506706}
{"waiting": "finished", "states": {"rocks": {"ready": false, "finished": {"passed": true, "time": 1791303075.1527202}}, "fdb": {"ready": false, "finished": null}, "tikv": {"ready": false, "finished": null}}, "time": 1791303149.8388941}
{"waiting": "finished", "states": {"rocks": {"ready": false, "finished": {"passed": true, "time": 1791303075.1527202}}, "fdb": {"ready": false, "finished": null}, "tikv": {"ready": false, "finished": null}}, "time": 1791303161.38966}
{"waiting": "finished", "states": {"rocks": {"ready": false, "finished": {"passed": true, "time": 1791303075.1527202}}, "fdb": {"ready": false, "finished": null}, "tikv": {"ready": false, "finished": null}}, "time": 1791303173.440181}
{"waiting": "finished", "states": {"rocks": {"ready": false, "finished": {"passed": true, "time": 1791303075.1527202}}, "fdb": {"ready": false, "finished": null}, "tikv": {"ready": false, "finished": null}}, "time": 1791303184.640346}
{"waiting": "finished", "states": {"rocks": {"ready": false, "finished": {"passed": true, "time": 1791303075.1527202}}, "fdb": {"ready": false, "finished": null}, "tikv": {"ready": false, "finished": null}}, "time": 1791303195.9907122}
{"waiting": "finished", "states": {"rocks": {"ready": false, "finished": {"passed": true, "time": 1791303075.1527202}}, "fdb": {"ready": false, "finished": null}, "tikv": {"ready": false, "finished": null}}, "time": 1791303207.277031}
{"waiting": "finished", "states": {"rocks": {"ready": false, "finished": {"passed": true, "time": 1791303075.1527202}}, "fdb": {"ready": false, "finished": null}, "tikv": {"ready": false, "finished": null}}, "time": 1791303218.722027}
{"waiting": "finished", "states": {"rocks": {"ready": false, "finished": {"passed": true, "time": 1791303075.1527202}}, "fdb": {"ready": false, "finished": null}, "tikv": {"ready": false, "finished": null}}, "time": 1791303230.357474}
{"waiting": "finished", "states": {"rocks": {"ready": false, "finished": {"passed": true, "time": 1791303075.1527202}}, "fdb": {"ready": false, "finished": null}, "tikv": {"ready": false, "finished": null}}, "time": 1791303241.700532}
{"waiting": "finished", "states": {"rocks": {"ready": false, "finished": {"passed": true, "time": 1791303075.1527202}}, "fdb": {"ready": false, "finished": null}, "tikv": {"ready": false, "finished": null}}, "time": 1791303253.00863}
{"waiting": "finished", "states": {"rocks": {"ready": false, "finished": {"passed": true, "time": 1791303075.1527202}}, "fdb": {"ready": false, "finished": null}, "tikv": {"ready": false, "finished": null}}, "time": 1791303264.330354}
{"waiting": "finished", "states": {"rocks": {"ready": false, "finished": {"passed": true, "time": 1791303075.1527202}}, "fdb": {"ready": false, "finished": null}, "tikv": {"ready": false, "finished": null}}, "time": 1791303275.677687}
{"waiting": "finished", "states": {"rocks": {"ready": false, "finished": {"passed": true, "time": 1791303075.1527202}}, "fdb": {"ready": false, "finished": null}, "tikv": {"ready": false, "finished": null}}, "time": 1791303287.206944}
{"waiting": "finished", "states": {"rocks": {"ready": false, "finished": {"passed": true, "time": 1791303075.1527202}}, "fdb": {"ready": false, "finished": null}, "tikv": {"ready": false, "finished": null}}, "time": 1791303298.748436}
{"waiting": "finished", "states": {"rocks": {"ready": false, "finished": {"passed": true, "time": 1791303075.1527202}}, "fdb": {"ready": false, "finished": null}, "tikv": {"ready": false, "finished": null}}, "time": 1791303310.072889}
{"waiting": "finished", "states": {"rocks": {"ready": false, "finished": {"passed": true, "time": 1791303075.1527202}}, "fdb": {"ready": false, "finished": null}, "tikv": {"ready": false, "finished": null}}, "time": 1791303321.440789}
{"waiting": "finished", "states": {"rocks": {"ready": false, "finished": {"passed": true, "time": 1791303075.1527202}}, "fdb": {"ready": false, "finished": null}, "tikv": {"ready": false, "finished": null}}, "time": 1791303332.714247}
{"waiting": "finished", "states": {"rocks": {"ready": false, "finished": {"passed": true, "time": 1791303075.1527202}}, "fdb": {"ready": false, "finished": null}, "tikv": {"ready": false, "finished": null}}, "time": 1791303344.030781}
{"waiting": "finished", "states": {"rocks": {"ready": false, "finished": {"passed": true, "time": 1791303075.1527202}}, "fdb": {"ready": false, "finished": null}, "tikv": {"ready": false, "finished": null}}, "time": 1791303355.36675}
{"waiting": "finished", "states": {"rocks": {"ready": false, "finished": {"passed": true, "time": 1791303075.1527202}}, "fdb": {"ready": false, "finished": null}, "tikv": {"ready": false, "finished": null}}, "time": 1791303367.0955951}
{"waiting": "finished", "states": {"rocks": {"ready": false, "finished": {"passed": true, "time": 1791303075.1527202}}, "fdb": {"ready": false, "finished": null}, "tikv": {"ready": false, "finished": null}}, "time": 1791303378.4348469}
{"waiting": "finished", "states": {"rocks": {"ready": false, "finished": {"passed": true, "time": 1791303075.1527202}}, "fdb": {"ready": false, "finished": null}, "tikv": {"ready": false, "finished": null}}, "time": 1791303389.641757}
{"waiting": "finished", "states": {"rocks": {"ready": false, "finished": {"passed": true, "time": 1791303075.1527202}}, "fdb": {"ready": false, "finished": null}, "tikv": {"ready": false, "finished": null}}, "time": 1791303401.005663}
{"waiting": "finished", "states": {"rocks": {"ready": false, "finished": {"passed": true, "time": 1791303075.1527202}}, "fdb": {"ready": false, "finished": null}, "tikv": {"ready": false, "finished": null}}, "time": 1791303412.301866}
{"waiting": "finished", "states": {"rocks": {"ready": false, "finished": {"passed": true, "time": 1791303075.1527202}}, "fdb": {"ready": false, "finished": null}, "tikv": {"ready": false, "finished": null}}, "time": 1791303423.742253}
{"waiting": "finished", "states": {"rocks": {"ready": false, "finished": {"passed": true, "time": 1791303075.1527202}}, "fdb": {"ready": false, "finished": null}, "tikv": {"ready": false, "finished": null}}, "time": 1791303435.3052428}
{"waiting": "finished", "states": {"rocks": {"ready": false, "finished": {"passed": true, "time": 1791303075.1527202}}, "fdb": {"ready": false, "finished": null}, "tikv": {"ready": false, "finished": null}}, "time": 1791303446.606223}
{"waiting": "finished", "states": {"rocks": {"ready": false, "finished": {"passed": true, "time": 1791303075.1527202}}, "fdb": {"ready": false, "finished": null}, "tikv": {"ready": false, "finished": null}}, "time": 1791303457.841743}
{"waiting": "finished", "states": {"rocks": {"ready": false, "finished": {"passed": true, "time": 1791303075.1527202}}, "fdb": {"ready": false, "finished": null}, "tikv": {"ready": false, "finished": null}}, "time": 1791303469.152148}
{"waiting": "finished", "states": {"rocks": {"ready": false, "finished": {"passed": true, "time": 1791303075.1527202}}, "fdb": {"ready": false, "finished": null}, "tikv": {"ready": false, "finished": null}}, "time": 1791303480.358946}
{"waiting": "finished", "states": {"rocks": {"ready": false, "finished": {"passed": true, "time": 1791303075.1527202}}, "fdb": {"ready": false, "finished": null}, "tikv": {"ready": false, "finished": null}}, "time": 1791303491.806543}
{"waiting": "finished", "states": {"rocks": {"ready": false, "finished": {"passed": true, "time": 1791303075.1527202}}, "fdb": {"ready": false, "finished": null}, "tikv": {"ready": false, "finished": null}}, "time": 1791303503.429426}
{"waiting": "finished", "states": {"rocks": {"ready": false, "finished": {"passed": true, "time": 1791303075.1527202}}, "fdb": {"ready": false, "finished": null}, "tikv": {"ready": false, "finished": null}}, "time": 1791303514.977718}
{"waiting": "finished", "states": {"rocks": {"ready": false, "finished": {"passed": true, "time": 1791303075.1527202}}, "fdb": {"ready": false, "finished": null}, "tikv": {"ready": false, "finished": null}}, "time": 1791303526.250431}
{"waiting": "finished", "states": {"rocks": {"ready": false, "finished": {"passed": true, "time": 1791303075.1527202}}, "fdb": {"ready": false, "finished": null}, "tikv": {"ready": false, "finished": null}}, "time": 1791303537.541193}
{"waiting": "finished", "states": {"rocks": {"ready": false, "finished": {"passed": true, "time": 1791303075.1527202}}, "fdb": {"ready": false, "finished": null}, "tikv": {"ready": false, "finished": null}}, "time": 1791303548.990162}
{"waiting": "finished", "states": {"rocks": {"ready": false, "finished": {"passed": true, "time": 1791303075.1527202}}, "fdb": {"ready": false, "finished": null}, "tikv": {"ready": false, "finished": null}}, "time": 1791303560.326179}
{"waiting": "finished", "states": {"rocks": {"ready": false, "finished": {"passed": true, "time": 1791303075.1527202}}, "fdb": {"ready": false, "finished": null}, "tikv": {"ready": false, "finished": null}}, "time": 1791303571.9086652}
{"waiting": "finished", "states": {"rocks": {"ready": false, "finished": {"passed": true, "time": 1791303075.1527202}}, "fdb": {"ready": false, "finished": null}, "tikv": {"ready": false, "finished": null}}, "time": 1791303583.650968}
{"waiting": "finished", "states": {"rocks": {"ready": false, "finished": {"passed": true, "time": 1791303075.1527202}}, "fdb": {"ready": false, "finished": null}, "tikv": {"ready": false, "finished": null}}, "time": 1791303595.158682}
{"waiting": "finished", "states": {"rocks": {"ready": false, "finished": {"passed": true, "time": 1791303075.1527202}}, "fdb": {"ready": false, "finished": null}, "tikv": {"ready": false, "finished": null}}, "time": 1791303606.552493}
{"waiting": "finished", "states": {"rocks": {"ready": false, "finished": {"passed": true, "time": 1791303075.1527202}}, "fdb": {"ready": false, "finished": null}, "tikv": {"ready": false, "finished": null}}, "time": 1791303617.897263}
{"waiting": "finished", "states": {"rocks": {"ready": false, "finished": {"passed": true, "time": 1791303075.1527202}}, "fdb": {"ready": false, "finished": null}, "tikv": {"ready": false, "finished": null}}, "time": 1791303629.261666}
{"waiting": "finished", "states": {"rocks": {"ready": false, "finished": {"passed": true, "time": 1791303075.1527202}}, "fdb": {"ready": false, "finished": null}, "tikv": {"ready": false, "finished": null}}, "time": 1791303640.8718982}
{"waiting": "finished", "states": {"rocks": {"ready": false, "finished": {"passed": true, "time": 1791303075.1527202}}, "fdb": {"ready": false, "finished": null}, "tikv": {"ready": false, "finished": null}}, "time": 1791303652.1694348}
{"waiting": "finished", "states": {"rocks": {"ready": false, "finished": {"passed": true, "time": 1791303075.1527202}}, "fdb": {"ready": false, "finished": null}, "tikv": {"ready": false, "finished": null}}, "time": 1791303663.4781718}
{"waiting": "finished", "states": {"rocks": {"ready": false, "finished": {"passed": true, "time": 1791303075.1527202}}, "fdb": {"ready": false, "finished": null}, "tikv": {"ready": false, "finished": null}}, "time": 1791303674.78044}
{"waiting": "finished", "states": {"rocks": {"ready": false, "finished": {"passed": true, "time": 1791303075.1527202}}, "fdb": {"ready": false, "finished": null}, "tikv": {"ready": false, "finished": {"passed": true, "time": 1791303683.9016163}}}, "time": 1791303686.021344}
{"waiting": "finished", "states": {"rocks": {"ready": false, "finished": {"passed": true, "time": 1791303075.1527202}}, "fdb": {"ready": false, "finished": null}, "tikv": {"ready": false, "finished": {"passed": true, "time": 1791303683.9016163}}}, "time": 1791303697.338235}
{"waiting": "finished", "states": {"rocks": {"ready": false, "finished": {"passed": true, "time": 1791303075.1527202}}, "fdb": {"ready": false, "finished": null}, "tikv": {"ready": false, "finished": {"passed": true, "time": 1791303683.9016163}}}, "time": 1791303708.8819442}
{"waiting": "finished", "states": {"rocks": {"ready": false, "finished": {"passed": true, "time": 1791303075.1527202}}, "fdb": {"ready": false, "finished": null}, "tikv": {"ready": false, "finished": {"passed": true, "time": 1791303683.9016163}}}, "time": 1791303720.351211}
{"waiting": "finished", "states": {"rocks": {"ready": false, "finished": {"passed": true, "time": 1791303075.1527202}}, "fdb": {"ready": false, "finished": null}, "tikv": {"ready": false, "finished": {"passed": true, "time": 1791303683.9016163}}}, "time": 1791303731.764947}
{"waiting": "finished", "states": {"rocks": {"ready": false, "finished": {"passed": true, "time": 1791303075.1527202}}, "fdb": {"ready": false, "finished": null}, "tikv": {"ready": false, "finished": {"passed": true, "time": 1791303683.9016163}}}, "time": 1791303743.087285}
{"waiting": "finished", "states": {"rocks": {"ready": false, "finished": {"passed": true, "time": 1791303075.1527202}}, "fdb": {"ready": false, "finished": null}, "tikv": {"ready": false, "finished": {"passed": true, "time": 1791303683.9016163}}}, "time": 1791303754.425843}
{"waiting": "finished", "states": {"rocks": {"ready": false, "finished": {"passed": true, "time": 1791303075.1527202}}, "fdb": {"ready": false, "finished": null}, "tikv": {"ready": false, "finished": {"passed": true, "time": 1791303683.9016163}}}, "time": 1791303765.795276}
{"waiting": "finished", "states": {"rocks": {"ready": false, "finished": {"passed": true, "time": 1791303075.1527202}}, "fdb": {"ready": false, "finished": null}, "tikv": {"ready": false, "finished": {"passed": true, "time": 1791303683.9016163}}}, "time": 1791303777.4468522}
{"waiting": "finished", "states": {"rocks": {"ready": false, "finished": {"passed": true, "time": 1791303075.1527202}}, "fdb": {"ready": false, "finished": null}, "tikv": {"ready": false, "finished": {"passed": true, "time": 1791303683.9016163}}}, "time": 1791303789.002235}
{"waiting": "finished", "states": {"rocks": {"ready": false, "finished": {"passed": true, "time": 1791303075.1527202}}, "fdb": {"ready": false, "finished": null}, "tikv": {"ready": false, "finished": {"passed": true, "time": 1791303683.9016163}}}, "time": 1791303800.2643561}
{"waiting": "finished", "states": {"rocks": {"ready": false, "finished": {"passed": true, "time": 1791303075.1527202}}, "fdb": {"ready": false, "finished": null}, "tikv": {"ready": false, "finished": {"passed": true, "time": 1791303683.9016163}}}, "time": 1791303811.621397}
{"waiting": "finished", "states": {"rocks": {"ready": false, "finished": {"passed": true, "time": 1791303075.1527202}}, "fdb": {"ready": false, "finished": null}, "tikv": {"ready": false, "finished": {"passed": true, "time": 1791303683.9016163}}}, "time": 1791303822.940999}
{"waiting": "finished", "states": {"rocks": {"ready": false, "finished": {"passed": true, "time": 1791303075.1527202}}, "fdb": {"ready": false, "finished": null}, "tikv": {"ready": false, "finished": {"passed": true, "time": 1791303683.9016163}}}, "time": 1791303834.582222}
{"waiting": "finished", "states": {"rocks": {"ready": false, "finished": {"passed": true, "time": 1791303075.1527202}}, "fdb": {"ready": false, "finished": null}, "tikv": {"ready": false, "finished": {"passed": true, "time": 1791303683.9016163}}}, "time": 1791303846.317643}
{"waiting": "finished", "states": {"rocks": {"ready": false, "finished": {"passed": true, "time": 1791303075.1527202}}, "fdb": {"ready": false, "finished": null}, "tikv": {"ready": false, "finished": {"passed": true, "time": 1791303683.9016163}}}, "time": 1791303857.658209}
{"waiting": "finished", "states": {"rocks": {"ready": false, "finished": {"passed": true, "time": 1791303075.1527202}}, "fdb": {"ready": false, "finished": null}, "tikv": {"ready": false, "finished": {"passed": true, "time": 1791303683.9016163}}}, "time": 1791303869.073992}
{"waiting": "finished", "states": {"rocks": {"ready": false, "finished": {"passed": true, "time": 1791303075.1527202}}, "fdb": {"ready": false, "finished": null}, "tikv": {"ready": false, "finished": {"passed": true, "time": 1791303683.9016163}}}, "time": 1791303880.426898}
{"waiting": "finished", "states": {"rocks": {"ready": false, "finished": {"passed": true, "time": 1791303075.1527202}}, "fdb": {"ready": false, "finished": null}, "tikv": {"ready": false, "finished": {"passed": true, "time": 1791303683.9016163}}}, "time": 1791303891.733264}
{"waiting": "finished", "states": {"rocks": {"ready": false, "finished": {"passed": true, "time": 1791303075.1527202}}, "fdb": {"ready": false, "finished": null}, "tikv": {"ready": false, "finished": {"passed": true, "time": 1791303683.9016163}}}, "time": 1791303903.387939}
rocks {
  "backend": "rocks",
  "passed": true,
  "phases": {
    "untar": {
      "target_start_time": 1791303048.1256971,
      "actual_start_time": 1791303048.1257875,
      "end_time": 1791303074.2153084
    }
  },
  "settings": {
    "backend": "rocks",
    "endpoint": "https://10.150.0.3:7443",
    "search_host": "10.150.0.3",
    "search_port": 7447,
    "tenant": "bench",
    "content_cache_bytes": 268435456,
    "metadata_cache_bytes": 134217728,
    "warm_runs": 3,
    "search_repeats": 10
  },
  "manifest_sha256": "67fdf87da1a1b94bc1f6482f00b912c1010d512a907846e5747ba9c893d8a3c1",
  "files": 10000,
  "document_bytes": 177499149,
  "untar_mount_command": [
    "/srv/dfs/bin/mount-rocks",
    "--endpoint",
    "https://10.150.0.3:7443",
    "--token-file",
    "/srv/dfs/config/admin.token",
    "--ca",
    "/srv/dfs/config/ca.crt",
    "--mountpoint",
    "/srv/dfs/mount",
    "--content-cache-bytes",
    "268435456",
    "--metrics-file",
    "/srv/dfs/evidence/iterations/native-02/client/untar-mount-metrics.json",
    "--read-concurrency",
    "8"
  ],
  "untar_mount_startup_ms": 52.89549799999804,
  "untar": {
    "extraction_ms": 20796.489884,
    "open_fsync_close_all_files_ms": 271.181665,
    "file_count_including_manifest": 10001,
    "all_hashes_verified": true
  },
  "untar_unmount": {
    "exit_code": 0,
    "unmounted": true
  },
  "read-admission-check_mount_command": [
    "/srv/dfs/bin/mount-rocks",
    "--endpoint",
    "https://10.150.0.3:7443",
    "--token-file",
    "/srv/dfs/config/admin.token",
    "--ca",
    "/srv/dfs/config/ca.crt",
    "--mountpoint",
    "/srv/dfs/mount",
    "--content-cache-bytes",
    "268435456",
    "--metrics-file",
    "/srv/dfs/evidence/iterations/native-02/client/read-admission-check-mount-metrics.json",
    "--read-concurrency",
    "8"
  ],
  "read-admission-check_mount_startup_ms": 90.83048599950416,
  "read-admission-check_unmount": {
    "exit_code": 0,
    "unmounted": true
  },
  "read_admission_check": {
    "passed": true,
    "threads": 32,
    "outside_timed_extraction": true
  },
  "index_after_untar": {
    "wait_ms": 6.090430999392993,
    "response": {
      "engine": "tantivy",
      "incomplete": false,
      "indexed_through": {
        "head": 47544,
        "incarnation": "1411b21ec8d34f8fb21a9811c56f4fcc",
        "tenant": "bench"
      }
    }
  },
  "resources_scope": "all phases",
  "resources": {
    "memory.current": "222154752\n",
    "memory.peak": "453128192\n",
    "memory.max": "6442450944\n",
    "memory.swap.max": "0\n",
    "cpu.stat": "usage_usec 14724163\nuser_usec 8585645\nsystem_usec 6138518\nnice_usec 0\ncore_sched.force_idle_usec 0\nnr_periods 0\nnr_throttled 0\nthrottled_usec 0\nnr_bursts 0\nburst_usec 0\n",
    "cpuset.cpus.effective": "0-7\n"
  },
  "scope": "untar, durability, hashes, index catch-up",
  "iteration": "native-02"
}

fdb {
  "backend": "fdb",
  "passed": false,
  "phases": {
    "untar": {
      "target_start_time": 1791303048.1256971,
      "actual_start_time": 1791303048.125792,
      "end_time": 1791303505.2337058
    }
  },
  "settings": {
    "backend": "fdb",
    "endpoint": "https://10.150.0.17:7443",
    "search_host": "10.150.0.17",
    "search_port": 7447,
    "tenant": "bench",
    "content_cache_bytes": 268435456,
    "metadata_cache_bytes": 134217728,
    "warm_runs": 3,
    "search_repeats": 10
  },
  "manifest_sha256": "67fdf87da1a1b94bc1f6482f00b912c1010d512a907846e5747ba9c893d8a3c1",
  "files": 10000,
  "document_bytes": 177499149,
  "untar_mount_command": [
    "/srv/dfs/bin/mount-fdb",
    "--endpoint",
    "https://10.150.0.17:7443",
    "--token-file",
    "/srv/dfs/config/admin.token",
    "--ca",
    "/srv/dfs/config/ca.crt",
    "--mountpoint",
    "/srv/dfs/mount",
    "--content-cache-bytes",
    "268435456",
    "--metrics-file",
    "/srv/dfs/evidence/iterations/native-02/client/untar-mount-metrics.json"
  ],
  "untar_mount_startup_ms": 77.04968699999881,
  "untar": {
    "extraction_ms": 418808.041721,
    "open_fsync_close_all_files_ms": 325.823753,
    "file_count_including_manifest": 10001,
    "all_hashes_verified": true
  },
  "untar_unmount": {
    "exit_code": 0,
    "unmounted": true
  },
  "read-admission-check_mount_command": [
    "/srv/dfs/bin/mount-fdb",
    "--endpoint",
    "https://10.150.0.17:7443",
    "--token-file",
    "/srv/dfs/config/admin.token",
    "--ca",
    "/srv/dfs/config/ca.crt",
    "--mountpoint",
    "/srv/dfs/mount",
    "--content-cache-bytes",
    "268435456",
    "--metrics-file",
    "/srv/dfs/evidence/iterations/native-02/client/read-admission-check-mount-metrics.json"
  ],
  "read-admission-check_mount_startup_ms": 2789.2516170004455,
  "read-admission-check_unmount": {
    "exit_code": 0,
    "unmounted": true
  },
  "read_admission_check": {
    "passed": true,
    "threads": 32,
    "outside_timed_extraction": true
  },
  "error": "KeyboardInterrupt()"
}

tikv {
  "backend": "tikv",
  "passed": true,
  "phases": {
    "untar": {
      "target_start_time": 1791303048.1256971,
      "actual_start_time": 1791303048.1257923,
      "end_time": 1791303644.5984037
    }
  },
  "settings": {
    "backend": "tikv",
    "endpoint": "https://10.150.0.15:7443",
    "search_host": "10.150.0.15",
    "search_port": 7447,
    "tenant": "bench",
    "content_cache_bytes": 268435456,
    "metadata_cache_bytes": 134217728,
    "warm_runs": 3,
    "search_repeats": 10
  },
  "manifest_sha256": "67fdf87da1a1b94bc1f6482f00b912c1010d512a907846e5747ba9c893d8a3c1",
  "files": 10000,
  "document_bytes": 177499149,
  "untar_mount_command": [
    "/srv/dfs/bin/mount-tikv",
    "--endpoint",
    "https://10.150.0.15:7443",
    "--token-file",
    "/srv/dfs/config/admin.token",
    "--ca",
    "/srv/dfs/config/ca.crt",
    "--mountpoint",
    "/srv/dfs/mount",
    "--content-cache-bytes",
    "268435456",
    "--metrics-file",
    "/srv/dfs/evidence/iterations/native-02/client/untar-mount-metrics.json"
  ],
  "untar_mount_startup_ms": 72.89096499971492,
  "untar": {
    "extraction_ms": 546803.343751,
    "open_fsync_close_all_files_ms": 360.787468,
    "file_count_including_manifest": 10001,
    "all_hashes_verified": true
  },
  "untar_unmount": {
    "exit_code": 0,
    "unmounted": true
  },
  "read-admission-check_mount_command": [
    "/srv/dfs/bin/mount-tikv",
    "--endpoint",
    "https://10.150.0.15:7443",
    "--token-file",
    "/srv/dfs/config/admin.token",
    "--ca",
    "/srv/dfs/config/ca.crt",
    "--mountpoint",
    "/srv/dfs/mount",
    "--content-cache-bytes",
    "268435456",
    "--metrics-file",
    "/srv/dfs/evidence/iterations/native-02/client/read-admission-check-mount-metrics.json"
  ],
  "read-admission-check_mount_startup_ms": 7036.57450800074,
  "read-admission-check_unmount": {
    "exit_code": 0,
    "unmounted": true
  },
  "read_admission_check": {
    "passed": true,
    "threads": 32,
    "outside_timed_extraction": true
  },
  "index_after_untar": {
    "wait_ms": 26039.47053399952,
    "response": {
      "engine": "elasticsearch",
      "incomplete": false,
      "indexed_through": 47482,
      "source_head": 47482
    }
  },
  "resources_scope": "all phases",
  "resources": {
    "memory.current": "220459008\n",
    "memory.peak": "452202496\n",
    "memory.max": "6442450944\n",
    "memory.swap.max": "0\n",
    "cpu.stat": "usage_usec 15457574\nuser_usec 9427128\nsystem_usec 6030445\nnice_usec 0\ncore_sched.force_idle_usec 0\nnr_periods 0\nnr_throttled 0\nthrottled_usec 0\nnr_bursts 0\nburst_usec 0\n",
    "cpuset.cpus.effective": "0-7\n"
  },
  "scope": "untar, durability, hashes, index catch-up",
  "iteration": "native-02"
}

Traceback (most recent call last):
  File "/Users/jd/repos/dust-tt/dust/.hives/poc-dfs/x/jd/dfs-bench/scripts/iterate.py", line 52, in <module>
    assert not any(v['finished'] and not v['finished']['passed'] for v in states.values()), states
AssertionError: {'rocks': {'ready': False, 'finished': {'passed': True, 'time': 1791303075.1527202}}, 'fdb': {'ready': False, 'finished': {'passed': False, 'time': 1791303908.1375885}}, 'tikv': {'ready': False, 'finished': {'passed': True, 'time': 1791303683.9016163}}}
