 Downloading crates ...
  Downloaded allocator-api2 v0.2.21
  Downloaded darling_macro v0.24.1
  Downloaded powerfmt v0.2.0
  Downloaded crossbeam-utils v0.8.23
  Downloaded measure_time v0.9.0
  Downloaded inventory v0.3.24
  Downloaded downcast-rs v2.0.2
  Downloaded ident_case v1.0.1
  Downloaded crunchy v0.2.4
  Downloaded tantivy-bitpacker v0.10.0
  Downloaded typeid v1.0.3
  Downloaded num-conv v0.2.2
  Downloaded tantivy-tokenizer-api v0.7.0
  Downloaded utf8-ranges v1.0.5
  Downloaded lru v0.16.4
  Downloaded num-traits v0.2.19
  Downloaded tantivy-stacker v0.7.0
  Downloaded typetag v0.2.23
  Downloaded census v0.4.2
  Downloaded levenshtein_automata v0.2.1
  Downloaded time-core v0.1.9
  Downloaded fastdivide v0.4.2
  Downloaded ownedbytes v0.9.0
  Downloaded typetag-impl v0.2.23
  Downloaded byteorder v1.5.0
  Downloaded crossbeam-deque v0.8.8
  Downloaded tantivy-query-grammar v0.26.0
  Downloaded bitpacking v0.9.3
  Downloaded deranged v0.5.8
  Downloaded zstd v0.13.3
  Downloaded murmurhash32 v0.3.1
  Downloaded foldhash v0.2.0
  Downloaded self_cell v1.2.0
  Downloaded zstd-safe v7.3.0
  Downloaded tantivy-common v0.11.0
  Downloaded fs4 v0.13.1
  Downloaded sketches-ddsketch v0.4.1
  Downloaded ordered-float v5.5.0
  Downloaded time-macros v0.2.32
  Downloaded oneshot v0.1.13
  Downloaded lz4_flex v0.13.1
  Downloaded crossbeam-epoch v0.9.21
  Downloaded erased-serde v0.4.10
  Downloaded memmap2 v0.9.11
  Downloaded bytemuck v1.25.2
  Downloaded darling v0.24.1
  Downloaded tantivy-sstable v0.7.0
  Downloaded bon v3.10.1
  Downloaded prettyplease v0.3.0
  Downloaded rayon-core v1.13.0
  Downloaded darling_core v0.24.1
  Downloaded htmlescape v0.3.1
  Downloaded bon-macros v3.10.1
  Downloaded crossbeam-channel v0.5.17
  Downloaded roaring v0.11.5
  Downloaded datasketches v0.2.0
  Downloaded hashbrown v0.16.1
  Downloaded tantivy-columnar v0.7.0
  Downloaded rayon v1.12.0
  Downloaded time v0.3.55
  Downloaded zstd-sys v2.1.0+zstd.1.5.7
  Downloaded tantivy v0.26.2
  Downloaded tantivy-fst v0.5.0
  Downloaded rust-stemmers v1.2.0
   Compiling serde_core v1.0.229
   Compiling syn v3.0.6
   Compiling serde v1.0.229
   Compiling tracing v0.1.44
   Compiling pkg-config v0.3.34
   Compiling regex-syntax v0.8.11
   Compiling crossbeam-utils v0.8.23
   Compiling crunchy v0.2.4
   Compiling byteorder v1.5.0
   Compiling num-conv v0.2.2
   Compiling ident_case v1.0.1
   Compiling serde_json v1.0.151
   Compiling crossbeam-epoch v0.9.21
   Compiling stable_deref_trait v1.2.1
   Compiling powerfmt v0.2.0
   Compiling time-core v0.1.9
   Compiling strsim v0.11.1
   Compiling zstd-sys v2.1.0+zstd.1.5.7
   Compiling zstd-safe v7.3.0
   Compiling ownedbytes v0.9.0
   Compiling num-traits v0.2.19
   Compiling either v1.18.0
   Compiling prettyplease v0.3.0
   Compiling crossbeam-deque v0.8.8
   Compiling typeid v1.0.3
   Compiling bitpacking v0.9.3
   Compiling utf8-ranges v1.0.5
   Compiling rayon-core v1.13.0
   Compiling erased-serde v0.4.10
   Compiling itertools v0.14.0
   Compiling minimal-lexical v0.2.1
   Compiling allocator-api2 v0.2.21
   Compiling typetag v0.2.23
   Compiling crc32fast v1.5.2
   Compiling murmurhash32 v0.3.1
   Compiling regex-automata v0.4.18
   Compiling tantivy-fst v0.5.0
   Compiling deranged v0.5.8
   Compiling time v0.3.55
   Compiling darling_core v0.24.1
   Compiling serde_derive v1.0.229
   Compiling futures-macro v0.3.34
   Compiling futures-util v0.3.34
   Compiling tokio-macros v2.7.2
   Compiling tokio v1.53.1
   Compiling async-trait v0.1.92
   Compiling darling_macro v0.24.1
   Compiling tantivy-common v0.11.0
   Compiling darling v0.24.1
   Compiling foldhash v0.2.0
   Compiling hashbrown v0.16.1
   Compiling bon-macros v3.10.1
   Compiling tantivy-stacker v0.7.0
   Compiling axum-core v0.4.5
   Compiling typetag-impl v0.2.23
   Compiling thiserror-impl v2.0.21
   Compiling ordered-float v5.5.0
   Compiling nom v7.1.3
   Compiling tantivy-bitpacker v0.10.0
   Compiling tokio-util v0.7.19
   Compiling tower v0.5.3
   Compiling form_urlencoded v1.2.2
   Compiling h2 v0.4.19
   Compiling downcast-rs v2.0.2
   Compiling ryu v1.0.23
   Compiling fastdivide v0.4.2
   Compiling inventory v0.3.24
   Compiling serde_urlencoded v0.7.1
   Compiling axum v0.7.9
   Compiling bon v3.10.1
   Compiling tower v0.4.13
   Compiling tokio-stream v0.1.19
   Compiling dfs-poc v0.1.0 (/home/dfs/dfs)
   Compiling tantivy-query-grammar v0.26.0
   Compiling tokio-rustls v0.26.6
   Compiling rayon v1.12.0
   Compiling thiserror v2.0.21
   Compiling hyper v1.11.1
   Compiling lru v0.16.4
   Compiling futures-executor v0.3.34
   Compiling rust-stemmers v1.2.0
   Compiling tracing-serde v0.2.0
   Compiling hyper-util v0.1.21
   Compiling sketches-ddsketch v0.4.1
   Compiling tantivy-tokenizer-api v0.7.0
   Compiling clap_derive v4.6.7
   Compiling hyper-timeout v0.5.2
   Compiling matchers v0.2.0
   Compiling regex v1.13.1
   Compiling serde_path_to_error v0.1.20
   Compiling uuid v1.26.1
   Compiling fs4 v0.13.1
   Compiling axum-core v0.5.6
   Compiling arc-swap v1.9.2
   Compiling crossbeam-channel v0.5.17
   Compiling measure_time v0.9.0
   Compiling memmap2 v0.9.11
   Compiling aho-corasick v1.1.5
   Compiling oneshot v0.1.13
   Compiling matchit v0.8.4
   Compiling datasketches v0.2.0
   Compiling levenshtein_automata v0.2.1
   Compiling htmlescape v0.3.1
   Compiling bytemuck v1.25.2
   Compiling census v0.4.2
   Compiling rustc-hash v2.1.3
   Compiling lz4_flex v0.13.1
   Compiling axum v0.8.9
   Compiling roaring v0.11.5
   Compiling tracing-subscriber v0.3.23
   Compiling tonic v0.12.3
   Compiling clap v4.6.7
   Compiling futures v0.3.34
   Compiling bincode v1.3.3
   Compiling self_cell v1.2.0
   Compiling zstd v0.13.3
   Compiling tantivy-sstable v0.7.0
   Compiling tantivy-columnar v0.7.0
   Compiling tantivy v0.26.2
    Finished `release` profile [optimized + debuginfo] target(s) in 2m 20s
