// Vitest Snapshot v1, https://vitest.dev/guide/snapshot.html

exports[`MCP Servers Metadata Snapshot > should have stable tool billing info across all servers 1`] = `
{
  "activation_recommendations": {
    "create_recommendation": {
      "freeUsage": true,
      "toolCostCategory": "basic",
    },
    "create_work_areas": {
      "freeUsage": true,
      "toolCostCategory": "basic",
    },
    "get_tool_execution_modes": {
      "freeUsage": true,
      "toolCostCategory": "basic",
    },
    "list_recommendations": {
      "freeUsage": true,
      "toolCostCategory": "basic",
    },
    "list_work_areas": {
      "freeUsage": true,
      "toolCostCategory": "basic",
    },
    "update_recommendation": {
      "freeUsage": true,
      "toolCostCategory": "basic",
    },
    "update_work_area": {
      "freeUsage": true,
      "toolCostCategory": "basic",
    },
  },
  "agent_delegation": {
    "run_agent": {
      "freeUsage": false,
      "toolCostCategory": "basic",
    },
  },
  "agent_memory": {
    "compact_memory": {
      "freeUsage": true,
      "toolCostCategory": "basic",
    },
    "edit_entries": {
      "freeUsage": true,
      "toolCostCategory": "basic",
    },
    "erase_entries": {
      "freeUsage": true,
      "toolCostCategory": "basic",
    },
    "record_entries": {
      "freeUsage": true,
      "toolCostCategory": "basic",
    },
    "retrieve": {
      "freeUsage": true,
      "toolCostCategory": "basic",
    },
  },
  "agent_router": {
    "list_all_published_agents": {
      "freeUsage": true,
      "toolCostCategory": "basic",
    },
    "suggest_agents_for_content": {
      "freeUsage": true,
      "toolCostCategory": "basic",
    },
  },
  "agent_sidekick_agent_state": {
    "get_agent_info": {
      "freeUsage": true,
      "toolCostCategory": "basic",
    },
  },
  "agent_sidekick_context": {
    "describe_mcp": {
      "freeUsage": true,
      "toolCostCategory": "basic",
    },
    "describe_skill": {
      "freeUsage": true,
      "toolCostCategory": "basic",
    },
    "get_agent_feedback": {
      "freeUsage": true,
      "toolCostCategory": "basic",
    },
    "get_agent_insights": {
      "freeUsage": true,
      "toolCostCategory": "basic",
    },
    "get_available_agents": {
      "freeUsage": true,
      "toolCostCategory": "basic",
    },
    "get_available_models": {
      "freeUsage": true,
      "toolCostCategory": "basic",
    },
    "get_available_skills": {
      "freeUsage": true,
      "toolCostCategory": "basic",
    },
    "get_available_tools": {
      "freeUsage": true,
      "toolCostCategory": "basic",
    },
    "inspect_available_agent": {
      "freeUsage": true,
      "toolCostCategory": "basic",
    },
    "inspect_conversation": {
      "freeUsage": true,
      "toolCostCategory": "basic",
    },
    "inspect_message": {
      "freeUsage": true,
      "toolCostCategory": "basic",
    },
    "list_suggestions": {
      "freeUsage": true,
      "toolCostCategory": "basic",
    },
    "search_knowledge": {
      "freeUsage": true,
      "toolCostCategory": "basic",
    },
    "suggest_knowledge": {
      "freeUsage": true,
      "toolCostCategory": "basic",
    },
    "suggest_model": {
      "freeUsage": true,
      "toolCostCategory": "basic",
    },
    "suggest_prompt_edits": {
      "freeUsage": true,
      "toolCostCategory": "basic",
    },
    "suggest_skills": {
      "freeUsage": true,
      "toolCostCategory": "basic",
    },
    "suggest_sub_agent": {
      "freeUsage": true,
      "toolCostCategory": "basic",
    },
    "suggest_tools": {
      "freeUsage": true,
      "toolCostCategory": "basic",
    },
    "update_suggestions_state": {
      "freeUsage": true,
      "toolCostCategory": "basic",
    },
  },
  "agent_templates": {
    "get_agent_template": {
      "freeUsage": true,
      "toolCostCategory": "basic",
    },
    "search_agent_templates": {
      "freeUsage": true,
      "toolCostCategory": "basic",
    },
  },
  "ashby": {
    "create_candidate_note": {
      "freeUsage": false,
      "toolCostCategory": "advanced",
    },
    "create_referral": {
      "freeUsage": false,
      "toolCostCategory": "advanced",
    },
    "get_candidate_notes": {
      "freeUsage": false,
      "toolCostCategory": "advanced",
    },
    "get_hire_data": {
      "freeUsage": false,
      "toolCostCategory": "advanced",
    },
    "get_interview_feedback": {
      "freeUsage": false,
      "toolCostCategory": "advanced",
    },
    "get_referral_form": {
      "freeUsage": false,
      "toolCostCategory": "advanced",
    },
    "get_report_data": {
      "freeUsage": false,
      "toolCostCategory": "advanced",
    },
    "list_job_postings": {
      "freeUsage": false,
      "toolCostCategory": "advanced",
    },
    "list_openings": {
      "freeUsage": false,
      "toolCostCategory": "advanced",
    },
    "search_candidates": {
      "freeUsage": false,
      "toolCostCategory": "advanced",
    },
    "update_job_posting": {
      "freeUsage": false,
      "toolCostCategory": "advanced",
    },
  },
  "ask_user_question": {
    "ask_user_question": {
      "freeUsage": true,
      "toolCostCategory": "basic",
    },
  },
  "clari_copilot": {
    "get_call_details": {
      "freeUsage": false,
      "toolCostCategory": "advanced",
    },
    "search_calls": {
      "freeUsage": false,
      "toolCostCategory": "advanced",
    },
  },
  "common_utilities": {
    "generate_random_float": {
      "freeUsage": true,
      "toolCostCategory": "basic",
    },
    "generate_random_number": {
      "freeUsage": true,
      "toolCostCategory": "basic",
    },
    "get_current_time": {
      "freeUsage": true,
      "toolCostCategory": "basic",
    },
    "math_operation": {
      "freeUsage": true,
      "toolCostCategory": "basic",
    },
    "set_conversation_title": {
      "freeUsage": true,
      "toolCostCategory": "basic",
    },
    "wait": {
      "freeUsage": true,
      "toolCostCategory": "basic",
    },
  },
  "confluence": {
    "create_page": {
      "freeUsage": false,
      "toolCostCategory": "advanced",
    },
    "get_current_user": {
      "freeUsage": false,
      "toolCostCategory": "advanced",
    },
    "get_page": {
      "freeUsage": false,
      "toolCostCategory": "advanced",
    },
    "get_pages": {
      "freeUsage": false,
      "toolCostCategory": "advanced",
    },
    "get_spaces": {
      "freeUsage": false,
      "toolCostCategory": "advanced",
    },
    "update_page": {
      "freeUsage": false,
      "toolCostCategory": "advanced",
    },
  },
  "conversation_files": {
    "cat": {
      "freeUsage": false,
      "toolCostCategory": "advanced",
    },
    "list": {
      "freeUsage": true,
      "toolCostCategory": "basic",
    },
    "list_content_nodes_and_tables": {
      "freeUsage": true,
      "toolCostCategory": "basic",
    },
    "semantic_search": {
      "freeUsage": false,
      "toolCostCategory": "advanced",
    },
  },
  "conversation_side_panel": {
    "open_frame": {
      "freeUsage": true,
      "toolCostCategory": "basic",
    },
    "set_files_side_panel": {
      "freeUsage": true,
      "toolCostCategory": "basic",
    },
  },
  "data_sources_file_system": {
    "cat": {
      "freeUsage": false,
      "toolCostCategory": "advanced",
    },
    "find": {
      "freeUsage": false,
      "toolCostCategory": "advanced",
    },
    "list": {
      "freeUsage": false,
      "toolCostCategory": "advanced",
    },
    "locate_in_tree": {
      "freeUsage": false,
      "toolCostCategory": "advanced",
    },
    "semantic_search": {
      "freeUsage": false,
      "toolCostCategory": "advanced",
    },
  },
  "data_warehouses": {
    "describe_tables": {
      "freeUsage": false,
      "toolCostCategory": "advanced",
    },
    "find": {
      "freeUsage": false,
      "toolCostCategory": "advanced",
    },
    "list": {
      "freeUsage": false,
      "toolCostCategory": "advanced",
    },
    "query": {
      "freeUsage": false,
      "toolCostCategory": "advanced",
    },
  },
  "databricks": {
    "list_warehouses": {
      "freeUsage": false,
      "toolCostCategory": "advanced",
    },
  },
  "exa_people_and_company": {
    "search_companies": {
      "freeUsage": false,
      "toolCostCategory": "advanced",
    },
    "search_people": {
      "freeUsage": false,
      "toolCostCategory": "advanced",
    },
  },
  "extract_data": {
    "extract_information_from_documents": {
      "freeUsage": false,
      "toolCostCategory": "advanced",
    },
  },
  "fathom": {
    "get_transcript": {
      "freeUsage": false,
      "toolCostCategory": "advanced",
    },
    "list_meetings": {
      "freeUsage": false,
      "toolCostCategory": "advanced",
    },
  },
  "file_generation": {
    "convert_file_format": {
      "freeUsage": false,
      "toolCostCategory": "advanced",
    },
    "generate_file": {
      "freeUsage": false,
      "toolCostCategory": "advanced",
    },
    "get_supported_source_formats_for_output_format": {
      "freeUsage": false,
      "toolCostCategory": "advanced",
    },
  },
  "files": {
    "cat": {
      "freeUsage": true,
      "toolCostCategory": "basic",
    },
    "copy": {
      "freeUsage": true,
      "toolCostCategory": "basic",
    },
    "create": {
      "freeUsage": true,
      "toolCostCategory": "basic",
    },
    "delete": {
      "freeUsage": true,
      "toolCostCategory": "basic",
    },
    "edit": {
      "freeUsage": true,
      "toolCostCategory": "basic",
    },
    "extract_text": {
      "freeUsage": true,
      "toolCostCategory": "basic",
    },
    "grep": {
      "freeUsage": true,
      "toolCostCategory": "basic",
    },
    "list": {
      "freeUsage": true,
      "toolCostCategory": "basic",
    },
    "move": {
      "freeUsage": true,
      "toolCostCategory": "basic",
    },
    "resolve": {
      "freeUsage": true,
      "toolCostCategory": "basic",
    },
    "upload_from_url": {
      "freeUsage": true,
      "toolCostCategory": "basic",
    },
  },
  "freshservice": {
    "add_ticket_note": {
      "freeUsage": false,
      "toolCostCategory": "advanced",
    },
    "add_ticket_reply": {
      "freeUsage": false,
      "toolCostCategory": "advanced",
    },
    "create_solution_article": {
      "freeUsage": false,
      "toolCostCategory": "advanced",
    },
    "create_ticket": {
      "freeUsage": false,
      "toolCostCategory": "advanced",
    },
    "create_ticket_task": {
      "freeUsage": false,
      "toolCostCategory": "advanced",
    },
    "delete_ticket_task": {
      "freeUsage": false,
      "toolCostCategory": "advanced",
    },
    "get_canned_response": {
      "freeUsage": false,
      "toolCostCategory": "advanced",
    },
    "get_requester": {
      "freeUsage": false,
      "toolCostCategory": "advanced",
    },
    "get_service_item": {
      "freeUsage": false,
      "toolCostCategory": "advanced",
    },
    "get_service_item_fields": {
      "freeUsage": false,
      "toolCostCategory": "advanced",
    },
    "get_solution_article": {
      "freeUsage": false,
      "toolCostCategory": "advanced",
    },
    "get_ticket": {
      "freeUsage": false,
      "toolCostCategory": "advanced",
    },
    "get_ticket_approval": {
      "freeUsage": false,
      "toolCostCategory": "advanced",
    },
    "get_ticket_read_fields": {
      "freeUsage": false,
      "toolCostCategory": "advanced",
    },
    "get_ticket_task": {
      "freeUsage": false,
      "toolCostCategory": "advanced",
    },
    "get_ticket_write_fields": {
      "freeUsage": false,
      "toolCostCategory": "advanced",
    },
    "list_canned_responses": {
      "freeUsage": false,
      "toolCostCategory": "advanced",
    },
    "list_departments": {
      "freeUsage": false,
      "toolCostCategory": "advanced",
    },
    "list_oncall_schedules": {
      "freeUsage": false,
      "toolCostCategory": "advanced",
    },
    "list_products": {
      "freeUsage": false,
      "toolCostCategory": "advanced",
    },
    "list_purchase_orders": {
      "freeUsage": false,
      "toolCostCategory": "advanced",
    },
    "list_requesters": {
      "freeUsage": false,
      "toolCostCategory": "advanced",
    },
    "list_service_categories": {
      "freeUsage": false,
      "toolCostCategory": "advanced",
    },
    "list_service_items": {
      "freeUsage": false,
      "toolCostCategory": "advanced",
    },
    "list_sla_policies": {
      "freeUsage": false,
      "toolCostCategory": "advanced",
    },
    "list_solution_articles": {
      "freeUsage": false,
      "toolCostCategory": "advanced",
    },
    "list_solution_categories": {
      "freeUsage": false,
      "toolCostCategory": "advanced",
    },
    "list_solution_folders": {
      "freeUsage": false,
      "toolCostCategory": "advanced",
    },
    "list_ticket_approvals": {
      "freeUsage": false,
      "toolCostCategory": "advanced",
    },
    "list_ticket_requested_items": {
      "freeUsage": false,
      "toolCostCategory": "advanced",
    },
    "list_ticket_tasks": {
      "freeUsage": false,
      "toolCostCategory": "advanced",
    },
    "list_tickets": {
      "freeUsage": false,
      "toolCostCategory": "advanced",
    },
    "request_service_approval": {
      "freeUsage": false,
      "toolCostCategory": "advanced",
    },
    "request_service_item": {
      "freeUsage": false,
      "toolCostCategory": "advanced",
    },
    "search_service_items": {
      "freeUsage": false,
      "toolCostCategory": "advanced",
    },
    "update_ticket": {
      "freeUsage": false,
      "toolCostCategory": "advanced",
    },
    "update_ticket_task": {
      "freeUsage": false,
      "toolCostCategory": "advanced",
    },
  },
  "front": {
    "add_comment": {
      "freeUsage": false,
      "toolCostCategory": "advanced",
    },
    "add_links": {
      "freeUsage": false,
      "toolCostCategory": "advanced",
    },
    "add_tags": {
      "freeUsage": false,
      "toolCostCategory": "advanced",
    },
    "assign_conversation": {
      "freeUsage": false,
      "toolCostCategory": "advanced",
    },
    "create_conversation": {
      "freeUsage": false,
      "toolCostCategory": "advanced",
    },
    "create_draft": {
      "freeUsage": false,
      "toolCostCategory": "advanced",
    },
    "delete_draft": {
      "freeUsage": false,
      "toolCostCategory": "advanced",
    },
    "get_contact": {
      "freeUsage": false,
      "toolCostCategory": "advanced",
    },
    "get_conversation": {
      "freeUsage": false,
      "toolCostCategory": "advanced",
    },
    "get_conversation_drafts": {
      "freeUsage": false,
      "toolCostCategory": "advanced",
    },
    "get_conversation_messages": {
      "freeUsage": false,
      "toolCostCategory": "advanced",
    },
    "get_customer_history": {
      "freeUsage": false,
      "toolCostCategory": "advanced",
    },
    "list_inboxes": {
      "freeUsage": false,
      "toolCostCategory": "advanced",
    },
    "list_tags": {
      "freeUsage": false,
      "toolCostCategory": "advanced",
    },
    "list_teammates": {
      "freeUsage": false,
      "toolCostCategory": "advanced",
    },
    "search_conversations": {
      "freeUsage": false,
      "toolCostCategory": "advanced",
    },
    "send_message": {
      "freeUsage": false,
      "toolCostCategory": "advanced",
    },
    "update_conversation_status": {
      "freeUsage": false,
      "toolCostCategory": "advanced",
    },
  },
  "github": {
    "add_issue_to_project": {
      "freeUsage": false,
      "toolCostCategory": "advanced",
    },
    "comment_on_discussion": {
      "freeUsage": false,
      "toolCostCategory": "advanced",
    },
    "comment_on_issue": {
      "freeUsage": false,
      "toolCostCategory": "advanced",
    },
    "create_discussion": {
      "freeUsage": false,
      "toolCostCategory": "advanced",
    },
    "create_issue": {
      "freeUsage": false,
      "toolCostCategory": "advanced",
    },
    "create_pull_request_review": {
      "freeUsage": false,
      "toolCostCategory": "advanced",
    },
    "get_discussion": {
      "freeUsage": false,
      "toolCostCategory": "advanced",
    },
    "get_discussion_comments": {
      "freeUsage": false,
      "toolCostCategory": "advanced",
    },
    "get_issue": {
      "freeUsage": false,
      "toolCostCategory": "advanced",
    },
    "get_issue_custom_fields": {
      "freeUsage": false,
      "toolCostCategory": "advanced",
    },
    "get_pull_request": {
      "freeUsage": false,
      "toolCostCategory": "advanced",
    },
    "list_discussion_categories": {
      "freeUsage": false,
      "toolCostCategory": "advanced",
    },
    "list_discussions": {
      "freeUsage": false,
      "toolCostCategory": "advanced",
    },
    "list_issues": {
      "freeUsage": false,
      "toolCostCategory": "advanced",
    },
    "list_organization_projects": {
      "freeUsage": false,
      "toolCostCategory": "advanced",
    },
    "list_pull_requests": {
      "freeUsage": false,
      "toolCostCategory": "advanced",
    },
    "search_advanced": {
      "freeUsage": false,
      "toolCostCategory": "advanced",
    },
    "update_issue": {
      "freeUsage": false,
      "toolCostCategory": "advanced",
    },
  },
  "gmail": {
    "create_draft": {
      "freeUsage": false,
      "toolCostCategory": "advanced",
    },
    "delete_draft": {
      "freeUsage": false,
      "toolCostCategory": "advanced",
    },
    "get_attachment": {
      "freeUsage": false,
      "toolCostCategory": "advanced",
    },
    "get_drafts": {
      "freeUsage": false,
      "toolCostCategory": "advanced",
    },
    "get_labels": {
      "freeUsage": false,
      "toolCostCategory": "advanced",
    },
    "get_messages": {
      "freeUsage": false,
      "toolCostCategory": "advanced",
    },
    "get_thread": {
      "freeUsage": false,
      "toolCostCategory": "advanced",
    },
    "send_mail": {
      "freeUsage": false,
      "toolCostCategory": "advanced",
    },
    "set_message_labels": {
      "freeUsage": false,
      "toolCostCategory": "advanced",
    },
  },
  "gong": {
    "get_call": {
      "freeUsage": false,
      "toolCostCategory": "advanced",
    },
    "get_call_transcript": {
      "freeUsage": false,
      "toolCostCategory": "advanced",
    },
    "list_calls": {
      "freeUsage": false,
      "toolCostCategory": "advanced",
    },
  },
  "google_calendar": {
    "check_availability": {
      "freeUsage": false,
      "toolCostCategory": "advanced",
    },
    "create_event": {
      "freeUsage": false,
      "toolCostCategory": "advanced",
    },
    "delete_event": {
      "freeUsage": false,
      "toolCostCategory": "advanced",
    },
    "get_event": {
      "freeUsage": false,
      "toolCostCategory": "advanced",
    },
    "get_user_timezones": {
      "freeUsage": false,
      "toolCostCategory": "advanced",
    },
    "list_calendars": {
      "freeUsage": false,
      "toolCostCategory": "advanced",
    },
    "list_events": {
      "freeUsage": false,
      "toolCostCategory": "advanced",
    },
    "update_event": {
      "freeUsage": false,
      "toolCostCategory": "advanced",
    },
  },
  "google_drive": {
    "append_to_spreadsheet": {
      "freeUsage": false,
      "toolCostCategory": "advanced",
    },
    "copy_file": {
      "freeUsage": false,
      "toolCostCategory": "advanced",
    },
    "create_comment": {
      "freeUsage": false,
      "toolCostCategory": "advanced",
    },
    "create_document": {
      "freeUsage": false,
      "toolCostCategory": "advanced",
    },
    "create_folder": {
      "freeUsage": false,
      "toolCostCategory": "advanced",
    },
    "create_presentation": {
      "freeUsage": false,
      "toolCostCategory": "advanced",
    },
    "create_reply": {
      "freeUsage": false,
      "toolCostCategory": "advanced",
    },
    "create_spreadsheet": {
      "freeUsage": false,
      "toolCostCategory": "advanced",
    },
    "get_document_structure": {
      "freeUsage": false,
      "toolCostCategory": "advanced",
    },
    "get_file_content": {
      "freeUsage": false,
      "toolCostCategory": "advanced",
    },
    "get_presentation_structure": {
      "freeUsage": false,
      "toolCostCategory": "advanced",
    },
    "get_spreadsheet": {
      "freeUsage": false,
      "toolCostCategory": "advanced",
    },
    "get_worksheet": {
      "freeUsage": false,
      "toolCostCategory": "advanced",
    },
    "list_comments": {
      "freeUsage": false,
      "toolCostCategory": "advanced",
    },
    "list_drives": {
      "freeUsage": false,
      "toolCostCategory": "advanced",
    },
    "list_file_permissions": {
      "freeUsage": false,
      "toolCostCategory": "advanced",
    },
    "revoke_file_sharing": {
      "freeUsage": false,
      "toolCostCategory": "advanced",
    },
    "search_files": {
      "freeUsage": false,
      "toolCostCategory": "advanced",
    },
    "share_file": {
      "freeUsage": false,
      "toolCostCategory": "advanced",
    },
    "update_document": {
      "freeUsage": false,
      "toolCostCategory": "advanced",
    },
    "update_file_permission": {
      "freeUsage": false,
      "toolCostCategory": "advanced",
    },
    "update_presentation": {
      "freeUsage": false,
      "toolCostCategory": "advanced",
    },
    "update_spreadsheet": {
      "freeUsage": false,
      "toolCostCategory": "advanced",
    },
    "upload_file": {
      "freeUsage": false,
      "toolCostCategory": "advanced",
    },
  },
  "google_sheets": {
    "add_worksheet": {
      "freeUsage": false,
      "toolCostCategory": "advanced",
    },
    "append_data": {
      "freeUsage": false,
      "toolCostCategory": "advanced",
    },
    "clear_range": {
      "freeUsage": false,
      "toolCostCategory": "advanced",
    },
    "copy_sheet": {
      "freeUsage": false,
      "toolCostCategory": "advanced",
    },
    "create_spreadsheet": {
      "freeUsage": false,
      "toolCostCategory": "advanced",
    },
    "delete_worksheet": {
      "freeUsage": false,
      "toolCostCategory": "advanced",
    },
    "format_cells": {
      "freeUsage": false,
      "toolCostCategory": "advanced",
    },
    "get_spreadsheet": {
      "freeUsage": false,
      "toolCostCategory": "advanced",
    },
    "get_worksheet": {
      "freeUsage": false,
      "toolCostCategory": "advanced",
    },
    "list_spreadsheets": {
      "freeUsage": false,
      "toolCostCategory": "advanced",
    },
    "move_worksheet": {
      "freeUsage": false,
      "toolCostCategory": "advanced",
    },
    "rename_worksheet": {
      "freeUsage": false,
      "toolCostCategory": "advanced",
    },
    "update_cells": {
      "freeUsage": false,
      "toolCostCategory": "advanced",
    },
  },
  "http_client": {
    "send_request": {
      "freeUsage": false,
      "toolCostCategory": "advanced",
    },
    "webbrowser": {
      "freeUsage": false,
      "toolCostCategory": "basic",
    },
    "websearch": {
      "freeUsage": false,
      "toolCostCategory": "basic",
    },
  },
  "hubspot": {
    "complete_task": {
      "freeUsage": false,
      "toolCostCategory": "advanced",
    },
    "count_objects_by_properties": {
      "freeUsage": false,
      "toolCostCategory": "advanced",
    },
    "create_association": {
      "freeUsage": false,
      "toolCostCategory": "advanced",
    },
    "create_communication": {
      "freeUsage": false,
      "toolCostCategory": "advanced",
    },
    "create_company": {
      "freeUsage": false,
      "toolCostCategory": "advanced",
    },
    "create_contact": {
      "freeUsage": false,
      "toolCostCategory": "advanced",
    },
    "create_custom_object": {
      "freeUsage": false,
      "toolCostCategory": "advanced",
    },
    "create_deal": {
      "freeUsage": false,
      "toolCostCategory": "advanced",
    },
    "create_lead": {
      "freeUsage": false,
      "toolCostCategory": "advanced",
    },
    "create_meeting": {
      "freeUsage": false,
      "toolCostCategory": "advanced",
    },
    "create_note": {
      "freeUsage": false,
      "toolCostCategory": "advanced",
    },
    "create_task": {
      "freeUsage": false,
      "toolCostCategory": "advanced",
    },
    "create_ticket": {
      "freeUsage": false,
      "toolCostCategory": "advanced",
    },
    "delete_task": {
      "freeUsage": false,
      "toolCostCategory": "advanced",
    },
    "export_crm_objects_csv": {
      "freeUsage": false,
      "toolCostCategory": "advanced",
    },
    "get_associated_meetings": {
      "freeUsage": false,
      "toolCostCategory": "advanced",
    },
    "get_current_user_id": {
      "freeUsage": false,
      "toolCostCategory": "advanced",
    },
    "get_email_campaign": {
      "freeUsage": false,
      "toolCostCategory": "advanced",
    },
    "get_file_public_url": {
      "freeUsage": false,
      "toolCostCategory": "advanced",
    },
    "get_hubspot_link": {
      "freeUsage": false,
      "toolCostCategory": "advanced",
    },
    "get_hubspot_portal_id": {
      "freeUsage": false,
      "toolCostCategory": "advanced",
    },
    "get_marketing_email": {
      "freeUsage": false,
      "toolCostCategory": "advanced",
    },
    "get_marketing_email_statistics": {
      "freeUsage": false,
      "toolCostCategory": "advanced",
    },
    "get_meeting": {
      "freeUsage": false,
      "toolCostCategory": "advanced",
    },
    "get_object_properties": {
      "freeUsage": false,
      "toolCostCategory": "advanced",
    },
    "get_user_activity": {
      "freeUsage": false,
      "toolCostCategory": "advanced",
    },
    "list_association_labels": {
      "freeUsage": false,
      "toolCostCategory": "advanced",
    },
    "list_associations": {
      "freeUsage": false,
      "toolCostCategory": "advanced",
    },
    "list_custom_object_schemas": {
      "freeUsage": false,
      "toolCostCategory": "advanced",
    },
    "list_email_campaigns": {
      "freeUsage": false,
      "toolCostCategory": "advanced",
    },
    "list_email_events": {
      "freeUsage": false,
      "toolCostCategory": "advanced",
    },
    "list_marketing_emails": {
      "freeUsage": false,
      "toolCostCategory": "advanced",
    },
    "list_owners": {
      "freeUsage": false,
      "toolCostCategory": "advanced",
    },
    "remove_association": {
      "freeUsage": false,
      "toolCostCategory": "advanced",
    },
    "search_crm_objects": {
      "freeUsage": false,
      "toolCostCategory": "advanced",
    },
    "search_owners": {
      "freeUsage": false,
      "toolCostCategory": "advanced",
    },
    "update_company": {
      "freeUsage": false,
      "toolCostCategory": "advanced",
    },
    "update_contact": {
      "freeUsage": false,
      "toolCostCategory": "advanced",
    },
    "update_custom_object": {
      "freeUsage": false,
      "toolCostCategory": "advanced",
    },
    "update_deal": {
      "freeUsage": false,
      "toolCostCategory": "advanced",
    },
    "update_task": {
      "freeUsage": false,
      "toolCostCategory": "advanced",
    },
  },
  "image_generation": {
    "generate_image": {
      "freeUsage": false,
      "toolCostCategory": "advanced",
    },
  },
  "include_data": {
    "retrieve_recent_documents": {
      "freeUsage": false,
      "toolCostCategory": "advanced",
    },
  },
  "interactive_content": {
    "create_interactive_content_file": {
      "freeUsage": false,
      "toolCostCategory": "advanced",
    },
    "edit_interactive_content_file": {
      "freeUsage": false,
      "toolCostCategory": "basic",
    },
    "export_interactive_content_file": {
      "freeUsage": false,
      "toolCostCategory": "basic",
    },
    "get_interactive_content_file_share_url": {
      "freeUsage": true,
      "toolCostCategory": "basic",
    },
    "publish_interactive_content_file": {
      "freeUsage": false,
      "toolCostCategory": "basic",
    },
    "rename_interactive_content_file": {
      "freeUsage": true,
      "toolCostCategory": "basic",
    },
    "retrieve_interactive_content_file": {
      "freeUsage": false,
      "toolCostCategory": "basic",
    },
    "revert_interactive_content_file": {
      "freeUsage": false,
      "toolCostCategory": "basic",
    },
  },
  "jira": {
    "create_comment": {
      "freeUsage": false,
      "toolCostCategory": "advanced",
    },
    "create_issue": {
      "freeUsage": false,
      "toolCostCategory": "advanced",
    },
    "create_issue_link": {
      "freeUsage": false,
      "toolCostCategory": "advanced",
    },
    "delete_issue_link": {
      "freeUsage": false,
      "toolCostCategory": "advanced",
    },
    "get_attachments": {
      "freeUsage": false,
      "toolCostCategory": "advanced",
    },
    "get_connection_info": {
      "freeUsage": false,
      "toolCostCategory": "advanced",
    },
    "get_issue": {
      "freeUsage": false,
      "toolCostCategory": "advanced",
    },
    "get_issue_create_fields": {
      "freeUsage": false,
      "toolCostCategory": "advanced",
    },
    "get_issue_link_types": {
      "freeUsage": false,
      "toolCostCategory": "advanced",
    },
    "get_issue_read_fields": {
      "freeUsage": false,
      "toolCostCategory": "advanced",
    },
    "get_issue_types": {
      "freeUsage": false,
      "toolCostCategory": "advanced",
    },
    "get_issues": {
      "freeUsage": false,
      "toolCostCategory": "advanced",
    },
    "get_issues_using_jql": {
      "freeUsage": false,
      "toolCostCategory": "advanced",
    },
    "get_project": {
      "freeUsage": false,
      "toolCostCategory": "advanced",
    },
    "get_project_versions": {
      "freeUsage": false,
      "toolCostCategory": "advanced",
    },
    "get_projects": {
      "freeUsage": false,
      "toolCostCategory": "advanced",
    },
    "get_transitions": {
      "freeUsage": false,
      "toolCostCategory": "advanced",
    },
    "get_users": {
      "freeUsage": false,
      "toolCostCategory": "advanced",
    },
    "read_attachment": {
      "freeUsage": false,
      "toolCostCategory": "advanced",
    },
    "transition_issue": {
      "freeUsage": false,
      "toolCostCategory": "advanced",
    },
    "update_issue": {
      "freeUsage": false,
      "toolCostCategory": "advanced",
    },
    "upload_attachment": {
      "freeUsage": false,
      "toolCostCategory": "advanced",
    },
  },
  "luma": {
    "add_guests": {
      "freeUsage": false,
      "toolCostCategory": "advanced",
    },
    "create_event": {
      "freeUsage": false,
      "toolCostCategory": "advanced",
    },
    "get_authenticated_user": {
      "freeUsage": false,
      "toolCostCategory": "advanced",
    },
    "get_event": {
      "freeUsage": false,
      "toolCostCategory": "advanced",
    },
    "get_event_insights": {
      "freeUsage": false,
      "toolCostCategory": "advanced",
    },
    "get_guest": {
      "freeUsage": false,
      "toolCostCategory": "advanced",
    },
    "list_events": {
      "freeUsage": false,
      "toolCostCategory": "advanced",
    },
    "list_guests": {
      "freeUsage": false,
      "toolCostCategory": "advanced",
    },
    "search_guests": {
      "freeUsage": false,
      "toolCostCategory": "advanced",
    },
    "send_invites": {
      "freeUsage": false,
      "toolCostCategory": "advanced",
    },
    "update_event": {
      "freeUsage": false,
      "toolCostCategory": "advanced",
    },
    "update_guest_status": {
      "freeUsage": false,
      "toolCostCategory": "advanced",
    },
  },
  "microsoft_drive": {
    "copy_file": {
      "freeUsage": false,
      "toolCostCategory": "advanced",
    },
    "create_folder": {
      "freeUsage": false,
      "toolCostCategory": "advanced",
    },
    "get_file_content": {
      "freeUsage": false,
      "toolCostCategory": "advanced",
    },
    "get_item_from_url": {
      "freeUsage": false,
      "toolCostCategory": "advanced",
    },
    "list_drive_items": {
      "freeUsage": false,
      "toolCostCategory": "advanced",
    },
    "rename_drive_item": {
      "freeUsage": false,
      "toolCostCategory": "advanced",
    },
    "search_drive_items": {
      "freeUsage": false,
      "toolCostCategory": "advanced",
    },
    "search_in_files": {
      "freeUsage": false,
      "toolCostCategory": "advanced",
    },
    "update_word_document": {
      "freeUsage": false,
      "toolCostCategory": "advanced",
    },
    "upload_file": {
      "freeUsage": false,
      "toolCostCategory": "advanced",
    },
  },
  "microsoft_excel": {
    "clear_range": {
      "freeUsage": false,
      "toolCostCategory": "advanced",
    },
    "create_worksheet": {
      "freeUsage": false,
      "toolCostCategory": "advanced",
    },
    "get_worksheets": {
      "freeUsage": false,
      "toolCostCategory": "advanced",
    },
    "list_excel_files": {
      "freeUsage": false,
      "toolCostCategory": "advanced",
    },
    "read_worksheet": {
      "freeUsage": false,
      "toolCostCategory": "advanced",
    },
    "write_worksheet": {
      "freeUsage": false,
      "toolCostCategory": "advanced",
    },
  },
  "microsoft_teams": {
    "get_transcript_content": {
      "freeUsage": false,
      "toolCostCategory": "advanced",
    },
    "list_channels": {
      "freeUsage": false,
      "toolCostCategory": "advanced",
    },
    "list_chats": {
      "freeUsage": false,
      "toolCostCategory": "advanced",
    },
    "list_meetings": {
      "freeUsage": false,
      "toolCostCategory": "advanced",
    },
    "list_messages": {
      "freeUsage": false,
      "toolCostCategory": "advanced",
    },
    "list_teams": {
      "freeUsage": false,
      "toolCostCategory": "advanced",
    },
    "list_users": {
      "freeUsage": false,
      "toolCostCategory": "advanced",
    },
    "post_message": {
      "freeUsage": false,
      "toolCostCategory": "advanced",
    },
    "search_messages_content": {
      "freeUsage": false,
      "toolCostCategory": "advanced",
    },
  },
  "missing_action_catcher": {},
  "monday": {
    "create_board": {
      "freeUsage": false,
      "toolCostCategory": "advanced",
    },
    "create_column": {
      "freeUsage": false,
      "toolCostCategory": "advanced",
    },
    "create_group": {
      "freeUsage": false,
      "toolCostCategory": "advanced",
    },
    "create_item": {
      "freeUsage": false,
      "toolCostCategory": "advanced",
    },
    "create_multiple_items": {
      "freeUsage": false,
      "toolCostCategory": "advanced",
    },
    "create_subitem": {
      "freeUsage": false,
      "toolCostCategory": "advanced",
    },
    "create_update": {
      "freeUsage": false,
      "toolCostCategory": "advanced",
    },
    "delete_group": {
      "freeUsage": false,
      "toolCostCategory": "advanced",
    },
    "delete_item": {
      "freeUsage": false,
      "toolCostCategory": "advanced",
    },
    "duplicate_group": {
      "freeUsage": false,
      "toolCostCategory": "advanced",
    },
    "find_user_by_name": {
      "freeUsage": false,
      "toolCostCategory": "advanced",
    },
    "get_activity_logs": {
      "freeUsage": false,
      "toolCostCategory": "advanced",
    },
    "get_board_analytics": {
      "freeUsage": false,
      "toolCostCategory": "advanced",
    },
    "get_board_items": {
      "freeUsage": false,
      "toolCostCategory": "advanced",
    },
    "get_board_values": {
      "freeUsage": false,
      "toolCostCategory": "advanced",
    },
    "get_boards": {
      "freeUsage": false,
      "toolCostCategory": "advanced",
    },
    "get_column_values": {
      "freeUsage": false,
      "toolCostCategory": "advanced",
    },
    "get_file_column_values": {
      "freeUsage": false,
      "toolCostCategory": "advanced",
    },
    "get_group_details": {
      "freeUsage": false,
      "toolCostCategory": "advanced",
    },
    "get_item_details": {
      "freeUsage": false,
      "toolCostCategory": "advanced",
    },
    "get_items_by_column_value": {
      "freeUsage": false,
      "toolCostCategory": "advanced",
    },
    "get_subitem_values": {
      "freeUsage": false,
      "toolCostCategory": "advanced",
    },
    "get_user_details": {
      "freeUsage": false,
      "toolCostCategory": "advanced",
    },
    "move_item_to_board": {
      "freeUsage": false,
      "toolCostCategory": "advanced",
    },
    "search_items": {
      "freeUsage": false,
      "toolCostCategory": "advanced",
    },
    "update_item": {
      "freeUsage": false,
      "toolCostCategory": "advanced",
    },
    "update_item_name": {
      "freeUsage": false,
      "toolCostCategory": "advanced",
    },
    "update_subitem": {
      "freeUsage": false,
      "toolCostCategory": "advanced",
    },
    "upload_file_to_column": {
      "freeUsage": false,
      "toolCostCategory": "advanced",
    },
  },
  "notion": {
    "add_page_content": {
      "freeUsage": false,
      "toolCostCategory": "advanced",
    },
    "create_comment": {
      "freeUsage": false,
      "toolCostCategory": "advanced",
    },
    "create_database": {
      "freeUsage": false,
      "toolCostCategory": "advanced",
    },
    "create_page": {
      "freeUsage": false,
      "toolCostCategory": "advanced",
    },
    "delete_block": {
      "freeUsage": false,
      "toolCostCategory": "advanced",
    },
    "delete_page": {
      "freeUsage": false,
      "toolCostCategory": "advanced",
    },
    "fetch_comments": {
      "freeUsage": false,
      "toolCostCategory": "advanced",
    },
    "get_about_user": {
      "freeUsage": false,
      "toolCostCategory": "advanced",
    },
    "insert_row_into_database": {
      "freeUsage": false,
      "toolCostCategory": "advanced",
    },
    "list_users": {
      "freeUsage": false,
      "toolCostCategory": "advanced",
    },
    "query_datasource": {
      "freeUsage": false,
      "toolCostCategory": "advanced",
    },
    "retrieve_block": {
      "freeUsage": false,
      "toolCostCategory": "advanced",
    },
    "retrieve_block_children": {
      "freeUsage": false,
      "toolCostCategory": "advanced",
    },
    "retrieve_database": {
      "freeUsage": false,
      "toolCostCategory": "advanced",
    },
    "retrieve_datasource_content": {
      "freeUsage": false,
      "toolCostCategory": "advanced",
    },
    "retrieve_datasource_schema": {
      "freeUsage": false,
      "toolCostCategory": "advanced",
    },
    "retrieve_page": {
      "freeUsage": false,
      "toolCostCategory": "advanced",
    },
    "search": {
      "freeUsage": false,
      "toolCostCategory": "advanced",
    },
    "update_page": {
      "freeUsage": false,
      "toolCostCategory": "advanced",
    },
    "update_row_database": {
      "freeUsage": false,
      "toolCostCategory": "advanced",
    },
    "update_schema_datasource": {
      "freeUsage": false,
      "toolCostCategory": "advanced",
    },
  },
  "openai_usage": {
    "get_completions_usage": {
      "freeUsage": false,
      "toolCostCategory": "advanced",
    },
    "get_organization_costs": {
      "freeUsage": false,
      "toolCostCategory": "advanced",
    },
  },
  "outlook": {
    "create_contact": {
      "freeUsage": false,
      "toolCostCategory": "advanced",
    },
    "create_draft": {
      "freeUsage": false,
      "toolCostCategory": "advanced",
    },
    "delete_draft": {
      "freeUsage": false,
      "toolCostCategory": "advanced",
    },
    "get_attachment": {
      "freeUsage": false,
      "toolCostCategory": "advanced",
    },
    "get_attachments": {
      "freeUsage": false,
      "toolCostCategory": "advanced",
    },
    "get_contacts": {
      "freeUsage": false,
      "toolCostCategory": "advanced",
    },
    "get_drafts": {
      "freeUsage": false,
      "toolCostCategory": "advanced",
    },
    "get_message_body": {
      "freeUsage": false,
      "toolCostCategory": "advanced",
    },
    "get_messages": {
      "freeUsage": false,
      "toolCostCategory": "advanced",
    },
    "list_attachments": {
      "freeUsage": false,
      "toolCostCategory": "advanced",
    },
    "list_folders": {
      "freeUsage": false,
      "toolCostCategory": "advanced",
    },
    "move_messages": {
      "freeUsage": false,
      "toolCostCategory": "advanced",
    },
    "send_mail": {
      "freeUsage": false,
      "toolCostCategory": "advanced",
    },
    "update_contact": {
      "freeUsage": false,
      "toolCostCategory": "advanced",
    },
  },
  "outlook_calendar": {
    "check_availability": {
      "freeUsage": false,
      "toolCostCategory": "advanced",
    },
    "check_self_availability": {
      "freeUsage": false,
      "toolCostCategory": "advanced",
    },
    "create_event": {
      "freeUsage": false,
      "toolCostCategory": "advanced",
    },
    "delete_event": {
      "freeUsage": false,
      "toolCostCategory": "advanced",
    },
    "get_event": {
      "freeUsage": false,
      "toolCostCategory": "advanced",
    },
    "get_user_timezone": {
      "freeUsage": false,
      "toolCostCategory": "advanced",
    },
    "list_calendars": {
      "freeUsage": false,
      "toolCostCategory": "advanced",
    },
    "list_events": {
      "freeUsage": false,
      "toolCostCategory": "advanced",
    },
    "update_event": {
      "freeUsage": false,
      "toolCostCategory": "advanced",
    },
  },
  "plan_mode": {
    "close_plan": {
      "freeUsage": true,
      "toolCostCategory": "basic",
    },
    "create_plan": {
      "freeUsage": false,
      "toolCostCategory": "basic",
    },
    "edit_plan": {
      "freeUsage": true,
      "toolCostCategory": "basic",
    },
  },
  "pod_manager": {
    "add_content_node": {
      "freeUsage": true,
      "toolCostCategory": "basic",
    },
    "add_message_to_conversation": {
      "freeUsage": true,
      "toolCostCategory": "basic",
    },
    "create_conversation": {
      "freeUsage": true,
      "toolCostCategory": "basic",
    },
    "create_pod": {
      "freeUsage": false,
      "toolCostCategory": "basic",
    },
    "edit_information": {
      "freeUsage": true,
      "toolCostCategory": "basic",
    },
    "get_information": {
      "freeUsage": true,
      "toolCostCategory": "basic",
    },
    "list_conversations": {
      "freeUsage": true,
      "toolCostCategory": "basic",
    },
    "list_members": {
      "freeUsage": true,
      "toolCostCategory": "basic",
    },
    "list_pods": {
      "freeUsage": true,
      "toolCostCategory": "basic",
    },
    "move_conversation": {
      "freeUsage": true,
      "toolCostCategory": "basic",
    },
    "remove_content_node": {
      "freeUsage": false,
      "toolCostCategory": "basic",
    },
    "retrieve_recent_documents": {
      "freeUsage": false,
      "toolCostCategory": "basic",
    },
    "semantic_search": {
      "freeUsage": true,
      "toolCostCategory": "basic",
    },
    "set_default_agent": {
      "freeUsage": true,
      "toolCostCategory": "basic",
    },
    "set_pinned_frame": {
      "freeUsage": true,
      "toolCostCategory": "basic",
    },
    "update_members": {
      "freeUsage": true,
      "toolCostCategory": "basic",
    },
  },
  "pod_tasks": {
    "create_tasks": {
      "freeUsage": true,
      "toolCostCategory": "basic",
    },
    "list_tasks": {
      "freeUsage": true,
      "toolCostCategory": "basic",
    },
    "start_task_agent": {
      "freeUsage": false,
      "toolCostCategory": "basic",
    },
    "update_tasks": {
      "freeUsage": true,
      "toolCostCategory": "basic",
    },
  },
  "poke": {
    "check_notion_page": {
      "freeUsage": true,
      "toolCostCategory": "basic",
    },
    "check_slack_channel": {
      "freeUsage": true,
      "toolCostCategory": "basic",
    },
    "find_workspace_by_connector_id": {
      "freeUsage": true,
      "toolCostCategory": "basic",
    },
    "get_connector_details": {
      "freeUsage": true,
      "toolCostCategory": "basic",
    },
    "get_conversation_details": {
      "freeUsage": true,
      "toolCostCategory": "basic",
    },
    "get_mcp_server_details": {
      "freeUsage": true,
      "toolCostCategory": "basic",
    },
    "get_workspace_agent": {
      "freeUsage": true,
      "toolCostCategory": "basic",
    },
    "get_workspace_credits": {
      "freeUsage": true,
      "toolCostCategory": "basic",
    },
    "get_workspace_feature_flags": {
      "freeUsage": true,
      "toolCostCategory": "basic",
    },
    "get_workspace_members": {
      "freeUsage": true,
      "toolCostCategory": "basic",
    },
    "get_workspace_metadata": {
      "freeUsage": true,
      "toolCostCategory": "basic",
    },
    "get_workspace_plan_and_subscription": {
      "freeUsage": true,
      "toolCostCategory": "basic",
    },
    "get_workspace_skill": {
      "freeUsage": true,
      "toolCostCategory": "basic",
    },
    "get_workspace_spaces": {
      "freeUsage": true,
      "toolCostCategory": "basic",
    },
    "list_data_sources": {
      "freeUsage": true,
      "toolCostCategory": "basic",
    },
    "list_global_agent_feedbacks": {
      "freeUsage": true,
      "toolCostCategory": "basic",
    },
    "list_workspace_agents": {
      "freeUsage": true,
      "toolCostCategory": "basic",
    },
    "list_workspace_groups": {
      "freeUsage": true,
      "toolCostCategory": "basic",
    },
    "list_workspace_skills": {
      "freeUsage": true,
      "toolCostCategory": "basic",
    },
    "search_workspaces": {
      "freeUsage": true,
      "toolCostCategory": "basic",
    },
  },
  "productboard": {
    "create_entity": {
      "freeUsage": false,
      "toolCostCategory": "advanced",
    },
    "create_note": {
      "freeUsage": false,
      "toolCostCategory": "advanced",
    },
    "get_configuration": {
      "freeUsage": false,
      "toolCostCategory": "advanced",
    },
    "get_note": {
      "freeUsage": false,
      "toolCostCategory": "advanced",
    },
    "get_relationships": {
      "freeUsage": false,
      "toolCostCategory": "advanced",
    },
    "query_entities": {
      "freeUsage": false,
      "toolCostCategory": "advanced",
    },
    "query_notes": {
      "freeUsage": false,
      "toolCostCategory": "advanced",
    },
    "update_entity": {
      "freeUsage": false,
      "toolCostCategory": "advanced",
    },
    "update_note": {
      "freeUsage": false,
      "toolCostCategory": "advanced",
    },
  },
  "query_tables_v2": {
    "execute_database_query": {
      "freeUsage": false,
      "toolCostCategory": "advanced",
    },
    "get_database_schema": {
      "freeUsage": false,
      "toolCostCategory": "advanced",
    },
    "list_tables": {
      "freeUsage": false,
      "toolCostCategory": "advanced",
    },
  },
  "run_agent": {
    "run_agent": {
      "freeUsage": false,
      "toolCostCategory": "basic",
    },
  },
  "run_dust_app": {
    "run_dust_app": {
      "freeUsage": false,
      "toolCostCategory": "basic",
    },
  },
  "salesforce": {
    "create_object": {
      "freeUsage": false,
      "toolCostCategory": "advanced",
    },
    "describe_object": {
      "freeUsage": false,
      "toolCostCategory": "advanced",
    },
    "execute_read_query": {
      "freeUsage": false,
      "toolCostCategory": "advanced",
    },
    "list_attachments": {
      "freeUsage": false,
      "toolCostCategory": "advanced",
    },
    "list_objects": {
      "freeUsage": false,
      "toolCostCategory": "advanced",
    },
    "read_attachment": {
      "freeUsage": false,
      "toolCostCategory": "advanced",
    },
    "update_object": {
      "freeUsage": false,
      "toolCostCategory": "advanced",
    },
  },
  "salesloft": {
    "get_actions": {
      "freeUsage": false,
      "toolCostCategory": "advanced",
    },
  },
  "sandbox": {
    "add_egress_domain": {
      "freeUsage": true,
      "toolCostCategory": "basic",
    },
    "bash": {
      "freeUsage": true,
      "toolCostCategory": "basic",
    },
    "describe_toolset": {
      "freeUsage": true,
      "toolCostCategory": "basic",
    },
    "request_egress_domain": {
      "freeUsage": true,
      "toolCostCategory": "basic",
    },
  },
  "sandbox_functions": {
    "call": {
      "freeUsage": true,
      "toolCostCategory": "basic",
    },
    "db_list": {
      "freeUsage": true,
      "toolCostCategory": "basic",
    },
    "db_query": {
      "freeUsage": true,
      "toolCostCategory": "basic",
    },
    "db_reconcile": {
      "freeUsage": true,
      "toolCostCategory": "basic",
    },
    "db_schema": {
      "freeUsage": true,
      "toolCostCategory": "basic",
    },
    "get": {
      "freeUsage": true,
      "toolCostCategory": "basic",
    },
    "inspect_invocations": {
      "freeUsage": true,
      "toolCostCategory": "basic",
    },
    "list": {
      "freeUsage": false,
      "toolCostCategory": "advanced",
    },
    "publish": {
      "freeUsage": true,
      "toolCostCategory": "basic",
    },
    "unpublish": {
      "freeUsage": true,
      "toolCostCategory": "basic",
    },
  },
  "search": {
    "semantic_search": {
      "freeUsage": false,
      "toolCostCategory": "advanced",
    },
  },
  "servicenow": {
    "create_record": {
      "freeUsage": false,
      "toolCostCategory": "advanced",
    },
    "get_record": {
      "freeUsage": false,
      "toolCostCategory": "advanced",
    },
    "list_records": {
      "freeUsage": false,
      "toolCostCategory": "advanced",
    },
    "update_record": {
      "freeUsage": false,
      "toolCostCategory": "advanced",
    },
  },
  "shopify": {
    "list_customers": {
      "freeUsage": false,
      "toolCostCategory": "advanced",
    },
    "list_orders": {
      "freeUsage": false,
      "toolCostCategory": "advanced",
    },
    "list_products": {
      "freeUsage": false,
      "toolCostCategory": "advanced",
    },
  },
  "skill_authoring": {
    "create_skill": {
      "freeUsage": true,
      "toolCostCategory": "basic",
    },
    "get_skill": {
      "freeUsage": true,
      "toolCostCategory": "basic",
    },
    "list_skills": {
      "freeUsage": true,
      "toolCostCategory": "basic",
    },
    "update_skill": {
      "freeUsage": true,
      "toolCostCategory": "basic",
    },
  },
  "skill_management": {
    "enable_skill": {
      "freeUsage": true,
      "toolCostCategory": "basic",
    },
  },
  "slab": {
    "get_post_contents": {
      "freeUsage": false,
      "toolCostCategory": "advanced",
    },
    "get_post_metadata": {
      "freeUsage": false,
      "toolCostCategory": "advanced",
    },
    "get_topics": {
      "freeUsage": false,
      "toolCostCategory": "advanced",
    },
    "search_posts": {
      "freeUsage": false,
      "toolCostCategory": "advanced",
    },
  },
  "slack": {
    "add_reaction": {
      "freeUsage": false,
      "toolCostCategory": "advanced",
    },
    "archive_channel": {
      "freeUsage": false,
      "toolCostCategory": "advanced",
    },
    "create_channel": {
      "freeUsage": false,
      "toolCostCategory": "advanced",
    },
    "get_channel_canvases": {
      "freeUsage": false,
      "toolCostCategory": "advanced",
    },
    "get_reactions": {
      "freeUsage": false,
      "toolCostCategory": "advanced",
    },
    "invite_to_channel": {
      "freeUsage": false,
      "toolCostCategory": "advanced",
    },
    "list_messages": {
      "freeUsage": false,
      "toolCostCategory": "advanced",
    },
    "list_user_groups": {
      "freeUsage": false,
      "toolCostCategory": "advanced",
    },
    "post_message": {
      "freeUsage": false,
      "toolCostCategory": "advanced",
    },
    "read_canvas": {
      "freeUsage": false,
      "toolCostCategory": "advanced",
    },
    "read_thread_messages": {
      "freeUsage": false,
      "toolCostCategory": "advanced",
    },
    "remove_reaction": {
      "freeUsage": false,
      "toolCostCategory": "advanced",
    },
    "schedule_message": {
      "freeUsage": false,
      "toolCostCategory": "advanced",
    },
    "search_channels": {
      "freeUsage": false,
      "toolCostCategory": "advanced",
    },
    "search_messages": {
      "freeUsage": false,
      "toolCostCategory": "advanced",
    },
    "search_user": {
      "freeUsage": false,
      "toolCostCategory": "advanced",
    },
    "semantic_search_messages": {
      "freeUsage": false,
      "toolCostCategory": "advanced",
    },
    "set_user_status": {
      "freeUsage": false,
      "toolCostCategory": "advanced",
    },
    "write_canvas": {
      "freeUsage": false,
      "toolCostCategory": "advanced",
    },
  },
  "slack_bot": {
    "add_reaction": {
      "freeUsage": false,
      "toolCostCategory": "advanced",
    },
    "edit_message": {
      "freeUsage": false,
      "toolCostCategory": "advanced",
    },
    "list_public_channels": {
      "freeUsage": false,
      "toolCostCategory": "advanced",
    },
    "post_message": {
      "freeUsage": false,
      "toolCostCategory": "advanced",
    },
    "read_channel_history": {
      "freeUsage": false,
      "toolCostCategory": "advanced",
    },
    "read_thread_messages": {
      "freeUsage": false,
      "toolCostCategory": "advanced",
    },
    "remove_reaction": {
      "freeUsage": false,
      "toolCostCategory": "advanced",
    },
    "search_user": {
      "freeUsage": false,
      "toolCostCategory": "advanced",
    },
  },
  "snowflake": {
    "describe_semantic_view": {
      "freeUsage": false,
      "toolCostCategory": "advanced",
    },
    "describe_table": {
      "freeUsage": false,
      "toolCostCategory": "advanced",
    },
    "list_databases": {
      "freeUsage": false,
      "toolCostCategory": "advanced",
    },
    "list_schemas": {
      "freeUsage": false,
      "toolCostCategory": "advanced",
    },
    "list_tables": {
      "freeUsage": false,
      "toolCostCategory": "advanced",
    },
    "query": {
      "freeUsage": false,
      "toolCostCategory": "advanced",
    },
  },
  "sound_studio": {
    "generate_sound_effects": {
      "freeUsage": false,
      "toolCostCategory": "advanced",
    },
  },
  "speech_generator": {
    "speech_to_text": {
      "freeUsage": false,
      "toolCostCategory": "advanced",
    },
    "text_to_dialogue": {
      "freeUsage": false,
      "toolCostCategory": "advanced",
    },
    "text_to_speech": {
      "freeUsage": false,
      "toolCostCategory": "advanced",
    },
  },
  "statuspage": {
    "create_incident": {
      "freeUsage": false,
      "toolCostCategory": "advanced",
    },
    "get_incident": {
      "freeUsage": false,
      "toolCostCategory": "advanced",
    },
    "list_components": {
      "freeUsage": false,
      "toolCostCategory": "advanced",
    },
    "list_incidents": {
      "freeUsage": false,
      "toolCostCategory": "advanced",
    },
    "list_pages": {
      "freeUsage": false,
      "toolCostCategory": "advanced",
    },
    "update_incident": {
      "freeUsage": false,
      "toolCostCategory": "advanced",
    },
  },
  "toolsets": {
    "enable": {
      "freeUsage": true,
      "toolCostCategory": "basic",
    },
    "list": {
      "freeUsage": true,
      "toolCostCategory": "basic",
    },
  },
  "triggers_management": {
    "create_event_trigger": {
      "freeUsage": false,
      "toolCostCategory": "basic",
    },
    "create_schedule": {
      "freeUsage": false,
      "toolCostCategory": "basic",
    },
    "disable_trigger": {
      "freeUsage": true,
      "toolCostCategory": "basic",
    },
    "list_event_sources": {
      "freeUsage": true,
      "toolCostCategory": "basic",
    },
    "list_triggers": {
      "freeUsage": true,
      "toolCostCategory": "basic",
    },
  },
  "ukg_ready": {
    "create_pto_request": {
      "freeUsage": false,
      "toolCostCategory": "advanced",
    },
    "delete_pto_request": {
      "freeUsage": false,
      "toolCostCategory": "advanced",
    },
    "get_accrual_balances": {
      "freeUsage": false,
      "toolCostCategory": "advanced",
    },
    "get_employees": {
      "freeUsage": false,
      "toolCostCategory": "advanced",
    },
    "get_my_info": {
      "freeUsage": false,
      "toolCostCategory": "advanced",
    },
    "get_pto_request_notes": {
      "freeUsage": false,
      "toolCostCategory": "advanced",
    },
    "get_pto_requests": {
      "freeUsage": false,
      "toolCostCategory": "advanced",
    },
    "get_schedules": {
      "freeUsage": false,
      "toolCostCategory": "advanced",
    },
  },
  "user_analytics": {
    "get_personal_usage": {
      "freeUsage": true,
      "toolCostCategory": "basic",
    },
    "get_workspace_activity": {
      "freeUsage": true,
      "toolCostCategory": "basic",
    },
  },
  "user_memory": {
    "edit": {
      "freeUsage": true,
      "toolCostCategory": "basic",
    },
    "read": {
      "freeUsage": true,
      "toolCostCategory": "basic",
    },
  },
  "user_mentions": {
    "get_mention_markdown": {
      "freeUsage": true,
      "toolCostCategory": "basic",
    },
    "search_available_users": {
      "freeUsage": true,
      "toolCostCategory": "basic",
    },
  },
  "val_town": {
    "call_http_endpoint": {
      "freeUsage": false,
      "toolCostCategory": "advanced",
    },
    "create_file": {
      "freeUsage": false,
      "toolCostCategory": "advanced",
    },
    "create_val": {
      "freeUsage": false,
      "toolCostCategory": "advanced",
    },
    "delete_file": {
      "freeUsage": false,
      "toolCostCategory": "advanced",
    },
    "get_file_content": {
      "freeUsage": false,
      "toolCostCategory": "advanced",
    },
    "get_val": {
      "freeUsage": false,
      "toolCostCategory": "advanced",
    },
    "list_val_files": {
      "freeUsage": false,
      "toolCostCategory": "advanced",
    },
    "list_vals": {
      "freeUsage": false,
      "toolCostCategory": "advanced",
    },
    "search_vals": {
      "freeUsage": false,
      "toolCostCategory": "advanced",
    },
    "update_file_content": {
      "freeUsage": false,
      "toolCostCategory": "advanced",
    },
    "write_file": {
      "freeUsage": false,
      "toolCostCategory": "advanced",
    },
  },
  "vanta": {
    "list_control_documents": {
      "freeUsage": false,
      "toolCostCategory": "advanced",
    },
    "list_control_tests": {
      "freeUsage": false,
      "toolCostCategory": "advanced",
    },
    "list_controls": {
      "freeUsage": false,
      "toolCostCategory": "advanced",
    },
    "list_document_resources": {
      "freeUsage": false,
      "toolCostCategory": "advanced",
    },
    "list_documents": {
      "freeUsage": false,
      "toolCostCategory": "advanced",
    },
    "list_framework_controls": {
      "freeUsage": false,
      "toolCostCategory": "advanced",
    },
    "list_frameworks": {
      "freeUsage": false,
      "toolCostCategory": "advanced",
    },
    "list_integrations": {
      "freeUsage": false,
      "toolCostCategory": "advanced",
    },
    "list_people": {
      "freeUsage": false,
      "toolCostCategory": "advanced",
    },
    "list_risks": {
      "freeUsage": false,
      "toolCostCategory": "advanced",
    },
    "list_test_entities": {
      "freeUsage": false,
      "toolCostCategory": "advanced",
    },
    "list_tests": {
      "freeUsage": false,
      "toolCostCategory": "advanced",
    },
    "list_vulnerabilities": {
      "freeUsage": false,
      "toolCostCategory": "advanced",
    },
  },
  "wakeups": {
    "cancel_wakeup": {
      "freeUsage": true,
      "toolCostCategory": "basic",
    },
    "list_wakeups": {
      "freeUsage": true,
      "toolCostCategory": "basic",
    },
    "schedule_wakeup": {
      "freeUsage": false,
      "toolCostCategory": "basic",
    },
  },
  "web_search_&_browse": {
    "webbrowser": {
      "freeUsage": false,
      "toolCostCategory": "basic",
    },
    "websearch": {
      "freeUsage": false,
      "toolCostCategory": "basic",
    },
  },
  "workspace_analytics": {
    "get_agent_details": {
      "freeUsage": true,
      "toolCostCategory": "basic",
    },
    "get_consumption_overview": {
      "freeUsage": true,
      "toolCostCategory": "basic",
    },
    "get_credit_timeseries": {
      "freeUsage": true,
      "toolCostCategory": "basic",
    },
    "get_top_entities_by_credits": {
      "freeUsage": true,
      "toolCostCategory": "basic",
    },
    "get_top_entities_by_execution_count": {
      "freeUsage": true,
      "toolCostCategory": "basic",
    },
    "get_top_entities_by_message_count": {
      "freeUsage": true,
      "toolCostCategory": "basic",
    },
  },
  "workspace_management": {
    "get_agent_details": {
      "freeUsage": true,
      "toolCostCategory": "basic",
    },
    "get_skill_details": {
      "freeUsage": true,
      "toolCostCategory": "basic",
    },
    "list_agents": {
      "freeUsage": true,
      "toolCostCategory": "basic",
    },
    "list_skills": {
      "freeUsage": true,
      "toolCostCategory": "basic",
    },
    "list_workspace_members": {
      "freeUsage": true,
      "toolCostCategory": "basic",
    },
  },
  "zendesk": {
    "draft_reply": {
      "freeUsage": false,
      "toolCostCategory": "advanced",
    },
    "get_ticket": {
      "freeUsage": false,
      "toolCostCategory": "advanced",
    },
    "list_ticket_fields": {
      "freeUsage": false,
      "toolCostCategory": "advanced",
    },
    "post_reply": {
      "freeUsage": false,
      "toolCostCategory": "advanced",
    },
    "search_tickets": {
      "freeUsage": false,
      "toolCostCategory": "advanced",
    },
    "update_ticket_tags": {
      "freeUsage": false,
      "toolCostCategory": "advanced",
    },
  },
}
`;

exports[`MCP Servers Metadata Snapshot > should have stable tool stakes across all servers 1`] = `
{
  "activation_recommendations": {
    "create_recommendation": "never_ask",
    "create_work_areas": "never_ask",
    "get_tool_execution_modes": "never_ask",
    "list_recommendations": "never_ask",
    "list_work_areas": "never_ask",
    "update_recommendation": "never_ask",
    "update_work_area": "never_ask",
  },
  "agent_delegation": {
    "run_agent": "never_ask",
  },
  "agent_memory": {
    "compact_memory": "never_ask",
    "edit_entries": "never_ask",
    "erase_entries": "never_ask",
    "record_entries": "never_ask",
    "retrieve": "never_ask",
  },
  "agent_router": {
    "list_all_published_agents": "never_ask",
    "suggest_agents_for_content": "never_ask",
  },
  "agent_sidekick_agent_state": {
    "get_agent_info": "never_ask",
  },
  "agent_sidekick_context": {
    "describe_mcp": "never_ask",
    "describe_skill": "never_ask",
    "get_agent_feedback": "never_ask",
    "get_agent_insights": "never_ask",
    "get_available_agents": "never_ask",
    "get_available_models": "never_ask",
    "get_available_skills": "never_ask",
    "get_available_tools": "never_ask",
    "inspect_available_agent": "never_ask",
    "inspect_conversation": "never_ask",
    "inspect_message": "never_ask",
    "list_suggestions": "never_ask",
    "search_knowledge": "never_ask",
    "suggest_knowledge": "never_ask",
    "suggest_model": "never_ask",
    "suggest_prompt_edits": "never_ask",
    "suggest_skills": "never_ask",
    "suggest_sub_agent": "never_ask",
    "suggest_tools": "never_ask",
    "update_suggestions_state": "never_ask",
  },
  "agent_templates": {
    "get_agent_template": "never_ask",
    "search_agent_templates": "never_ask",
  },
  "ashby": {
    "create_candidate_note": "high",
    "create_referral": "high",
    "get_candidate_notes": "never_ask",
    "get_hire_data": "never_ask",
    "get_interview_feedback": "never_ask",
    "get_referral_form": "never_ask",
    "get_report_data": "never_ask",
    "list_job_postings": "never_ask",
    "list_openings": "never_ask",
    "search_candidates": "never_ask",
    "update_job_posting": "high",
  },
  "ask_user_question": {
    "ask_user_question": "never_ask",
  },
  "clari_copilot": {
    "get_call_details": "never_ask",
    "search_calls": "never_ask",
  },
  "common_utilities": {
    "generate_random_float": "never_ask",
    "generate_random_number": "never_ask",
    "get_current_time": "never_ask",
    "math_operation": "never_ask",
    "set_conversation_title": "never_ask",
    "wait": "never_ask",
  },
  "confluence": {
    "create_page": "low",
    "get_current_user": "never_ask",
    "get_page": "never_ask",
    "get_pages": "never_ask",
    "get_spaces": "never_ask",
    "update_page": "low",
  },
  "conversation_files": {
    "cat": "never_ask",
    "list": "never_ask",
    "list_content_nodes_and_tables": "never_ask",
    "semantic_search": "never_ask",
  },
  "conversation_side_panel": {
    "open_frame": "never_ask",
    "set_files_side_panel": "never_ask",
  },
  "data_sources_file_system": {
    "cat": "never_ask",
    "find": "never_ask",
    "list": "never_ask",
    "locate_in_tree": "never_ask",
    "semantic_search": "never_ask",
  },
  "data_warehouses": {
    "describe_tables": "never_ask",
    "find": "never_ask",
    "list": "never_ask",
    "query": "never_ask",
  },
  "databricks": {
    "list_warehouses": "never_ask",
  },
  "exa_people_and_company": {
    "search_companies": "never_ask",
    "search_people": "never_ask",
  },
  "extract_data": {
    "extract_information_from_documents": "never_ask",
  },
  "fathom": {
    "get_transcript": "never_ask",
    "list_meetings": "never_ask",
  },
  "file_generation": {
    "convert_file_format": "never_ask",
    "generate_file": "never_ask",
    "get_supported_source_formats_for_output_format": "never_ask",
  },
  "files": {
    "cat": "never_ask",
    "copy": "never_ask",
    "create": "never_ask",
    "delete": "low",
    "edit": "never_ask",
    "extract_text": "never_ask",
    "grep": "never_ask",
    "list": "never_ask",
    "move": "never_ask",
    "resolve": "never_ask",
    "upload_from_url": "never_ask",
  },
  "freshservice": {
    "add_ticket_note": "low",
    "add_ticket_reply": "low",
    "create_solution_article": "high",
    "create_ticket": "low",
    "create_ticket_task": "low",
    "delete_ticket_task": "low",
    "get_canned_response": "never_ask",
    "get_requester": "never_ask",
    "get_service_item": "never_ask",
    "get_service_item_fields": "never_ask",
    "get_solution_article": "never_ask",
    "get_ticket": "never_ask",
    "get_ticket_approval": "never_ask",
    "get_ticket_read_fields": "never_ask",
    "get_ticket_task": "never_ask",
    "get_ticket_write_fields": "never_ask",
    "list_canned_responses": "never_ask",
    "list_departments": "never_ask",
    "list_oncall_schedules": "never_ask",
    "list_products": "never_ask",
    "list_purchase_orders": "never_ask",
    "list_requesters": "never_ask",
    "list_service_categories": "never_ask",
    "list_service_items": "never_ask",
    "list_sla_policies": "never_ask",
    "list_solution_articles": "never_ask",
    "list_solution_categories": "never_ask",
    "list_solution_folders": "never_ask",
    "list_ticket_approvals": "never_ask",
    "list_ticket_requested_items": "never_ask",
    "list_ticket_tasks": "never_ask",
    "list_tickets": "never_ask",
    "request_service_approval": "low",
    "request_service_item": "low",
    "search_service_items": "never_ask",
    "update_ticket": "low",
    "update_ticket_task": "low",
  },
  "front": {
    "add_comment": "low",
    "add_links": "low",
    "add_tags": "low",
    "assign_conversation": "high",
    "create_conversation": "low",
    "create_draft": "low",
    "delete_draft": "high",
    "get_contact": "never_ask",
    "get_conversation": "never_ask",
    "get_conversation_drafts": "never_ask",
    "get_conversation_messages": "never_ask",
    "get_customer_history": "never_ask",
    "list_inboxes": "never_ask",
    "list_tags": "never_ask",
    "list_teammates": "never_ask",
    "search_conversations": "never_ask",
    "send_message": "high",
    "update_conversation_status": "high",
  },
  "github": {
    "add_issue_to_project": "low",
    "comment_on_discussion": "low",
    "comment_on_issue": "low",
    "create_discussion": "low",
    "create_issue": "low",
    "create_pull_request_review": "high",
    "get_discussion": "never_ask",
    "get_discussion_comments": "never_ask",
    "get_issue": "never_ask",
    "get_issue_custom_fields": "never_ask",
    "get_pull_request": "never_ask",
    "list_discussion_categories": "never_ask",
    "list_discussions": "never_ask",
    "list_issues": "never_ask",
    "list_organization_projects": "never_ask",
    "list_pull_requests": "never_ask",
    "search_advanced": "never_ask",
    "update_issue": "low",
  },
  "gmail": {
    "create_draft": "medium",
    "delete_draft": "high",
    "get_attachment": "never_ask",
    "get_drafts": "never_ask",
    "get_labels": "never_ask",
    "get_messages": "never_ask",
    "get_thread": "never_ask",
    "send_mail": "high",
    "set_message_labels": "low",
  },
  "gong": {
    "get_call": "never_ask",
    "get_call_transcript": "never_ask",
    "list_calls": "never_ask",
  },
  "google_calendar": {
    "check_availability": "never_ask",
    "create_event": "medium",
    "delete_event": "medium",
    "get_event": "never_ask",
    "get_user_timezones": "never_ask",
    "list_calendars": "never_ask",
    "list_events": "never_ask",
    "update_event": "medium",
  },
  "google_drive": {
    "append_to_spreadsheet": "low",
    "copy_file": "low",
    "create_comment": "low",
    "create_document": "low",
    "create_folder": "low",
    "create_presentation": "low",
    "create_reply": "low",
    "create_spreadsheet": "low",
    "get_document_structure": "never_ask",
    "get_file_content": "never_ask",
    "get_presentation_structure": "never_ask",
    "get_spreadsheet": "never_ask",
    "get_worksheet": "never_ask",
    "list_comments": "never_ask",
    "list_drives": "never_ask",
    "list_file_permissions": "never_ask",
    "revoke_file_sharing": "low",
    "search_files": "never_ask",
    "share_file": "low",
    "update_document": "low",
    "update_file_permission": "low",
    "update_presentation": "low",
    "update_spreadsheet": "low",
    "upload_file": "low",
  },
  "google_sheets": {
    "add_worksheet": "low",
    "append_data": "low",
    "clear_range": "low",
    "copy_sheet": "low",
    "create_spreadsheet": "low",
    "delete_worksheet": "low",
    "format_cells": "low",
    "get_spreadsheet": "never_ask",
    "get_worksheet": "never_ask",
    "list_spreadsheets": "never_ask",
    "move_worksheet": "low",
    "rename_worksheet": "low",
    "update_cells": "low",
  },
  "http_client": {
    "send_request": "low",
    "webbrowser": "never_ask",
    "websearch": "never_ask",
  },
  "hubspot": {
    "complete_task": "high",
    "count_objects_by_properties": "never_ask",
    "create_association": "high",
    "create_communication": "high",
    "create_company": "high",
    "create_contact": "high",
    "create_custom_object": "high",
    "create_deal": "high",
    "create_lead": "high",
    "create_meeting": "high",
    "create_note": "high",
    "create_task": "high",
    "create_ticket": "high",
    "delete_task": "high",
    "export_crm_objects_csv": "never_ask",
    "get_associated_meetings": "never_ask",
    "get_current_user_id": "never_ask",
    "get_email_campaign": "never_ask",
    "get_file_public_url": "never_ask",
    "get_hubspot_link": "never_ask",
    "get_hubspot_portal_id": "never_ask",
    "get_marketing_email": "never_ask",
    "get_marketing_email_statistics": "never_ask",
    "get_meeting": "never_ask",
    "get_object_properties": "never_ask",
    "get_user_activity": "never_ask",
    "list_association_labels": "never_ask",
    "list_associations": "never_ask",
    "list_custom_object_schemas": "never_ask",
    "list_email_campaigns": "never_ask",
    "list_email_events": "never_ask",
    "list_marketing_emails": "never_ask",
    "list_owners": "never_ask",
    "remove_association": "high",
    "search_crm_objects": "never_ask",
    "search_owners": "never_ask",
    "update_company": "high",
    "update_contact": "high",
    "update_custom_object": "high",
    "update_deal": "high",
    "update_task": "high",
  },
  "image_generation": {
    "generate_image": "never_ask",
  },
  "include_data": {
    "retrieve_recent_documents": "never_ask",
  },
  "interactive_content": {
    "create_interactive_content_file": "never_ask",
    "edit_interactive_content_file": "never_ask",
    "export_interactive_content_file": "never_ask",
    "get_interactive_content_file_share_url": "never_ask",
    "publish_interactive_content_file": "never_ask",
    "rename_interactive_content_file": "never_ask",
    "retrieve_interactive_content_file": "never_ask",
    "revert_interactive_content_file": "never_ask",
  },
  "jira": {
    "create_comment": "low",
    "create_issue": "low",
    "create_issue_link": "low",
    "delete_issue_link": "low",
    "get_attachments": "never_ask",
    "get_connection_info": "never_ask",
    "get_issue": "never_ask",
    "get_issue_create_fields": "never_ask",
    "get_issue_link_types": "never_ask",
    "get_issue_read_fields": "never_ask",
    "get_issue_types": "never_ask",
    "get_issues": "never_ask",
    "get_issues_using_jql": "never_ask",
    "get_project": "never_ask",
    "get_project_versions": "never_ask",
    "get_projects": "never_ask",
    "get_transitions": "never_ask",
    "get_users": "never_ask",
    "read_attachment": "never_ask",
    "transition_issue": "low",
    "update_issue": "low",
    "upload_attachment": "low",
  },
  "luma": {
    "add_guests": "low",
    "create_event": "high",
    "get_authenticated_user": "never_ask",
    "get_event": "never_ask",
    "get_event_insights": "never_ask",
    "get_guest": "never_ask",
    "list_events": "never_ask",
    "list_guests": "never_ask",
    "search_guests": "never_ask",
    "send_invites": "low",
    "update_event": "low",
    "update_guest_status": "low",
  },
  "microsoft_drive": {
    "copy_file": "never_ask",
    "create_folder": "low",
    "get_file_content": "never_ask",
    "get_item_from_url": "never_ask",
    "list_drive_items": "never_ask",
    "rename_drive_item": "low",
    "search_drive_items": "never_ask",
    "search_in_files": "never_ask",
    "update_word_document": "high",
    "upload_file": "high",
  },
  "microsoft_excel": {
    "clear_range": "high",
    "create_worksheet": "low",
    "get_worksheets": "never_ask",
    "list_excel_files": "never_ask",
    "read_worksheet": "never_ask",
    "write_worksheet": "high",
  },
  "microsoft_teams": {
    "get_transcript_content": "low",
    "list_channels": "never_ask",
    "list_chats": "never_ask",
    "list_meetings": "never_ask",
    "list_messages": "never_ask",
    "list_teams": "never_ask",
    "list_users": "never_ask",
    "post_message": "medium",
    "search_messages_content": "never_ask",
  },
  "missing_action_catcher": {},
  "monday": {
    "create_board": "high",
    "create_column": "high",
    "create_group": "high",
    "create_item": "high",
    "create_multiple_items": "high",
    "create_subitem": "high",
    "create_update": "high",
    "delete_group": "high",
    "delete_item": "high",
    "duplicate_group": "high",
    "find_user_by_name": "never_ask",
    "get_activity_logs": "never_ask",
    "get_board_analytics": "never_ask",
    "get_board_items": "never_ask",
    "get_board_values": "never_ask",
    "get_boards": "never_ask",
    "get_column_values": "never_ask",
    "get_file_column_values": "never_ask",
    "get_group_details": "never_ask",
    "get_item_details": "never_ask",
    "get_items_by_column_value": "never_ask",
    "get_subitem_values": "never_ask",
    "get_user_details": "never_ask",
    "move_item_to_board": "high",
    "search_items": "never_ask",
    "update_item": "high",
    "update_item_name": "high",
    "update_subitem": "high",
    "upload_file_to_column": "high",
  },
  "notion": {
    "add_page_content": "low",
    "create_comment": "low",
    "create_database": "low",
    "create_page": "low",
    "delete_block": "low",
    "delete_page": "low",
    "fetch_comments": "never_ask",
    "get_about_user": "never_ask",
    "insert_row_into_database": "low",
    "list_users": "never_ask",
    "query_datasource": "never_ask",
    "retrieve_block": "never_ask",
    "retrieve_block_children": "never_ask",
    "retrieve_database": "never_ask",
    "retrieve_datasource_content": "never_ask",
    "retrieve_datasource_schema": "never_ask",
    "retrieve_page": "never_ask",
    "search": "never_ask",
    "update_page": "low",
    "update_row_database": "low",
    "update_schema_datasource": "low",
  },
  "openai_usage": {
    "get_completions_usage": "low",
    "get_organization_costs": "low",
  },
  "outlook": {
    "create_contact": "high",
    "create_draft": "medium",
    "delete_draft": "low",
    "get_attachment": "never_ask",
    "get_attachments": "never_ask",
    "get_contacts": "never_ask",
    "get_drafts": "never_ask",
    "get_message_body": "never_ask",
    "get_messages": "never_ask",
    "list_attachments": "never_ask",
    "list_folders": "never_ask",
    "move_messages": "low",
    "send_mail": "high",
    "update_contact": "high",
  },
  "outlook_calendar": {
    "check_availability": "never_ask",
    "check_self_availability": "never_ask",
    "create_event": "low",
    "delete_event": "low",
    "get_event": "never_ask",
    "get_user_timezone": "never_ask",
    "list_calendars": "never_ask",
    "list_events": "never_ask",
    "update_event": "low",
  },
  "plan_mode": {
    "close_plan": "never_ask",
    "create_plan": "never_ask",
    "edit_plan": "never_ask",
  },
  "pod_manager": {
    "add_content_node": "never_ask",
    "add_message_to_conversation": "medium",
    "create_conversation": "never_ask",
    "create_pod": "low",
    "edit_information": "low",
    "get_information": "never_ask",
    "list_conversations": "never_ask",
    "list_members": "never_ask",
    "list_pods": "never_ask",
    "move_conversation": "never_ask",
    "remove_content_node": "low",
    "retrieve_recent_documents": "never_ask",
    "semantic_search": "never_ask",
    "set_default_agent": "low",
    "set_pinned_frame": "never_ask",
    "update_members": "low",
  },
  "pod_tasks": {
    "create_tasks": "low",
    "list_tasks": "never_ask",
    "start_task_agent": "low",
    "update_tasks": "low",
  },
  "poke": {
    "check_notion_page": "low",
    "check_slack_channel": "low",
    "find_workspace_by_connector_id": "low",
    "get_connector_details": "low",
    "get_conversation_details": "low",
    "get_mcp_server_details": "low",
    "get_workspace_agent": "low",
    "get_workspace_credits": "low",
    "get_workspace_feature_flags": "low",
    "get_workspace_members": "low",
    "get_workspace_metadata": "low",
    "get_workspace_plan_and_subscription": "low",
    "get_workspace_skill": "low",
    "get_workspace_spaces": "low",
    "list_data_sources": "low",
    "list_global_agent_feedbacks": "low",
    "list_workspace_agents": "low",
    "list_workspace_groups": "low",
    "list_workspace_skills": "low",
    "search_workspaces": "low",
  },
  "productboard": {
    "create_entity": "low",
    "create_note": "low",
    "get_configuration": "never_ask",
    "get_note": "never_ask",
    "get_relationships": "never_ask",
    "query_entities": "never_ask",
    "query_notes": "never_ask",
    "update_entity": "low",
    "update_note": "low",
  },
  "query_tables_v2": {
    "execute_database_query": "never_ask",
    "get_database_schema": "never_ask",
    "list_tables": "never_ask",
  },
  "run_agent": {
    "run_agent": "never_ask",
  },
  "run_dust_app": {
    "run_dust_app": "never_ask",
  },
  "salesforce": {
    "create_object": "medium",
    "describe_object": "never_ask",
    "execute_read_query": "never_ask",
    "list_attachments": "never_ask",
    "list_objects": "never_ask",
    "read_attachment": "never_ask",
    "update_object": "medium",
  },
  "salesloft": {
    "get_actions": "never_ask",
  },
  "sandbox": {
    "add_egress_domain": "high",
    "bash": "never_ask",
    "describe_toolset": "never_ask",
    "request_egress_domain": "low",
  },
  "sandbox_functions": {
    "call": "low",
    "db_list": "never_ask",
    "db_query": "never_ask",
    "db_reconcile": "never_ask",
    "db_schema": "never_ask",
    "get": "never_ask",
    "inspect_invocations": "never_ask",
    "list": "never_ask",
    "publish": "low",
    "unpublish": "high",
  },
  "search": {
    "semantic_search": "never_ask",
  },
  "servicenow": {
    "create_record": "low",
    "get_record": "never_ask",
    "list_records": "never_ask",
    "update_record": "low",
  },
  "shopify": {
    "list_customers": "never_ask",
    "list_orders": "never_ask",
    "list_products": "never_ask",
  },
  "skill_authoring": {
    "create_skill": "high",
    "get_skill": "never_ask",
    "list_skills": "never_ask",
    "update_skill": "high",
  },
  "skill_management": {
    "enable_skill": "never_ask",
  },
  "slab": {
    "get_post_contents": "never_ask",
    "get_post_metadata": "never_ask",
    "get_topics": "never_ask",
    "search_posts": "never_ask",
  },
  "slack": {
    "add_reaction": "low",
    "archive_channel": "high",
    "create_channel": "high",
    "get_channel_canvases": "never_ask",
    "get_reactions": "never_ask",
    "invite_to_channel": "high",
    "list_messages": "never_ask",
    "list_user_groups": "never_ask",
    "post_message": "medium",
    "read_canvas": "never_ask",
    "read_thread_messages": "never_ask",
    "remove_reaction": "low",
    "schedule_message": "medium",
    "search_channels": "never_ask",
    "search_messages": "never_ask",
    "search_user": "never_ask",
    "semantic_search_messages": "never_ask",
    "set_user_status": "low",
    "write_canvas": "low",
  },
  "slack_bot": {
    "add_reaction": "low",
    "edit_message": "low",
    "list_public_channels": "never_ask",
    "post_message": "low",
    "read_channel_history": "never_ask",
    "read_thread_messages": "never_ask",
    "remove_reaction": "low",
    "search_user": "never_ask",
  },
  "snowflake": {
    "describe_semantic_view": "never_ask",
    "describe_table": "never_ask",
    "list_databases": "never_ask",
    "list_schemas": "never_ask",
    "list_tables": "never_ask",
    "query": "never_ask",
  },
  "sound_studio": {
    "generate_sound_effects": "low",
  },
  "speech_generator": {
    "speech_to_text": "low",
    "text_to_dialogue": "low",
    "text_to_speech": "low",
  },
  "statuspage": {
    "create_incident": "high",
    "get_incident": "never_ask",
    "list_components": "never_ask",
    "list_incidents": "never_ask",
    "list_pages": "never_ask",
    "update_incident": "high",
  },
  "toolsets": {
    "enable": "never_ask",
    "list": "never_ask",
  },
  "triggers_management": {
    "create_event_trigger": "high",
    "create_schedule": "high",
    "disable_trigger": "high",
    "list_event_sources": "never_ask",
    "list_triggers": "never_ask",
  },
  "ukg_ready": {
    "create_pto_request": "low",
    "delete_pto_request": "low",
    "get_accrual_balances": "never_ask",
    "get_employees": "never_ask",
    "get_my_info": "never_ask",
    "get_pto_request_notes": "never_ask",
    "get_pto_requests": "never_ask",
    "get_schedules": "never_ask",
  },
  "user_analytics": {
    "get_personal_usage": "never_ask",
    "get_workspace_activity": "never_ask",
  },
  "user_memory": {
    "edit": "never_ask",
    "read": "never_ask",
  },
  "user_mentions": {
    "get_mention_markdown": "never_ask",
    "search_available_users": "never_ask",
  },
  "val_town": {
    "call_http_endpoint": "low",
    "create_file": "low",
    "create_val": "low",
    "delete_file": "low",
    "get_file_content": "low",
    "get_val": "never_ask",
    "list_val_files": "never_ask",
    "list_vals": "never_ask",
    "search_vals": "never_ask",
    "update_file_content": "low",
    "write_file": "low",
  },
  "vanta": {
    "list_control_documents": "never_ask",
    "list_control_tests": "never_ask",
    "list_controls": "never_ask",
    "list_document_resources": "never_ask",
    "list_documents": "never_ask",
    "list_framework_controls": "never_ask",
    "list_frameworks": "never_ask",
    "list_integrations": "never_ask",
    "list_people": "never_ask",
    "list_risks": "never_ask",
    "list_test_entities": "never_ask",
    "list_tests": "never_ask",
    "list_vulnerabilities": "never_ask",
  },
  "wakeups": {
    "cancel_wakeup": "never_ask",
    "list_wakeups": "never_ask",
    "schedule_wakeup": "high",
  },
  "web_search_&_browse": {
    "webbrowser": "never_ask",
    "websearch": "never_ask",
  },
  "workspace_analytics": {
    "get_agent_details": "never_ask",
    "get_consumption_overview": "never_ask",
    "get_credit_timeseries": "never_ask",
    "get_top_entities_by_credits": "never_ask",
    "get_top_entities_by_execution_count": "never_ask",
    "get_top_entities_by_message_count": "never_ask",
  },
  "workspace_management": {
    "get_agent_details": "never_ask",
    "get_skill_details": "never_ask",
    "list_agents": "never_ask",
    "list_skills": "never_ask",
    "list_workspace_members": "never_ask",
  },
  "zendesk": {
    "draft_reply": "low",
    "get_ticket": "never_ask",
    "list_ticket_fields": "never_ask",
    "post_reply": "high",
    "search_tickets": "never_ask",
    "update_ticket_tags": "low",
  },
}
`;
