// Vitest Snapshot v1, https://vitest.dev/guide/snapshot.html

exports[`MCP Servers Metadata Snapshot > should have stable tool stakes across all servers 1`] = `
{
  "agent_copilot_agent_state": {
    "get_agent_info": "never_ask",
  },
  "agent_copilot_context": {
    "get_agent_feedback": "never_ask",
    "get_agent_insights": "never_ask",
    "get_agent_template": "never_ask",
    "get_available_agents": "never_ask",
    "get_available_knowledge": "never_ask",
    "get_available_models": "never_ask",
    "get_available_skills": "never_ask",
    "get_available_tools": "never_ask",
    "inspect_available_agent": "never_ask",
    "inspect_conversation": "never_ask",
    "inspect_message": "never_ask",
    "list_suggestions": "never_ask",
    "search_agent_templates": "never_ask",
    "search_knowledge": "never_ask",
    "suggest_knowledge": "never_ask",
    "suggest_model": "never_ask",
    "suggest_prompt_edits": "never_ask",
    "suggest_skills": "never_ask",
    "suggest_sub_agent": "never_ask",
    "suggest_tools": "never_ask",
    "update_suggestions_state": "never_ask",
  },
  "agent_management": {
    "create_agent": "high",
  },
  "agent_memory": {
    "compact_memory": "never_ask",
    "edit_entries": "never_ask",
    "erase_entries": "never_ask",
    "record_entries": "never_ask",
    "retrieve": "never_ask",
  },
  "agent_router": {
    "list_all_published_agents": "never_ask",
    "suggest_agents_for_content": "never_ask",
  },
  "ashby": {
    "create_candidate_note": "high",
    "create_referral": "high",
    "get_candidate_notes": "never_ask",
    "get_interview_feedback": "never_ask",
    "get_referral_form": "never_ask",
    "get_report_data": "never_ask",
    "search_candidates": "never_ask",
  },
  "common_utilities": {
    "generate_random_float": "never_ask",
    "generate_random_number": "never_ask",
    "get_current_time": "never_ask",
    "math_operation": "never_ask",
    "wait": "never_ask",
  },
  "confluence": {
    "create_page": "low",
    "get_current_user": "never_ask",
    "get_page": "never_ask",
    "get_pages": "never_ask",
    "get_spaces": "never_ask",
    "update_page": "low",
  },
  "conversation_files": {
    "cat_conversation_file": "never_ask",
    "list_files": "never_ask",
  },
  "data_sources_file_system": {
    "cat": "never_ask",
    "find": "never_ask",
    "list": "never_ask",
    "locate_in_tree": "never_ask",
    "semantic_search": "never_ask",
  },
  "data_warehouses": {
    "describe_tables": "never_ask",
    "find": "never_ask",
    "list": "never_ask",
    "query": "never_ask",
  },
  "databricks": {
    "list_warehouses": "never_ask",
  },
  "extract_data": {
    "extract_information_from_documents": "never_ask",
  },
  "file_generation": {
    "convert_file_format": "never_ask",
    "generate_file": "never_ask",
    "get_supported_source_formats_for_output_format": "never_ask",
  },
  "freshservice": {
    "add_ticket_note": "low",
    "add_ticket_reply": "low",
    "create_solution_article": "high",
    "create_ticket": "low",
    "create_ticket_task": "low",
    "delete_ticket_task": "low",
    "get_canned_response": "never_ask",
    "get_requester": "never_ask",
    "get_service_item": "never_ask",
    "get_service_item_fields": "never_ask",
    "get_solution_article": "never_ask",
    "get_ticket": "never_ask",
    "get_ticket_approval": "never_ask",
    "get_ticket_read_fields": "never_ask",
    "get_ticket_task": "never_ask",
    "get_ticket_write_fields": "never_ask",
    "list_canned_responses": "never_ask",
    "list_departments": "never_ask",
    "list_oncall_schedules": "never_ask",
    "list_products": "never_ask",
    "list_purchase_orders": "never_ask",
    "list_requesters": "never_ask",
    "list_service_categories": "never_ask",
    "list_service_items": "never_ask",
    "list_sla_policies": "never_ask",
    "list_solution_articles": "never_ask",
    "list_solution_categories": "never_ask",
    "list_solution_folders": "never_ask",
    "list_ticket_approvals": "never_ask",
    "list_ticket_tasks": "never_ask",
    "list_tickets": "never_ask",
    "request_service_approval": "low",
    "request_service_item": "low",
    "search_service_items": "never_ask",
    "update_ticket": "low",
    "update_ticket_task": "low",
  },
  "front": {
    "add_comment": "low",
    "add_links": "low",
    "add_tags": "low",
    "assign_conversation": "high",
    "create_conversation": "low",
    "create_draft": "low",
    "get_contact": "never_ask",
    "get_conversation": "never_ask",
    "get_conversation_messages": "never_ask",
    "get_customer_history": "never_ask",
    "list_inboxes": "never_ask",
    "list_tags": "never_ask",
    "list_teammates": "never_ask",
    "search_conversations": "never_ask",
    "send_message": "high",
    "update_conversation_status": "high",
  },
  "github": {
    "add_issue_to_project": "low",
    "comment_on_issue": "low",
    "create_issue": "low",
    "create_pull_request_review": "high",
    "get_issue": "never_ask",
    "get_issue_custom_fields": "never_ask",
    "get_pull_request": "never_ask",
    "list_issues": "never_ask",
    "list_organization_projects": "never_ask",
    "list_pull_requests": "never_ask",
    "search_advanced": "never_ask",
  },
  "gmail": {
    "create_draft": "medium",
    "create_reply_draft": "medium",
    "delete_draft": "high",
    "get_attachment": "never_ask",
    "get_drafts": "never_ask",
    "get_messages": "never_ask",
    "send_mail": "high",
  },
  "google_calendar": {
    "check_availability": "never_ask",
    "create_event": "medium",
    "delete_event": "medium",
    "get_event": "never_ask",
    "get_user_timezones": "never_ask",
    "list_calendars": "never_ask",
    "list_events": "never_ask",
    "update_event": "medium",
  },
  "google_drive": {
    "append_to_spreadsheet": "medium",
    "copy_file": "low",
    "create_comment": "low",
    "create_document": "low",
    "create_presentation": "low",
    "create_reply": "low",
    "create_spreadsheet": "low",
    "get_document_structure": "never_ask",
    "get_file_content": "never_ask",
    "get_presentation_structure": "never_ask",
    "get_spreadsheet": "never_ask",
    "get_worksheet": "never_ask",
    "list_comments": "never_ask",
    "list_drives": "never_ask",
    "search_files": "never_ask",
    "update_document": "medium",
    "update_presentation": "medium",
    "update_spreadsheet": "medium",
  },
  "google_sheets": {
    "add_worksheet": "low",
    "append_data": "low",
    "clear_range": "low",
    "copy_sheet": "low",
    "create_spreadsheet": "low",
    "delete_worksheet": "low",
    "format_cells": "low",
    "get_spreadsheet": "never_ask",
    "get_worksheet": "never_ask",
    "list_spreadsheets": "never_ask",
    "move_worksheet": "low",
    "rename_worksheet": "low",
    "update_cells": "low",
  },
  "http_client": {
    "send_request": "low",
    "webbrowser": "never_ask",
    "websearch": "never_ask",
  },
  "hubspot": {
    "count_objects_by_properties": "never_ask",
    "create_association": "high",
    "create_communication": "high",
    "create_company": "high",
    "create_contact": "high",
    "create_deal": "high",
    "create_lead": "high",
    "create_meeting": "high",
    "create_note": "high",
    "create_task": "high",
    "export_crm_objects_csv": "never_ask",
    "get_associated_meetings": "never_ask",
    "get_company": "never_ask",
    "get_contact": "never_ask",
    "get_current_user_id": "never_ask",
    "get_deal": "never_ask",
    "get_file_public_url": "never_ask",
    "get_hubspot_link": "never_ask",
    "get_hubspot_portal_id": "never_ask",
    "get_latest_objects": "never_ask",
    "get_meeting": "never_ask",
    "get_object_by_email": "never_ask",
    "get_object_properties": "never_ask",
    "get_user_activity": "never_ask",
    "list_associations": "never_ask",
    "list_owners": "never_ask",
    "remove_association": "high",
    "search_crm_objects": "never_ask",
    "search_owners": "never_ask",
    "update_company": "high",
    "update_contact": "high",
    "update_deal": "high",
  },
  "image_generation": {
    "generate_image": "never_ask",
  },
  "include_data": {
    "retrieve_recent_documents": "never_ask",
  },
  "interactive_content": {
    "create_interactive_content_file": "never_ask",
    "edit_interactive_content_file": "never_ask",
    "get_interactive_content_file_share_url": "never_ask",
    "rename_interactive_content_file": "never_ask",
    "retrieve_interactive_content_file": "never_ask",
    "revert_interactive_content_file": "never_ask",
  },
  "jira": {
    "create_comment": "low",
    "create_issue": "low",
    "create_issue_link": "low",
    "delete_issue_link": "low",
    "get_attachments": "never_ask",
    "get_connection_info": "never_ask",
    "get_issue": "never_ask",
    "get_issue_create_fields": "never_ask",
    "get_issue_link_types": "never_ask",
    "get_issue_read_fields": "never_ask",
    "get_issue_types": "never_ask",
    "get_issues": "never_ask",
    "get_issues_using_jql": "never_ask",
    "get_project": "never_ask",
    "get_project_versions": "never_ask",
    "get_projects": "never_ask",
    "get_transitions": "never_ask",
    "get_users": "never_ask",
    "read_attachment": "never_ask",
    "transition_issue": "low",
    "update_issue": "low",
    "upload_attachment": "low",
  },
  "jit_testing": {
    "jit_all_optionals_and_defaults": "high",
  },
  "microsoft_drive": {
    "copy_file": "never_ask",
    "get_file_content": "never_ask",
    "search_drive_items": "never_ask",
    "search_in_files": "never_ask",
    "update_word_document": "high",
    "upload_file": "high",
  },
  "microsoft_excel": {
    "clear_range": "high",
    "create_worksheet": "low",
    "get_worksheets": "never_ask",
    "list_excel_files": "never_ask",
    "read_worksheet": "never_ask",
    "write_worksheet": "high",
  },
  "microsoft_teams": {
    "list_channels": "never_ask",
    "list_chats": "never_ask",
    "list_messages": "never_ask",
    "list_teams": "never_ask",
    "list_users": "never_ask",
    "post_message": "medium",
    "search_messages_content": "never_ask",
  },
  "missing_action_catcher": {},
  "monday": {
    "create_board": "high",
    "create_column": "high",
    "create_group": "high",
    "create_item": "high",
    "create_multiple_items": "high",
    "create_subitem": "high",
    "create_update": "high",
    "delete_group": "high",
    "delete_item": "high",
    "duplicate_group": "high",
    "find_user_by_name": "never_ask",
    "get_activity_logs": "never_ask",
    "get_board_analytics": "never_ask",
    "get_board_items": "never_ask",
    "get_board_values": "never_ask",
    "get_boards": "never_ask",
    "get_column_values": "never_ask",
    "get_file_column_values": "never_ask",
    "get_group_details": "never_ask",
    "get_item_details": "never_ask",
    "get_items_by_column_value": "never_ask",
    "get_subitem_values": "never_ask",
    "get_user_details": "never_ask",
    "move_item_to_board": "high",
    "search_items": "never_ask",
    "update_item": "high",
    "update_item_name": "high",
    "update_subitem": "high",
    "upload_file_to_column": "high",
  },
  "notion": {
    "add_page_content": "low",
    "create_comment": "low",
    "create_database": "low",
    "create_page": "low",
    "delete_block": "low",
    "delete_page": "low",
    "fetch_comments": "never_ask",
    "get_about_user": "never_ask",
    "insert_row_into_database": "low",
    "list_users": "never_ask",
    "query_database": "never_ask",
    "retrieve_block": "never_ask",
    "retrieve_block_children": "never_ask",
    "retrieve_database_content": "never_ask",
    "retrieve_database_schema": "never_ask",
    "retrieve_page": "never_ask",
    "search": "never_ask",
    "update_page": "low",
    "update_row_database": "low",
    "update_schema_database": "low",
  },
  "openai_usage": {
    "get_completions_usage": "low",
    "get_organization_costs": "low",
  },
  "outlook": {
    "create_contact": "high",
    "create_draft": "medium",
    "create_reply_draft": "medium",
    "delete_draft": "low",
    "get_contacts": "never_ask",
    "get_drafts": "never_ask",
    "get_messages": "never_ask",
    "update_contact": "high",
  },
  "outlook_calendar": {
    "check_availability": "never_ask",
    "check_self_availability": "never_ask",
    "create_event": "low",
    "delete_event": "low",
    "get_event": "never_ask",
    "get_user_timezone": "never_ask",
    "list_calendars": "never_ask",
    "list_events": "never_ask",
    "update_event": "low",
  },
  "primitive_types_debugger": {
    "pass_through": "high",
    "tool_without_user_config": "high",
  },
  "productboard": {
    "create_entity": "low",
    "create_note": "low",
    "get_configuration": "never_ask",
    "get_note": "never_ask",
    "get_relationships": "never_ask",
    "query_entities": "never_ask",
    "query_notes": "never_ask",
    "update_entity": "low",
    "update_note": "low",
  },
  "project_conversation": {
    "create_conversation": "low",
  },
  "project_manager": {
    "add_file": "low",
    "edit_description": "low",
    "get_information": "never_ask",
    "list_unread": "never_ask",
    "update_file": "medium",
  },
  "query_tables_v2": {
    "execute_database_query": "never_ask",
    "get_database_schema": "never_ask",
  },
  "run_agent": {
    "run_agent": "never_ask",
  },
  "run_dust_app": {
    "run_dust_app": "never_ask",
  },
  "salesforce": {
    "describe_object": "never_ask",
    "execute_read_query": "never_ask",
    "list_attachments": "never_ask",
    "list_objects": "never_ask",
    "read_attachment": "never_ask",
    "update_object": "high",
  },
  "salesloft": {
    "get_actions": "never_ask",
  },
  "sandbox": {
    "execute": "low",
    "list_files": "never_ask",
    "read_file": "never_ask",
    "write_file": "low",
  },
  "schedules_management": {
    "create_schedule": "high",
    "disable_schedule": "high",
    "list_schedules": "never_ask",
  },
  "search": {
    "semantic_search": "never_ask",
  },
  "skill_management": {
    "enable_skill": "never_ask",
  },
  "slab": {
    "get_post_contents": "never_ask",
    "get_post_metadata": "never_ask",
    "get_topics": "never_ask",
    "search_posts": "never_ask",
  },
  "slack": {
    "list_messages": "never_ask",
    "list_user_groups": "never_ask",
    "post_message": "medium",
    "read_thread_messages": "never_ask",
    "schedule_message": "medium",
    "search_channels": "never_ask",
    "search_messages": "never_ask",
    "search_user": "never_ask",
    "semantic_search_messages": "never_ask",
  },
  "slack_bot": {
    "add_reaction": "low",
    "list_public_channels": "never_ask",
    "list_user_groups": "never_ask",
    "post_message": "low",
    "read_channel_history": "never_ask",
    "read_thread_messages": "never_ask",
    "remove_reaction": "low",
    "search_user": "never_ask",
  },
  "slideshow": {
    "create_slideshow_file": "never_ask",
    "edit_slideshow_file": "never_ask",
    "retrieve_slideshow_file": "never_ask",
  },
  "snowflake": {
    "describe_table": "never_ask",
    "list_databases": "never_ask",
    "list_schemas": "never_ask",
    "list_tables": "never_ask",
    "query": "never_ask",
  },
  "sound_studio": {
    "generate_sound_effects": "low",
  },
  "speech_generator": {
    "text_to_dialogue": "low",
    "text_to_speech": "low",
  },
  "statuspage": {
    "create_incident": "high",
    "get_incident": "never_ask",
    "list_components": "never_ask",
    "list_incidents": "never_ask",
    "list_pages": "never_ask",
    "update_incident": "high",
  },
  "toolsets": {
    "enable": "never_ask",
    "list": "never_ask",
  },
  "ukg_ready": {
    "create_pto_request": "low",
    "delete_pto_request": "low",
    "get_accrual_balances": "never_ask",
    "get_employees": "never_ask",
    "get_my_info": "never_ask",
    "get_pto_request_notes": "never_ask",
    "get_pto_requests": "never_ask",
    "get_schedules": "never_ask",
  },
  "user_mentions": {
    "get_mention_markdown": "never_ask",
    "search_available_users": "never_ask",
  },
  "val_town": {
    "call_http_endpoint": "low",
    "create_file": "low",
    "create_val": "low",
    "delete_file": "low",
    "get_file_content": "low",
    "get_val": "never_ask",
    "list_val_files": "never_ask",
    "list_vals": "never_ask",
    "search_vals": "never_ask",
    "update_file_content": "low",
    "write_file": "low",
  },
  "vanta": {
    "list_control_documents": "never_ask",
    "list_control_tests": "never_ask",
    "list_controls": "never_ask",
    "list_document_resources": "never_ask",
    "list_documents": "never_ask",
    "list_framework_controls": "never_ask",
    "list_frameworks": "never_ask",
    "list_integrations": "never_ask",
    "list_people": "never_ask",
    "list_risks": "never_ask",
    "list_test_entities": "never_ask",
    "list_tests": "never_ask",
    "list_vulnerabilities": "never_ask",
  },
  "web_search_&_browse": {
    "webbrowser": "never_ask",
    "websearch": "never_ask",
  },
  "zendesk": {
    "draft_reply": "low",
    "get_ticket": "never_ask",
    "list_ticket_fields": "never_ask",
    "search_tickets": "never_ask",
  },
}
`;
